<html>
<body>
<pre>
<h1>礦ision Build Log</h1>
<h2>Project:</h2>
E:\github\ElectronicDesignContest\UpperMachine\资源材料\原子论坛\基于战舰STM32开发简易直流电机速度环PID闭环控制\JasonLin\USER\JasonLinTest.uvproj
Project File Date:  07/20/2015

<h2>Output:</h2>
Build target 'Template'
compiling core_cm3.c...
assembling startup_stm32f10x_hd.s...
compiling misc.c...
compiling stm32f10x_adc.c...
compiling stm32f10x_bkp.c...
compiling stm32f10x_can.c...
compiling stm32f10x_cec.c...
compiling stm32f10x_crc.c...
compiling stm32f10x_dac.c...
compiling stm32f10x_dbgmcu.c...
compiling stm32f10x_dma.c...
compiling stm32f10x_exti.c...
compiling stm32f10x_flash.c...
compiling stm32f10x_fsmc.c...
compiling stm32f10x_gpio.c...
compiling stm32f10x_i2c.c...
compiling stm32f10x_iwdg.c...
compiling stm32f10x_pwr.c...
compiling stm32f10x_rcc.c...
compiling stm32f10x_rtc.c...
compiling stm32f10x_sdio.c...
compiling stm32f10x_spi.c...
compiling stm32f10x_tim.c...
compiling stm32f10x_usart.c...
compiling stm32f10x_wwdg.c...
compiling main.c...
..\UserFunction\UserFunction.h(66): warning:  #1-D: last line of file ends without a newline
   
main.c: 1 warning, 0 errors
compiling stm32f10x_it.c...
..\UserFunction\UserFunction.h(66): warning:  #1-D: last line of file ends without a newline
   
stm32f10x_it.c: 1 warning, 0 errors
compiling system_stm32f10x.c...
compiling UserTIM.c...
compiling UserNVIC.c...
compiling GetEncoder.c...
compiling PidContoller.c...
..\UserFunction\UserFunction.h(66): warning:  #1-D: last line of file ends without a newline
   
..\UserFunction\PidContoller.c: 1 warning, 0 errors
compiling lcd.c...
compiling UserDelay.c...
compiling led.c...
linking...
Program Size: Code=11304 RO-data=336 RW-data=116 ZI-data=1868  
FromELF: creating hex file...
"..\OBJ\JasonLinTest.axf" - 0 Error(s), 3 Warning(s).
Load "..\\OBJ\\JasonLinTest.axf" 
Set JLink Project File to "E:\github\ElectronicDesignContest\UpperMachine\资源材料\原子论坛\基于战舰STM32开发简易直流电机速度环PID闭环控制\JasonLin\USER\JLinkSettings.ini"
* JLink Info: Device "STM32F103ZE" selected (512 KB flash, 64 KB RAM).
 
JLink info:
------------
DLL: V4.80g, compiled Feb 13 2014 20:50:02
Firmware: J-Link ARM V8 compiled Nov 25 2013 19:20:08
Hardware: V8.00
S/N : 99999994 
Feature(s) : RDI,FlashDL,FlashBP,JFlash,GDBFULL 
 
* JLink Info: STM32F1xxx: Can not attach to CPU. Trying connect under reset.
Error: Flash Download failed  -  Target DLL has been cancelled
Load "..\\OBJ\\JasonLinTest.axf" 
Set JLink Project File to "E:\github\ElectronicDesignContest\UpperMachine\资源材料\原子论坛\基于战舰STM32开发简易直流电机速度环PID闭环控制\JasonLin\USER\JLinkSettings.ini"
* JLink Info: Device "STM32F103ZE" selected (512 KB flash, 64 KB RAM).
 
JLink info:
------------
DLL: V4.80g, compiled Feb 13 2014 20:50:02
Firmware: J-Link ARM V8 compiled Nov 25 2013 19:20:08
Hardware: V8.00
S/N : 99999994 
Feature(s) : RDI,FlashDL,FlashBP,JFlash,GDBFULL 
 
* JLink Info: STM32F1xxx: Can not attach to CPU. Trying connect under reset.
Error: Flash Download failed  -  Target DLL has been cancelled
Load "..\\OBJ\\JasonLinTest.axf" 
Set JLink Project File to "E:\github\ElectronicDesignContest\UpperMachine\资源材料\原子论坛\基于战舰STM32开发简易直流电机速度环PID闭环控制\JasonLin\USER\JLinkSettings.ini"
* JLink Info: Device "STM32F103ZE" selected (512 KB flash, 64 KB RAM).
 
JLink info:
------------
DLL: V4.80g, compiled Feb 13 2014 20:50:02
Firmware: J-Link ARM V8 compiled Nov 25 2013 19:20:08
Hardware: V8.00
S/N : 99999994 
Feature(s) : RDI,FlashDL,FlashBP,JFlash,GDBFULL 
 
* JLink Info: STM32F1xxx: Can not attach to CPU. Trying connect under reset.
Error: Flash Download failed  -  Target DLL has been cancelled
Load "..\\OBJ\\JasonLinTest.axf" 
Set JLink Project File to "E:\github\ElectronicDesignContest\UpperMachine\资源材料\原子论坛\基于战舰STM32开发简易直流电机速度环PID闭环控制\JasonLin\USER\JLinkSettings.ini"
* JLink Info: Device "STM32F103ZE" selected (512 KB flash, 64 KB RAM).
 
JLink info:
------------
DLL: V4.80g, compiled Feb 13 2014 20:50:02
Firmware: J-Link ARM V8 compiled Nov 25 2013 19:20:08
Hardware: V8.00
S/N : 99999994 
Feature(s) : RDI,FlashDL,FlashBP,JFlash,GDBFULL 
 
* JLink Info: Could not measure total IR len. TDO is constant high.
* JLink Info: STM32F1xxx: Can not attach to CPU. Trying connect under reset.
* JLink Info: Could not measure total IR len. TDO is constant high.
Error: Flash Download failed  -  Target DLL has been cancelled
Load "..\\OBJ\\JasonLinTest.axf" 
Set JLink Project File to "E:\github\ElectronicDesignContest\UpperMachine\资源材料\原子论坛\基于战舰STM32开发简易直流电机速度环PID闭环控制\JasonLin\USER\JLinkSettings.ini"
* JLink Info: Device "STM32F103ZE" selected (512 KB flash, 64 KB RAM).
 
JLink info:
------------
DLL: V4.80g, compiled Feb 13 2014 20:50:02
Firmware: J-Link ARM V8 compiled Nov 25 2013 19:20:08
Hardware: V8.00
S/N : 99999994 
Feature(s) : RDI,FlashDL,FlashBP,JFlash,GDBFULL 
 
* JLink Info: TotalIRLen = 9, IRPrint = 0x0011
* JLink Info: TotalIRLen = 9, IRPrint = 0x0011
* JLink Info: Found Cortex-M3 r1p1, Little endian.
* JLink Info: FPUnit: 6 code (BP) slots and 2 literal slots
* JLink Info: TPIU fitted.
* JLink Info: ETM fitted.
ROMTableAddr = 0xE00FF003
 
Target info:
------------
Device: STM32F103ZE
VTarget = 3.235V
State of Pins: 
TCK: 1, TDI: 0, TDO: 1, TMS: 0, TRES: 1, TRST: 1
Hardware-Breakpoints: 6
Software-Breakpoints: 8192
Watchpoints:          4
JTAG speed: 9600 kHz
 
Erase Done.
Programming Done.
Verify OK.
