<html>
<body>
<pre>
<h1>礦ision Build Log</h1>
<h2>Project:</h2>
E:\github\ElectronicDesignContest\UpperMachine\资源材料\孙浩学长资料\学长资料\资料\国赛备赛完整版\USER\TEST.uvproj
Project File Date:  07/18/2015

<h2>Output:</h2>
Build target 'Target 1'
compiling main.c...
compiling Compare.c...
compiling delay.c...
compiling pwm.c...
compiling sys.c...
compiling usart.c...
compiling i2c.c...
compiling adc.c...
compiling spi.c...
compiling timer.c...
compiling misc.c...
compiling stm32f10x_adc.c...
compiling stm32f10x_bkp.c...
compiling stm32f10x_can.c...
compiling stm32f10x_cec.c...
compiling stm32f10x_crc.c...
compiling stm32f10x_dac.c...
compiling stm32f10x_dbgmcu.c...
compiling stm32f10x_dma.c...
compiling stm32f10x_exti.c...
compiling stm32f10x_flash.c...
compiling stm32f10x_fsmc.c...
compiling stm32f10x_gpio.c...
compiling stm32f10x_i2c.c...
compiling stm32f10x_iwdg.c...
compiling stm32f10x_pwr.c...
compiling stm32f10x_rcc.c...
compiling stm32f10x_rtc.c...
compiling stm32f10x_sdio.c...
compiling stm32f10x_spi.c...
compiling stm32f10x_tim.c...
compiling stm32f10x_usart.c...
compiling stm32f10x_wwdg.c...
compiling core_cm3.c...
compiling system_stm32f10x.c...
assembling startup_stm32f10x_hd.s...
compiling car.c...
compiling ADXL345.c...
compiling bh175.c...
compiling color_det.c...
compiling ultrasonic_sensor.c...
compiling 12864.c...
compiling bianma.c...
compiling xiaoche.c...
compiling cc1100.c...
compiling pinghengche.c...
compiling ad1549.c...
compiling yaokongqi.c...
compiling color_convert.c...
compiling color_del.c...
compiling lcd.c...
linking...
Program Size: Code=17516 RO-data=336 RW-data=100 ZI-data=1076  
FromELF: creating hex file...
"..\LISTING\TEST.axf" - 0 Error(s), 0 Warning(s).
</pre>
</body>
</html>
