Product: MDK-ARM Professional 5.10
Component: ARM Compiler 5.04 update 1 (build 49)
Tool: armlink [5040049]

==============================================================================

Section Cross References

    main.o(.text) refers to ili9320.o(.text) for ili9320_Initializtion
    main.o(.text) refers to init.o(.text) for Init
    main.o(.text) refers to menu.o(.text) for MainMenu
    main.o(.text) refers to delay.o(.text) for delay_ms
    main.o(.text) refers to inv_mpu.o(.text) for mpu_dmp_init
    main.o(.text) refers to key.o(.text) for KEY_Scan
    main.o(.text) refers to mytask.o(.text) for Perform_BaseTask1
    main.o(.text) refers to ili9320.o(.data) for POINT_COLOR
    system_stm32f10x.o(.text) refers to system_stm32f10x.o(.data) for SystemCoreClock
    mytask.o(.text) refers to ili9320.o(.text) for LCD_ShowNum
    mytask.o(.text) refers to key.o(.text) for KEY_Scan
    mytask.o(.text) refers to delay.o(.text) for delay_ms
    mytask.o(.text) refers to menu.o(.text) for MainMenu
    init.o(.text) refers to delay.o(.text) for delay_init
    init.o(.text) refers to misc.o(.text) for NVIC_PriorityGroupConfig
    init.o(.text) refers to usart.o(.text) for uart_init
    init.o(.text) refers to led.o(.text) for LED_Init
    init.o(.text) refers to key.o(.text) for KEY_Init
    init.o(.text) refers to rtc.o(.text) for RTC_Init
    init.o(.text) refers to beep.o(.text) for BEEP_Init
    init.o(.text) refers to timebase.o(.text) for TB_Init
    init.o(.text) refers to mpu6050.o(.text) for MPU_Init
    init.o(.text) refers to usmart_config.o(.data) for usmart_dev
    menu.o(.text) refers to ili9320.o(.text) for LCD_ShowString
    menu.o(.text) refers to ili9320.o(.data) for POINT_COLOR
    led.o(.text) refers to stm32f10x_rcc.o(.text) for RCC_APB2PeriphClockCmd
    led.o(.text) refers to stm32f10x_gpio.o(.text) for GPIO_Init
    key.o(.text) refers to stm32f10x_rcc.o(.text) for RCC_APB2PeriphClockCmd
    key.o(.text) refers to stm32f10x_gpio.o(.text) for GPIO_Init
    key.o(.text) refers to delay.o(.text) for delay_ms
    key.o(.text) refers to key.o(.data) for key_up
    spi.o(.text) refers to stm32f10x_spi.o(.text) for SPI_I2S_GetFlagStatus
    spi.o(.text) refers to stm32f10x_rcc.o(.text) for RCC_APB2PeriphClockCmd
    spi.o(.text) refers to stm32f10x_gpio.o(.text) for GPIO_Init
    24l01.o(.text) refers to stm32f10x_rcc.o(.text) for RCC_APB2PeriphClockCmd
    24l01.o(.text) refers to stm32f10x_gpio.o(.text) for GPIO_Init
    24l01.o(.text) refers to spi.o(.text) for SPI2_Init
    24l01.o(.text) refers to stm32f10x_spi.o(.text) for SPI_Cmd
    24l01.o(.text) refers to 24l01.o(.constdata) for RX_ADDRESS
    motor.o(.text) refers to stm32f10x_rcc.o(.text) for RCC_APB1PeriphClockCmd
    motor.o(.text) refers to stm32f10x_gpio.o(.text) for GPIO_Init
    motor.o(.text) refers to stm32f10x_tim.o(.text) for TIM_TimeBaseInit
    motor.o(.text) refers to motor.o(.data) for PrescalerValue
    timebase.o(.text) refers to stm32f10x_rcc.o(.text) for RCC_APB1PeriphClockCmd
    timebase.o(.text) refers to stm32f10x_tim.o(.text) for TIM_TimeBaseInit
    timebase.o(.text) refers to misc.o(.text) for NVIC_Init
    timebase.o(.text) refers to timebase.o(.data) for hTimebase_Delay_Time
    encoder.o(.text) refers to stm32f10x_tim.o(.text) for TIM_GetCounter
    encoder.o(.text) refers to dflt_clz.o(x$fpl$dfltu) for __aeabi_ui2d
    encoder.o(.text) refers to ddiv.o(x$fpl$ddiv) for __aeabi_ddiv
    encoder.o(.text) refers to dmul.o(x$fpl$dmul) for __aeabi_dmul
    encoder.o(.text) refers to dflt_clz.o(x$fpl$dflt) for __aeabi_i2d
    encoder.o(.text) refers to daddsub_clz.o(x$fpl$dsub) for __aeabi_dsub
    encoder.o(.text) refers to daddsub_clz.o(x$fpl$dadd) for __aeabi_dadd
    encoder.o(.text) refers to fflt_clz.o(x$fpl$ffltu) for __aeabi_ui2f
    encoder.o(.text) refers to f2d.o(x$fpl$f2d) for __aeabi_f2d
    encoder.o(.text) refers to encoder.o(.bss) for hSpeed_Buffer
    encoder.o(.text) refers to encoder.o(.data) for bIs_First_Measurement
    encoder.o(.text) refers to deqf.o(x$fpl$deqf) for __aeabi_cdcmpeq
    rtc.o(.text) refers to _printf_percent.o(.ARM.Collect$$_printf_percent$$00000000) for _printf_percent
    rtc.o(.text) refers to _printf_d.o(.ARM.Collect$$_printf_percent$$00000009) for _printf_d
    rtc.o(.text) refers to _printf_dec.o(.text) for _printf_int_dec
    rtc.o(.text) refers to misc.o(.text) for NVIC_Init
    rtc.o(.text) refers to stm32f10x_rtc.o(.text) for RTC_GetCounter
    rtc.o(.text) refers to stm32f10x_rcc.o(.text) for RCC_APB1PeriphClockCmd
    rtc.o(.text) refers to stm32f10x_pwr.o(.text) for PWR_BackupAccessCmd
    rtc.o(.text) refers to stm32f10x_bkp.o(.text) for BKP_ReadBackupRegister
    rtc.o(.text) refers to delay.o(.text) for delay_ms
    rtc.o(.text) refers to noretval__2printf.o(.text) for __2printf
    rtc.o(.text) refers to rtc.o(.constdata) for table_week
    rtc.o(.text) refers to rtc.o(.data) for daycnt
    rtc.o(.text) refers to rtc.o(.bss) for calendar
[...]
    Perform_ExertTask1                       0x080006b1   Thumb Code    64  mytask.o(.text)
    Init                                     0x080006f1   Thumb Code    62  init.o(.text)
    MainMenu                                 0x08000735   Thumb Code   192  menu.o(.text)
    StateMenu                                0x080007f5   Thumb Code   202  menu.o(.text)
    TASTMenu                                 0x080008bf   Thumb Code   346  menu.o(.text)
    TAST1_Menu                               0x08000a19   Thumb Code   140  menu.o(.text)
    TAST2_Menu                               0x08000aa5   Thumb Code   596  menu.o(.text)
    TAST3_Menu                               0x08000cf9   Thumb Code   144  menu.o(.text)
    TAST4_Menu                               0x08000d89   Thumb Code   144  menu.o(.text)
    TAST5_Menu                               0x08000e19   Thumb Code   144  menu.o(.text)
    LED_Init                                 0x08000ed1   Thumb Code    78  led.o(.text)
    KEY_Init                                 0x08000f29   Thumb Code    98  key.o(.text)
    KEY_Scan                                 0x08000f8b   Thumb Code   428  key.o(.text)
    TB_Init                                  0x0800114d   Thumb Code    90  timebase.o(.text)
    TB_SetDelay_Time                         0x080011a7   Thumb Code     6  timebase.o(.text)
    TB_Delay_IsElapsed                       0x080011ad   Thumb Code    14  timebase.o(.text)
    TB_SetMain_Time                          0x080011bb   Thumb Code     6  timebase.o(.text)
    TB_Main_isElapsed                        0x080011c1   Thumb Code    14  timebase.o(.text)
    TB_SetUart_Time                          0x080011cf   Thumb Code     6  timebase.o(.text)
    TB_Uart_isElapsed                        0x080011d5   Thumb Code    14  timebase.o(.text)
    TB_SetEnc_Time                           0x080011e3   Thumb Code     6  timebase.o(.text)
    TB_Enc_IsElapsed                         0x080011e9   Thumb Code    14  timebase.o(.text)
    TB_SetTB6560_Time                        0x080011f7   Thumb Code     6  timebase.o(.text)
    TB_TB6560_IsElapsed                      0x080011fd   Thumb Code    14  timebase.o(.text)
    TB_SetSpeedPIDDelay_Time                 0x0800120b   Thumb Code     6  timebase.o(.text)
    TB_SpeedPIDDelay_IsElapsed               0x08001211   Thumb Code    14  timebase.o(.text)
    TB_SetLed_Time                           0x0800121f   Thumb Code     6  timebase.o(.text)
    TB_SetLed_IsElapsed                      0x08001225   Thumb Code    14  timebase.o(.text)
    TIM7_IRQHandler                          0x08001233   Thumb Code   114  timebase.o(.text)
    ENC_Clear_Speed_Buffer                   0x080012c9   Thumb Code    30  encoder.o(.text)
    Encoder_Init                             0x080012e7   Thumb Code   282  encoder.o(.text)
    Encoder_Get_Counter                      0x08001401   Thumb Code     8  encoder.o(.text)
    ENC_Get_Electrical_Angle                 0x08001409   Thumb Code    62  encoder.o(.text)
    ENC_Calc_Rot_Speed                       0x08001447   Thumb Code   362  encoder.o(.text)
    ENC_Calc_Average_Speed                   0x080015b1   Thumb Code   130  encoder.o(.text)
    ENC_Calc_Position                        0x08001633   Thumb Code    66  encoder.o(.text)
    ENC_Get_AnglularPosition                 0x08001675   Thumb Code   184  encoder.o(.text)
    ENC_Get_TimerCounter                     0x0800172d   Thumb Code    66  encoder.o(.text)
    TIM3_IRQHandler                          0x0800176f   Thumb Code   146  encoder.o(.text)
    RTC_Get_Week                             0x08001845   Thumb Code   116  rtc.o(.text)
    Is_Leap_Year                             0x080018b9   Thumb Code    58  rtc.o(.text)
    RTC_Get                                  0x080018f3   Thumb Code   240  rtc.o(.text)
    RTC_Set                                  0x080019e3   Thumb Code   184  rtc.o(.text)
    RTC_Init                                 0x08001a9b   Thumb Code   192  rtc.o(.text)
    RTC_IRQHandler                           0x08001b5b   Thumb Code    76  rtc.o(.text)
    RTC_Alarm_Set                            0x08001ba7   Thumb Code   184  rtc.o(.text)
    MPU_Write_Byte                           0x08001c9d   Thumb Code    68  mpu6050.o(.text)
    MPU_Set_LPF                              0x08001ce1   Thumb Code    58  mpu6050.o(.text)
    MPU_Set_Rate                             0x08001d1b   Thumb Code    58  mpu6050.o(.text)
    MPU_Read_Byte                            0x08001d55   Thumb Code    58  mpu6050.o(.text)
    MPU_Set_Accel_Fsr                        0x08001d8f   Thumb Code    16  mpu6050.o(.text)
    MPU_Set_Gyro_Fsr                         0x08001d9f   Thumb Code    16  mpu6050.o(.text)
    MPU_Init                                 0x08001daf   Thumb Code   180  mpu6050.o(.text)
    MPU_Read_Len                             0x08001e63   Thumb Code   116  mpu6050.o(.text)
    MPU_Get_Temperature                      0x08001ed7   Thumb Code    86  mpu6050.o(.text)
    MPU_Get_Gyroscope                        0x08001f2d   Thumb Code    80  mpu6050.o(.text)
    MPU_Get_Accelerometer                    0x08001f7d   Thumb Code    80  mpu6050.o(.text)
    MPU_Write_Len                            0x08001fcd   Thumb Code    96  mpu6050.o(.text)
    MPU_IIC_Delay                            0x08002049   Thumb Code    10  mpuiic.o(.text)
    MPU_IIC_Init                             0x08002053   Thumb Code    46  mpuiic.o(.text)
    MPU_IIC_Start                            0x08002081   Thumb Code    60  mpuiic.o(.text)
    MPU_IIC_Stop                             0x080020bd   Thumb Code    62  mpuiic.o(.text)
    MPU_IIC_Wait_Ack                         0x080020fb   Thumb Code    86  mpuiic.o(.text)
    MPU_IIC_Ack                              0x08002151   Thumb Code    66  mpuiic.o(.text)
    MPU_IIC_NAck                             0x08002193   Thumb Code    66  mpuiic.o(.text)
    MPU_IIC_Send_Byte                        0x080021d5   Thumb Code    82  mpuiic.o(.text)
    MPU_IIC_Read_Byte                        0x08002227   Thumb Code    96  mpuiic.o(.text)
    dmp_load_motion_driver_firmware          0x08002295   Thumb Code    20  inv_mpu_dmp_motion_driver.o(.text)
    dmp_set_orientation                      0x080022a9   Thumb Code   290  inv_mpu_dmp_motion_driver.o(.text)
    dmp_set_gyro_bias                        0x080023cb   Thumb Code   294  inv_mpu_dmp_motion_driver.o(.text)
    dmp_set_accel_bias                       0x080024f1   Thumb Code   300  inv_mpu_dmp_motion_driver.o(.text)
    dmp_set_fifo_rate                        0x0800261d   Thumb Code   136  inv_mpu_dmp_motion_driver.o(.text)
    dmp_get_fifo_rate                        0x080026a5   Thumb Code    12  inv_mpu_dmp_motion_driver.o(.text)
    dmp_set_tap_thresh                       0x080026b1   Thumb Code   396  inv_mpu_dmp_motion_driver.o(.text)
    dmp_set_tap_axes                         0x0800283d   Thumb Code    70  inv_mpu_dmp_motion_driver.o(.text)
    dmp_set_tap_count                        0x08002883   Thumb Code    38  inv_mpu_dmp_motion_driver.o(.text)
    dmp_set_tap_time                         0x080028a9   Thumb Code    38  inv_mpu_dmp_motion_driver.o(.text)
    dmp_set_tap_time_multi                   0x080028cf   Thumb Code    38  inv_mpu_dmp_motion_driver.o(.text)
    dmp_set_shake_reject_thresh              0x080028f5   Thumb Code    56  inv_mpu_dmp_motion_driver.o(.text)
    dmp_set_shake_reject_time                0x0800292d   Thumb Code    38  inv_mpu_dmp_motion_driver.o(.text)
    dmp_set_shake_reject_timeout             0x08002953   Thumb Code    38  inv_mpu_dmp_motion_driver.o(.text)
    dmp_get_pedometer_step_count             0x08002979   Thumb Code    66  inv_mpu_dmp_motion_driver.o(.text)
    dmp_set_pedometer_step_count             0x080029bb   Thumb Code    42  inv_mpu_dmp_motion_driver.o(.text)
    dmp_get_pedometer_walk_time              0x080029e5   Thumb Code    72  inv_mpu_dmp_motion_driver.o(.text)
    dmp_set_pedometer_walk_time              0x08002a2d   Thumb Code    48  inv_mpu_dmp_motion_driver.o(.text)
    dmp_enable_6x_lp_quat                    0x08002a5d   Thumb Code    84  inv_mpu_dmp_motion_driver.o(.text)
    dmp_enable_lp_quat                       0x08002ab1   Thumb Code    60  inv_mpu_dmp_motion_driver.o(.text)
    dmp_enable_gyro_cal                      0x08002aed   Thumb Code    62  inv_mpu_dmp_motion_driver.o(.text)
    dmp_enable_feature                       0x08002b2b   Thumb Code   530  inv_mpu_dmp_motion_driver.o(.text)
    dmp_get_enabled_features                 0x08002d3d   Thumb Code    12  inv_mpu_dmp_motion_driver.o(.text)
    dmp_set_interrupt_mode                   0x08002da7   Thumb Code    66  inv_mpu_dmp_motion_driver.o(.text)
    dmp_read_fifo                            0x08002de9   Thumb Code   514  inv_mpu_dmp_motion_driver.o(.text)
    dmp_register_tap_cb                      0x08002feb   Thumb Code    10  inv_mpu_dmp_motion_driver.o(.text)
    dmp_register_android_orient_cb           0x08002ff5   Thumb Code    10  inv_mpu_dmp_motion_driver.o(.text)
    mpu_reg_dump                             0x0800308f   Thumb Code    84  inv_mpu.o(.text)
    mpu_read_reg                             0x080030e3   Thumb Code    66  inv_mpu.o(.text)
    mpu_set_int_latched                      0x08003125   Thumb Code   102  inv_mpu.o(.text)
    mpu_set_sensors                          0x0800318b   Thumb Code   202  inv_mpu.o(.text)
    mpu_set_bypass                           0x08003255   Thumb Code   328  inv_mpu.o(.text)
    mpu_reset_fifo                           0x0800339d   Thumb Code   472  inv_mpu.o(.text)
    mpu_configure_fifo                       0x08003575   Thumb Code   106  inv_mpu.o(.text)
    mpu_set_lpf                              0x080035df   Thumb Code   126  inv_mpu.o(.text)
    mpu_lp_accel_mode                        0x0800365d   Thumb Code   218  inv_mpu.o(.text)
    mpu_set_sample_rate                      0x08003737   Thumb Code   152  inv_mpu.o(.text)
    mpu_set_accel_fsr                        0x080037cf   Thumb Code   132  inv_mpu.o(.text)
    mpu_set_gyro_fsr                         0x08003853   Thumb Code   132  inv_mpu.o(.text)
    mpu_init                                 0x080038d7   Thumb Code   416  inv_mpu.o(.text)
    mget_ms                                  0x08003a77   Thumb Code     2  inv_mpu.o(.text)
    mpu_get_gyro_reg                         0x08003a79   Thumb Code   110  inv_mpu.o(.text)
    mpu_get_accel_reg                        0x08003ae7   Thumb Code   110  inv_mpu.o(.text)
    mpu_get_temperature                      0x08003b55   Thumb Code   150  inv_mpu.o(.text)
    mpu_set_accel_bias                       0x08003beb   Thumb Code   468  inv_mpu.o(.text)
    mpu_get_gyro_fsr                         0x08003dbf   Thumb Code    64  inv_mpu.o(.text)
    mpu_get_accel_fsr                        0x08003dff   Thumb Code    72  inv_mpu.o(.text)
    mpu_get_lpf                              0x08003e47   Thumb Code    74  inv_mpu.o(.text)
    mpu_get_sample_rate                      0x08003e91   Thumb Code    26  inv_mpu.o(.text)
    mpu_get_compass_sample_rate              0x08003eab   Thumb Code    10  inv_mpu.o(.text)
    mpu_set_compass_sample_rate              0x08003eb5   Thumb Code     8  inv_mpu.o(.text)
    mpu_get_gyro_sens                        0x08003ebd   Thumb Code    58  inv_mpu.o(.text)
    mpu_get_accel_sens                       0x08003ef7   Thumb Code    78  inv_mpu.o(.text)
    mpu_get_fifo_config                      0x08003f45   Thumb Code    12  inv_mpu.o(.text)
    mpu_get_power_state                      0x08003f51   Thumb Code    22  inv_mpu.o(.text)
    mpu_get_int_status                       0x08003f67   Thumb Code    64  inv_mpu.o(.text)
    mpu_read_fifo                            0x08003fa7   Thumb Code   520  inv_mpu.o(.text)
    mpu_read_fifo_stream                     0x080041af   Thumb Code   186  inv_mpu.o(.text)
    mpu_set_int_level                        0x08004269   Thumb Code    12  inv_mpu.o(.text)
    mpu_set_dmp_state                        0x08004949   Thumb Code   138  inv_mpu.o(.text)
    mpu_run_self_test                        0x080049d3   Thumb Code   278  inv_mpu.o(.text)
    mpu_write_mem                            0x08004ae9   Thumb Code   122  inv_mpu.o(.text)
    mpu_read_mem                             0x08004b63   Thumb Code   122  inv_mpu.o(.text)
    mpu_load_firmware                        0x08004bdd   Thumb Code   190  inv_mpu.o(.text)
    mpu_get_dmp_state                        0x08004c9b   Thumb Code    14  inv_mpu.o(.text)
    setup_compass                            0x08004ca9   Thumb Code     6  inv_mpu.o(.text)
    mpu_get_compass_reg                      0x08004caf   Thumb Code     8  inv_mpu.o(.text)
    mpu_get_compass_fsr                      0x08004cb7   Thumb Code     8  inv_mpu.o(.text)
    mpu_lp_motion_interrupt                  0x08004cbf   Thumb Code   512  inv_mpu.o(.text)
    run_self_test                            0x08004ebf   Thumb Code   148  inv_mpu.o(.text)
    inv_row_2_scale                          0x08004f53   Thumb Code    78  inv_mpu.o(.text)
    inv_orientation_matrix_to_scalar         0x08004fa1   Thumb Code    40  inv_mpu.o(.text)
    mpu_dmp_init                             0x08004fc9   Thumb Code   154  inv_mpu.o(.text)
    mpu_dmp_get_data                         0x08005063   Thumb Code   554  inv_mpu.o(.text)
    LCD_CtrlLinesConfig                      0x08005291   Thumb Code   106  ili9320.o(.text)
    LCD_FSMCConfig                           0x080052fb   Thumb Code    86  ili9320.o(.text)
    LCD_X_Init                               0x08005351   Thumb Code    12  ili9320.o(.text)
    LCD_WriteReg                             0x0800535d   Thumb Code    10  ili9320.o(.text)
    LCD_ReadReg                              0x08005367   Thumb Code    14  ili9320.o(.text)
    LCD_WriteRAM_Prepare                     0x08005375   Thumb Code    10  ili9320.o(.text)
    LCD_WriteRAM                             0x0800537f   Thumb Code     8  ili9320.o(.text)
    LCD_ReadRAM                              0x08005387   Thumb Code    22  ili9320.o(.text)
    LCD_SetCursor                            0x0800539d   Thumb Code    66  ili9320.o(.text)
    Delay                                    0x080053df   Thumb Code    28  ili9320.o(.text)
    ili9320_Clear                            0x080053fb   Thumb Code    38  ili9320.o(.text)
    ili9320_Delay                            0x08005421   Thumb Code    18  ili9320.o(.text)
    ili9320_Initializtion                    0x08005433   Thumb Code  2140  ili9320.o(.text)
    ili9320_BGR2RGB                          0x08005c8f   Thumb Code    26  ili9320.o(.text)
    ili9320_GetPoint                         0x08005ca9   Thumb Code    44  ili9320.o(.text)
    ili9320_SetPoint                         0x08005cd5   Thumb Code    42  ili9320.o(.text)
    ili9320_DrawPicture                      0x08005cff   Thumb Code   226  ili9320.o(.text)
    ili9320_PutChar                          0x08005de1   Thumb Code   108  ili9320.o(.text)
    ili9320_BackLight                        0x08005e4d   Thumb Code    24  ili9320.o(.text)
    ili9320_DisplayStringLine                0x08005e65   Thumb Code    80  ili9320.o(.text)
    WriteOneASCII                            0x08005eb5   Thumb Code   100  ili9320.o(.text)
    WriteOneHzChar                           0x08005f19   Thumb Code   142  ili9320.o(.text)
    WriteString                              0x08005fa7   Thumb Code   202  ili9320.o(.text)
    LCD_DrawPoint                            0x08006071   Thumb Code    30  ili9320.o(.text)
    LCD_ShowChar                             0x0800608f   Thumb Code   328  ili9320.o(.text)
    LCD_Pow                                  0x080061d7   Thumb Code    22  ili9320.o(.text)
    LCD_ShowNum                              0x080061ed   Thumb Code   148  ili9320.o(.text)
    LCD_ShowString                           0x08006281   Thumb Code   102  ili9320.o(.text)
    LCD_SetPoint                             0x080062e7   Thumb Code    42  ili9320.o(.text)
    ShowOneChinese1                          0x08006311   Thumb Code   382  ili9320.o(.text)
    ShowLineChinese1                         0x0800648f   Thumb Code    58  ili9320.o(.text)
    ShowOneChinese2                          0x080064c9   Thumb Code   352  ili9320.o(.text)
    ShowLineChinese2                         0x08006629   Thumb Code    58  ili9320.o(.text)
    ShowOneChinese3                          0x08006663   Thumb Code   352  ili9320.o(.text)
    ShowLineChinese3                         0x080067c3   Thumb Code    58  ili9320.o(.text)
    ShowOneChinese4                          0x080067fd   Thumb Code   366  ili9320.o(.text)
    ShowLineChinese4                         0x0800696b   Thumb Code    58  ili9320.o(.text)
    ShowOneChinese5                          0x080069a5   Thumb Code   352  ili9320.o(.text)
    ShowLineChinese5                         0x08006b05   Thumb Code    58  ili9320.o(.text)
    ShowOneChinese6                          0x08006b3f   Thumb Code   352  ili9320.o(.text)
    ShowLineChinese6                         0x08006c9f   Thumb Code    58  ili9320.o(.text)
    Draw_Circle                              0x08006cd9   Thumb Code   166  ili9320.o(.text)
    LCD_DrawLine                             0x08006d7f   Thumb Code   176  ili9320.o(.text)
    LCD_DrawRectangle                        0x08006e2f   Thumb Code    60  ili9320.o(.text)
    LCD_Color_Fill                           0x08006e6b   Thumb Code    94  ili9320.o(.text)
    LCD_Clear                                0x08006ec9   Thumb Code    44  ili9320.o(.text)
    findHzIndex                              0x08006ef5   Thumb Code    68  hz16.o(.text)
    Remote_Init                              0x08006f3d   Thumb Code   180  remote.o(.text)
    TIM4_IRQHandler                          0x08006ff1   Thumb Code   384  remote.o(.text)
    Remote_Scan                              0x08007171   Thumb Code    92  remote.o(.text)
    Remote_Read                              0x080071cd   Thumb Code   208  remote.o(.text)
    BEEP_Init                                0x080072b9   Thumb Code    50  beep.o(.text)
    delay_init                               0x080072f1   Thumb Code    50  delay.o(.text)
    delay_us                                 0x08007323   Thumb Code    72  delay.o(.text)
    delay_ms                                 0x0800736b   Thumb Code    72  delay.o(.text)
    _sys_exit                                0x080073c5   Thumb Code     6  usart.o(.text)
    fputc                                    0x080073cb   Thumb Code    24  usart.o(.text)
    uart_init                                0x080073e3   Thumb Code   152  usart.o(.text)
    USART1_IRQHandler                        0x0800747b   Thumb Code   122  usart.o(.text)
    Reset_Handler                            0x08007505   Thumb Code     8  startup_stm32f10x_hd.o(.text)
    SysTick_Handler                          0x0800751d   Thumb Code     2  startup_stm32f10x_hd.o(.text)
    ADC1_2_IRQHandler                        0x0800751f   Thumb Code     0  startup_stm32f10x_hd.o(.text)
    ADC3_IRQHandler                          0x0800751f   Thumb Code     0  startup_stm32f10x_hd.o(.text)
    CAN1_RX1_IRQHandler                      0x0800751f   Thumb Code     0  startup_stm32f10x_hd.o(.text)
    CAN1_SCE_IRQHandler                      0x0800751f   Thumb Code     0  startup_stm32f10x_hd.o(.text)
    DMA1_Channel1_IRQHandler                 0x0800751f   Thumb Code     0  startup_stm32f10x_hd.o(.text)
    DMA1_Channel2_IRQHandler                 0x0800751f   Thumb Code     0  startup_stm32f10x_hd.o(.text)
    DMA1_Channel3_IRQHandler                 0x0800751f   Thumb Code     0  startup_stm32f10x_hd.o(.text)
    DMA1_Channel4_IRQHandler                 0x0800751f   Thumb Code     0  startup_stm32f10x_hd.o(.text)
    DMA1_Channel5_IRQHandler                 0x0800751f   Thumb Code     0  startup_stm32f10x_hd.o(.text)
    DMA1_Channel6_IRQHandler                 0x0800751f   Thumb Code     0  startup_stm32f10x_hd.o(.text)
    DMA1_Channel7_IRQHandler                 0x0800751f   Thumb Code     0  startup_stm32f10x_hd.o(.text)
    DMA2_Channel1_IRQHandler                 0x0800751f   Thumb Code     0  startup_stm32f10x_hd.o(.text)
    DMA2_Channel2_IRQHandler                 0x0800751f   Thumb Code     0  startup_stm32f10x_hd.o(.text)
    DMA2_Channel3_IRQHandler                 0x0800751f   Thumb Code     0  startup_stm32f10x_hd.o(.text)
    DMA2_Channel4_5_IRQHandler               0x0800751f   Thumb Code     0  startup_stm32f10x_hd.o(.text)
    EXTI0_IRQHandler                         0x0800751f   Thumb Code     0  startup_stm32f10x_hd.o(.text)
    EXTI15_10_IRQHandler                     0x0800751f   Thumb Code     0  startup_stm32f10x_hd.o(.text)
    EXTI1_IRQHandler                         0x0800751f   Thumb Code     0  startup_stm32f10x_hd.o(.text)
    EXTI2_IRQHandler                         0x0800751f   Thumb Code     0  startup_stm32f10x_hd.o(.text)
    EXTI3_IRQHandler                         0x0800751f   Thumb Code     0  startup_stm32f10x_hd.o(.text)
    EXTI4_IRQHandler                         0x0800751f   Thumb Code     0  startup_stm32f10x_hd.o(.text)
    EXTI9_5_IRQHandler                       0x0800751f   Thumb Code     0  startup_stm32f10x_hd.o(.text)
    FLASH_IRQHandler                         0x0800751f   Thumb Code     0  startup_stm32f10x_hd.o(.text)
    FSMC_IRQHandler                          0x0800751f   Thumb Code     0  startup_stm32f10x_hd.o(.text)
    I2C1_ER_IRQHandler                       0x0800751f   Thumb Code     0  startup_stm32f10x_hd.o(.text)
    I2C1_EV_IRQHandler                       0x0800751f   Thumb Code     0  startup_stm32f10x_hd.o(.text)
    I2C2_ER_IRQHandler                       0x0800751f   Thumb Code     0  startup_stm32f10x_hd.o(.text)
    I2C2_EV_IRQHandler                       0x0800751f   Thumb Code     0  startup_stm32f10x_hd.o(.text)
    PVD_IRQHandler                           0x0800751f   Thumb Code     0  startup_stm32f10x_hd.o(.text)
    RCC_IRQHandler                           0x0800751f   Thumb Code     0  startup_stm32f10x_hd.o(.text)
    RTCAlarm_IRQHandler                      0x0800751f   Thumb Code     0  startup_stm32f10x_hd.o(.text)
    SDIO_IRQHandler                          0x0800751f   Thumb Code     0  startup_stm32f10x_hd.o(.text)
    SPI1_IRQHandler                          0x0800751f   Thumb Code     0  startup_stm32f10x_hd.o(.text)
    SPI2_IRQHandler                          0x0800751f   Thumb Code     0  startup_stm32f10x_hd.o(.text)
    SPI3_IRQHandler                          0x0800751f   Thumb Code     0  startup_stm32f10x_hd.o(.text)
    TAMPER_IRQHandler                        0x0800751f   Thumb Code     0  startup_stm32f10x_hd.o(.text)
    TIM1_BRK_IRQHandler                      0x0800751f   Thumb Code     0  startup_stm32f10x_hd.o(.text)
    TIM1_CC_IRQHandler                       0x0800751f   Thumb Code     0  startup_stm32f10x_hd.o(.text)
    TIM1_TRG_COM_IRQHandler                  0x0800751f   Thumb Code     0  startup_stm32f10x_hd.o(.text)
    TIM1_UP_IRQHandler                       0x0800751f   Thumb Code     0  startup_stm32f10x_hd.o(.text)
    TIM2_IRQHandler                          0x0800751f   Thumb Code     0  startup_stm32f10x_hd.o(.text)
    TIM5_IRQHandler                          0x0800751f   Thumb Code     0  startup_stm32f10x_hd.o(.text)
    TIM6_IRQHandler                          0x0800751f   Thumb Code     0  startup_stm32f10x_hd.o(.text)
    TIM8_BRK_IRQHandler                      0x0800751f   Thumb Code     0  startup_stm32f10x_hd.o(.text)
    TIM8_CC_IRQHandler                       0x0800751f   Thumb Code     0  startup_stm32f10x_hd.o(.text)
    TIM8_TRG_COM_IRQHandler                  0x0800751f   Thumb Code     0  startup_stm32f10x_hd.o(.text)
    TIM8_UP_IRQHandler                       0x0800751f   Thumb Code     0  startup_stm32f10x_hd.o(.text)
    UART4_IRQHandler                         0x0800751f   Thumb Code     0  startup_stm32f10x_hd.o(.text)
    UART5_IRQHandler                         0x0800751f   Thumb Code     0  startup_stm32f10x_hd.o(.text)
    USART2_IRQHandler                        0x0800751f   Thumb Code     0  startup_stm32f10x_hd.o(.text)
    USART3_IRQHandler                        0x0800751f   Thumb Code     0  startup_stm32f10x_hd.o(.text)
    USBWakeUp_IRQHandler                     0x0800751f   Thumb Code     0  startup_stm32f10x_hd.o(.text)
    USB_HP_CAN1_TX_IRQHandler                0x0800751f   Thumb Code     0  startup_stm32f10x_hd.o(.text)
    USB_LP_CAN1_RX0_IRQHandler               0x0800751f   Thumb Code     0  startup_stm32f10x_hd.o(.text)
    WWDG_IRQHandler                          0x0800751f   Thumb Code     0  startup_stm32f10x_hd.o(.text)
    __user_initial_stackheap                 0x08007521   Thumb Code     0  startup_stm32f10x_hd.o(.text)
    NVIC_PriorityGroupConfig                 0x08007545   Thumb Code    10  misc.o(.text)
    NVIC_Init                                0x0800754f   Thumb Code   100  misc.o(.text)
    NVIC_SetVectorTable                      0x080075b3   Thumb Code    14  misc.o(.text)
    NVIC_SystemLPConfig                      0x080075c1   Thumb Code    34  misc.o(.text)
    SysTick_CLKSourceConfig                  0x080075e3   Thumb Code    40  misc.o(.text)
    FSMC_NORSRAMDeInit                       0x08007621   Thumb Code    54  stm32f10x_fsmc.o(.text)
    FSMC_NANDDeInit                          0x08007657   Thumb Code    62  stm32f10x_fsmc.o(.text)
    FSMC_PCCARDDeInit                        0x08007695   Thumb Code    36  stm32f10x_fsmc.o(.text)
    FSMC_NORSRAMInit                         0x080076b9   Thumb Code   230  stm32f10x_fsmc.o(.text)
    FSMC_NANDInit                            0x0800779f   Thumb Code   132  stm32f10x_fsmc.o(.text)
    FSMC_PCCARDInit                          0x08007823   Thumb Code   130  stm32f10x_fsmc.o(.text)
    FSMC_NORSRAMStructInit                   0x080078a5   Thumb Code   114  stm32f10x_fsmc.o(.text)
    FSMC_NANDStructInit                      0x08007917   Thumb Code    54  stm32f10x_fsmc.o(.text)
    FSMC_PCCARDStructInit                    0x0800794d   Thumb Code    60  stm32f10x_fsmc.o(.text)
    FSMC_NORSRAMCmd                          0x08007989   Thumb Code    46  stm32f10x_fsmc.o(.text)
    FSMC_NANDCmd                             0x080079b7   Thumb Code    86  stm32f10x_fsmc.o(.text)
    FSMC_PCCARDCmd                           0x08007a0d   Thumb Code    44  stm32f10x_fsmc.o(.text)
    FSMC_NANDECCCmd                          0x08007a39   Thumb Code    90  stm32f10x_fsmc.o(.text)
    FSMC_GetECC                              0x08007a93   Thumb Code    24  stm32f10x_fsmc.o(.text)
    FSMC_ITConfig                            0x08007aab   Thumb Code   128  stm32f10x_fsmc.o(.text)
    FSMC_GetFlagStatus                       0x08007b2b   Thumb Code    54  stm32f10x_fsmc.o(.text)
    FSMC_ClearFlag                           0x08007b61   Thumb Code    62  stm32f10x_fsmc.o(.text)
    FSMC_GetITStatus                         0x08007b9f   Thumb Code    64  stm32f10x_fsmc.o(.text)
    FSMC_ClearITPendingBit                   0x08007bdf   Thumb Code    68  stm32f10x_fsmc.o(.text)
    GPIO_DeInit                              0x08007c2d   Thumb Code   172  stm32f10x_gpio.o(.text)
    GPIO_AFIODeInit                          0x08007cd9   Thumb Code    20  stm32f10x_gpio.o(.text)
    GPIO_Init                                0x08007ced   Thumb Code   278  stm32f10x_gpio.o(.text)
    GPIO_StructInit                          0x08007e03   Thumb Code    16  stm32f10x_gpio.o(.text)
    GPIO_ReadInputDataBit                    0x08007e13   Thumb Code    18  stm32f10x_gpio.o(.text)
    GPIO_ReadInputData                       0x08007e25   Thumb Code     8  stm32f10x_gpio.o(.text)
    GPIO_ReadOutputDataBit                   0x08007e2d   Thumb Code    18  stm32f10x_gpio.o(.text)
    GPIO_ReadOutputData                      0x08007e3f   Thumb Code     8  stm32f10x_gpio.o(.text)
    GPIO_SetBits                             0x08007e47   Thumb Code     4  stm32f10x_gpio.o(.text)
    GPIO_ResetBits                           0x08007e4b   Thumb Code     4  stm32f10x_gpio.o(.text)
    GPIO_WriteBit                            0x08007e4f   Thumb Code    10  stm32f10x_gpio.o(.text)
    GPIO_Write                               0x08007e59   Thumb Code     4  stm32f10x_gpio.o(.text)
    GPIO_PinLockConfig                       0x08007e5d   Thumb Code    18  stm32f10x_gpio.o(.text)
    GPIO_EventOutputConfig                   0x08007e6f   Thumb Code    26  stm32f10x_gpio.o(.text)
    GPIO_EventOutputCmd                      0x08007e89   Thumb Code     6  stm32f10x_gpio.o(.text)
    GPIO_PinRemapConfig                      0x08007e8f   Thumb Code   138  stm32f10x_gpio.o(.text)
    GPIO_EXTILineConfig                      0x08007f19   Thumb Code    66  stm32f10x_gpio.o(.text)
    GPIO_ETH_MediaInterfaceConfig            0x08007f5b   Thumb Code     8  stm32f10x_gpio.o(.text)
    RCC_DeInit                               0x08007f89   Thumb Code    64  stm32f10x_rcc.o(.text)
    RCC_HSEConfig                            0x08007fc9   Thumb Code    70  stm32f10x_rcc.o(.text)
    RCC_GetFlagStatus                        0x0800800f   Thumb Code    56  stm32f10x_rcc.o(.text)
    RCC_WaitForHSEStartUp                    0x08008047   Thumb Code    56  stm32f10x_rcc.o(.text)
    RCC_AdjustHSICalibrationValue            0x0800807f   Thumb Code    20  stm32f10x_rcc.o(.text)
    RCC_HSICmd                               0x08008093   Thumb Code     6  stm32f10x_rcc.o(.text)
    RCC_PLLConfig                            0x08008099   Thumb Code    24  stm32f10x_rcc.o(.text)
    RCC_PLLCmd                               0x080080b1   Thumb Code     6  stm32f10x_rcc.o(.text)
    RCC_SYSCLKConfig                         0x080080b7   Thumb Code    18  stm32f10x_rcc.o(.text)
    RCC_GetSYSCLKSource                      0x080080c9   Thumb Code    10  stm32f10x_rcc.o(.text)
    RCC_HCLKConfig                           0x080080d3   Thumb Code    18  stm32f10x_rcc.o(.text)
    RCC_PCLK1Config                          0x080080e5   Thumb Code    18  stm32f10x_rcc.o(.text)
    RCC_PCLK2Config                          0x080080f7   Thumb Code    20  stm32f10x_rcc.o(.text)
    RCC_ITConfig                             0x0800810b   Thumb Code    26  stm32f10x_rcc.o(.text)
    RCC_USBCLKConfig                         0x08008125   Thumb Code     8  stm32f10x_rcc.o(.text)
    RCC_ADCCLKConfig                         0x0800812d   Thumb Code    18  stm32f10x_rcc.o(.text)
    RCC_LSEConfig                            0x0800813f   Thumb Code    50  stm32f10x_rcc.o(.text)
    RCC_LSICmd                               0x08008171   Thumb Code     6  stm32f10x_rcc.o(.text)
    RCC_RTCCLKConfig                         0x08008177   Thumb Code    12  stm32f10x_rcc.o(.text)
    RCC_RTCCLKCmd                            0x08008183   Thumb Code     8  stm32f10x_rcc.o(.text)
    RCC_GetClocksFreq                        0x0800818b   Thumb Code   192  stm32f10x_rcc.o(.text)
    RCC_AHBPeriphClockCmd                    0x0800824b   Thumb Code    26  stm32f10x_rcc.o(.text)
    RCC_APB2PeriphClockCmd                   0x08008265   Thumb Code    26  stm32f10x_rcc.o(.text)
    RCC_APB1PeriphClockCmd                   0x0800827f   Thumb Code    26  stm32f10x_rcc.o(.text)
    RCC_APB2PeriphResetCmd                   0x08008299   Thumb Code    26  stm32f10x_rcc.o(.text)
    RCC_APB1PeriphResetCmd                   0x080082b3   Thumb Code    26  stm32f10x_rcc.o(.text)
    RCC_BackupResetCmd                       0x080082cd   Thumb Code     8  stm32f10x_rcc.o(.text)
    RCC_ClockSecuritySystemCmd               0x080082d5   Thumb Code     6  stm32f10x_rcc.o(.text)
    RCC_MCOConfig                            0x080082db   Thumb Code     6  stm32f10x_rcc.o(.text)
    RCC_ClearFlag                            0x080082e1   Thumb Code    14  stm32f10x_rcc.o(.text)
    RCC_GetITStatus                          0x080082ef   Thumb Code    20  stm32f10x_rcc.o(.text)
    RCC_ClearITPendingBit                    0x08008303   Thumb Code     6  stm32f10x_rcc.o(.text)
    USART_DeInit                             0x0800832d   Thumb Code   134  stm32f10x_usart.o(.text)
    USART_Init                               0x080083b3   Thumb Code   210  stm32f10x_usart.o(.text)
    USART_StructInit                         0x08008485   Thumb Code    24  stm32f10x_usart.o(.text)
    USART_ClockInit                          0x0800849d   Thumb Code    34  stm32f10x_usart.o(.text)
    USART_ClockStructInit                    0x080084bf   Thumb Code    12  stm32f10x_usart.o(.text)
    USART_Cmd                                0x080084cb   Thumb Code    24  stm32f10x_usart.o(.text)
    USART_ITConfig                           0x080084e3   Thumb Code    74  stm32f10x_usart.o(.text)
    USART_DMACmd                             0x0800852d   Thumb Code    18  stm32f10x_usart.o(.text)
    USART_SetAddress                         0x0800853f   Thumb Code    18  stm32f10x_usart.o(.text)
    USART_WakeUpConfig                       0x08008551   Thumb Code    18  stm32f10x_usart.o(.text)
    USART_ReceiverWakeUpCmd                  0x08008563   Thumb Code    24  stm32f10x_usart.o(.text)
    USART_LINBreakDetectLengthConfig         0x0800857b   Thumb Code    18  stm32f10x_usart.o(.text)
    USART_LINCmd                             0x0800858d   Thumb Code    24  stm32f10x_usart.o(.text)
    USART_SendData                           0x080085a5   Thumb Code     8  stm32f10x_usart.o(.text)
    USART_ReceiveData                        0x080085ad   Thumb Code    10  stm32f10x_usart.o(.text)
    USART_SendBreak                          0x080085b7   Thumb Code    10  stm32f10x_usart.o(.text)
    USART_SetGuardTime                       0x080085c1   Thumb Code    16  stm32f10x_usart.o(.text)
    USART_SetPrescaler                       0x080085d1   Thumb Code    16  stm32f10x_usart.o(.text)
    USART_SmartCardCmd                       0x080085e1   Thumb Code    24  stm32f10x_usart.o(.text)
    USART_SmartCardNACKCmd                   0x080085f9   Thumb Code    24  stm32f10x_usart.o(.text)
    USART_HalfDuplexCmd                      0x08008611   Thumb Code    24  stm32f10x_usart.o(.text)
    USART_OverSampling8Cmd                   0x08008629   Thumb Code    22  stm32f10x_usart.o(.text)
    USART_OneBitMethodCmd                    0x0800863f   Thumb Code    24  stm32f10x_usart.o(.text)
    USART_IrDAConfig                         0x08008657   Thumb Code    18  stm32f10x_usart.o(.text)
    USART_IrDACmd                            0x08008669   Thumb Code    24  stm32f10x_usart.o(.text)
    USART_GetFlagStatus                      0x08008681   Thumb Code    26  stm32f10x_usart.o(.text)
    USART_ClearFlag                          0x0800869b   Thumb Code    18  stm32f10x_usart.o(.text)
    USART_GetITStatus                        0x080086ad   Thumb Code    84  stm32f10x_usart.o(.text)
    USART_ClearITPendingBit                  0x08008701   Thumb Code    52  stm32f10x_usart.o(.text)
    TIM_DeInit                               0x08008735   Thumb Code   424  stm32f10x_tim.o(.text)
    TIM_TimeBaseInit                         0x080088dd   Thumb Code   122  stm32f10x_tim.o(.text)
    TIM_OC1Init                              0x08008957   Thumb Code   132  stm32f10x_tim.o(.text)
    TIM_OC2Init                              0x080089db   Thumb Code   154  stm32f10x_tim.o(.text)
    TIM_OC3Init                              0x08008a75   Thumb Code   150  stm32f10x_tim.o(.text)
    TIM_OC4Init                              0x08008b0b   Thumb Code   182  stm32f10x_tim.o(.text)
    TIM_SetIC4Prescaler                      0x08008bc1   Thumb Code    26  stm32f10x_tim.o(.text)
    TIM_SetIC3Prescaler                      0x08008c5d   Thumb Code    18  stm32f10x_tim.o(.text)
    TIM_SetIC2Prescaler                      0x08008ce9   Thumb Code    26  stm32f10x_tim.o(.text)
    TIM_SetIC1Prescaler                      0x08008d85   Thumb Code    18  stm32f10x_tim.o(.text)
    TIM_ICInit                               0x08008e03   Thumb Code   150  stm32f10x_tim.o(.text)
    TIM_PWMIConfig                           0x08008e99   Thumb Code   124  stm32f10x_tim.o(.text)
    TIM_BDTRConfig                           0x08008f15   Thumb Code    32  stm32f10x_tim.o(.text)
    TIM_TimeBaseStructInit                   0x08008f35   Thumb Code    18  stm32f10x_tim.o(.text)
    TIM_OCStructInit                         0x08008f47   Thumb Code    20  stm32f10x_tim.o(.text)
    TIM_ICStructInit                         0x08008f5b   Thumb Code    18  stm32f10x_tim.o(.text)
    TIM_BDTRStructInit                       0x08008f6d   Thumb Code    40  stm32f10x_tim.o(.text)
    TIM_Cmd                                  0x08008f95   Thumb Code    24  stm32f10x_tim.o(.text)
    TIM_CtrlPWMOutputs                       0x08008fad   Thumb Code    30  stm32f10x_tim.o(.text)
    TIM_ITConfig                             0x08008fcb   Thumb Code    18  stm32f10x_tim.o(.text)
    TIM_GenerateEvent                        0x08008fdd   Thumb Code     4  stm32f10x_tim.o(.text)
    TIM_DMAConfig                            0x08008fe1   Thumb Code    10  stm32f10x_tim.o(.text)
    TIM_DMACmd                               0x08008feb   Thumb Code    18  stm32f10x_tim.o(.text)
    TIM_InternalClockConfig                  0x08008ffd   Thumb Code    12  stm32f10x_tim.o(.text)
    TIM_SelectInputTrigger                   0x08009009   Thumb Code    18  stm32f10x_tim.o(.text)
    TIM_ITRxExternalClockConfig              0x0800901b   Thumb Code    24  stm32f10x_tim.o(.text)
    TIM_TIxExternalClockConfig               0x08009033   Thumb Code    62  stm32f10x_tim.o(.text)
    TIM_ETRConfig                            0x08009071   Thumb Code    28  stm32f10x_tim.o(.text)
    TIM_ETRClockMode1Config                  0x0800908d   Thumb Code    54  stm32f10x_tim.o(.text)
    TIM_ETRClockMode2Config                  0x080090c3   Thumb Code    32  stm32f10x_tim.o(.text)
    TIM_PrescalerConfig                      0x080090e3   Thumb Code     6  stm32f10x_tim.o(.text)
    TIM_CounterModeConfig                    0x080090e9   Thumb Code    18  stm32f10x_tim.o(.text)
    TIM_EncoderInterfaceConfig               0x080090fb   Thumb Code    66  stm32f10x_tim.o(.text)
    TIM_ForcedOC1Config                      0x0800913d   Thumb Code    18  stm32f10x_tim.o(.text)
    TIM_ForcedOC2Config                      0x0800914f   Thumb Code    26  stm32f10x_tim.o(.text)
    TIM_ForcedOC3Config                      0x08009169   Thumb Code    18  stm32f10x_tim.o(.text)
    TIM_ForcedOC4Config                      0x0800917b   Thumb Code    26  stm32f10x_tim.o(.text)
    TIM_ARRPreloadConfig                     0x08009195   Thumb Code    24  stm32f10x_tim.o(.text)
    TIM_SelectCOM                            0x080091ad   Thumb Code    24  stm32f10x_tim.o(.text)
    TIM_SelectCCDMA                          0x080091c5   Thumb Code    24  stm32f10x_tim.o(.text)
    TIM_CCPreloadControl                     0x080091dd   Thumb Code    24  stm32f10x_tim.o(.text)
    TIM_OC1PreloadConfig                     0x080091f5   Thumb Code    18  stm32f10x_tim.o(.text)
    TIM_OC2PreloadConfig                     0x08009207   Thumb Code    26  stm32f10x_tim.o(.text)
    TIM_OC3PreloadConfig                     0x08009221   Thumb Code    18  stm32f10x_tim.o(.text)
    TIM_OC4PreloadConfig                     0x08009233   Thumb Code    26  stm32f10x_tim.o(.text)
    TIM_OC1FastConfig                        0x0800924d   Thumb Code    18  stm32f10x_tim.o(.text)
    TIM_OC2FastConfig                        0x0800925f   Thumb Code    26  stm32f10x_tim.o(.text)
    TIM_OC3FastConfig                        0x08009279   Thumb Code    18  stm32f10x_tim.o(.text)
    TIM_OC4FastConfig                        0x0800928b   Thumb Code    26  stm32f10x_tim.o(.text)
    TIM_ClearOC1Ref                          0x080092a5   Thumb Code    18  stm32f10x_tim.o(.text)
    TIM_ClearOC2Ref                          0x080092b7   Thumb Code    24  stm32f10x_tim.o(.text)
    TIM_ClearOC3Ref                          0x080092cf   Thumb Code    18  stm32f10x_tim.o(.text)
    TIM_ClearOC4Ref                          0x080092e1   Thumb Code    24  stm32f10x_tim.o(.text)
    TIM_OC1PolarityConfig                    0x080092f9   Thumb Code    18  stm32f10x_tim.o(.text)
    TIM_OC1NPolarityConfig                   0x0800930b   Thumb Code    18  stm32f10x_tim.o(.text)
    TIM_OC2PolarityConfig                    0x0800931d   Thumb Code    26  stm32f10x_tim.o(.text)
    TIM_OC2NPolarityConfig                   0x08009337   Thumb Code    26  stm32f10x_tim.o(.text)
    TIM_OC3PolarityConfig                    0x08009351   Thumb Code    26  stm32f10x_tim.o(.text)
    TIM_OC3NPolarityConfig                   0x0800936b   Thumb Code    26  stm32f10x_tim.o(.text)
    TIM_OC4PolarityConfig                    0x08009385   Thumb Code    26  stm32f10x_tim.o(.text)
    TIM_CCxCmd                               0x0800939f   Thumb Code    30  stm32f10x_tim.o(.text)
    TIM_CCxNCmd                              0x080093bd   Thumb Code    30  stm32f10x_tim.o(.text)
    TIM_SelectOCxM                           0x080093db   Thumb Code    82  stm32f10x_tim.o(.text)
    TIM_UpdateDisableConfig                  0x0800942d   Thumb Code    24  stm32f10x_tim.o(.text)
    TIM_UpdateRequestConfig                  0x08009445   Thumb Code    24  stm32f10x_tim.o(.text)
    TIM_SelectHallSensor                     0x0800945d   Thumb Code    24  stm32f10x_tim.o(.text)
    TIM_SelectOnePulseMode                   0x08009475   Thumb Code    18  stm32f10x_tim.o(.text)
    TIM_SelectOutputTrigger                  0x08009487   Thumb Code    18  stm32f10x_tim.o(.text)
    TIM_SelectSlaveMode                      0x08009499   Thumb Code    18  stm32f10x_tim.o(.text)
    TIM_SelectMasterSlaveMode                0x080094ab   Thumb Code    18  stm32f10x_tim.o(.text)
    TIM_SetCounter                           0x080094bd   Thumb Code     4  stm32f10x_tim.o(.text)
    TIM_SetAutoreload                        0x080094c1   Thumb Code     4  stm32f10x_tim.o(.text)
    TIM_SetCompare1                          0x080094c5   Thumb Code     4  stm32f10x_tim.o(.text)
    TIM_SetCompare2                          0x080094c9   Thumb Code     4  stm32f10x_tim.o(.text)
    TIM_SetCompare3                          0x080094cd   Thumb Code     4  stm32f10x_tim.o(.text)
    TIM_SetCompare4                          0x080094d1   Thumb Code     6  stm32f10x_tim.o(.text)
    TIM_SetClockDivision                     0x080094d7   Thumb Code    18  stm32f10x_tim.o(.text)
    TIM_GetCapture1                          0x080094e9   Thumb Code     6  stm32f10x_tim.o(.text)
    TIM_GetCapture2                          0x080094ef   Thumb Code     6  stm32f10x_tim.o(.text)
    TIM_GetCapture3                          0x080094f5   Thumb Code     6  stm32f10x_tim.o(.text)
    TIM_GetCapture4                          0x080094fb   Thumb Code     8  stm32f10x_tim.o(.text)
    TIM_GetCounter                           0x08009503   Thumb Code     6  stm32f10x_tim.o(.text)
    TIM_GetPrescaler                         0x08009509   Thumb Code     6  stm32f10x_tim.o(.text)
    TIM_GetFlagStatus                        0x0800950f   Thumb Code    18  stm32f10x_tim.o(.text)
    TIM_ClearFlag                            0x08009521   Thumb Code     6  stm32f10x_tim.o(.text)
    TIM_GetITStatus                          0x08009527   Thumb Code    34  stm32f10x_tim.o(.text)
    TIM_ClearITPendingBit                    0x08009549   Thumb Code     6  stm32f10x_tim.o(.text)
    BKP_DeInit                               0x08009551   Thumb Code    16  stm32f10x_bkp.o(.text)
    BKP_TamperPinLevelConfig                 0x08009561   Thumb Code     6  stm32f10x_bkp.o(.text)
    BKP_TamperPinCmd                         0x08009567   Thumb Code     8  stm32f10x_bkp.o(.text)
    BKP_ITConfig                             0x0800956f   Thumb Code     8  stm32f10x_bkp.o(.text)
    BKP_RTCOutputConfig                      0x08009577   Thumb Code    22  stm32f10x_bkp.o(.text)
    BKP_SetRTCCalibrationValue               0x0800958d   Thumb Code    22  stm32f10x_bkp.o(.text)
    BKP_WriteBackupRegister                  0x080095a3   Thumb Code    24  stm32f10x_bkp.o(.text)
    BKP_ReadBackupRegister                   0x080095bb   Thumb Code    26  stm32f10x_bkp.o(.text)
    BKP_GetFlagStatus                        0x080095d5   Thumb Code    10  stm32f10x_bkp.o(.text)
    BKP_ClearFlag                            0x080095df   Thumb Code    18  stm32f10x_bkp.o(.text)
    BKP_GetITStatus                          0x080095f1   Thumb Code    10  stm32f10x_bkp.o(.text)
    BKP_ClearITPendingBit                    0x080095fb   Thumb Code    18  stm32f10x_bkp.o(.text)
    PWR_DeInit                               0x08009615   Thumb Code    22  stm32f10x_pwr.o(.text)
    PWR_BackupAccessCmd                      0x0800962b   Thumb Code     6  stm32f10x_pwr.o(.text)
    PWR_PVDCmd                               0x08009631   Thumb Code     6  stm32f10x_pwr.o(.text)
    PWR_PVDLevelConfig                       0x08009637   Thumb Code    18  stm32f10x_pwr.o(.text)
    PWR_WakeUpPinCmd                         0x08009649   Thumb Code     8  stm32f10x_pwr.o(.text)
    PWR_EnterSTOPMode                        0x08009651   Thumb Code    54  stm32f10x_pwr.o(.text)
    PWR_EnterSTANDBYMode                     0x08009687   Thumb Code    42  stm32f10x_pwr.o(.text)
    PWR_GetFlagStatus                        0x080096b1   Thumb Code    20  stm32f10x_pwr.o(.text)
    PWR_ClearFlag                            0x080096c5   Thumb Code    14  stm32f10x_pwr.o(.text)
    RTC_ITConfig                             0x080096e1   Thumb Code    26  stm32f10x_rtc.o(.text)
    RTC_EnterConfigMode                      0x080096fb   Thumb Code    18  stm32f10x_rtc.o(.text)
    RTC_ExitConfigMode                       0x0800970d   Thumb Code    20  stm32f10x_rtc.o(.text)
    RTC_GetCounter                           0x08009721   Thumb Code    18  stm32f10x_rtc.o(.text)
    RTC_SetCounter                           0x08009733   Thumb Code    26  stm32f10x_rtc.o(.text)
    RTC_SetPrescaler                         0x0800974d   Thumb Code    28  stm32f10x_rtc.o(.text)
    RTC_SetAlarm                             0x08009769   Thumb Code    26  stm32f10x_rtc.o(.text)
    RTC_GetDivider                           0x08009783   Thumb Code    22  stm32f10x_rtc.o(.text)
    RTC_WaitForLastTask                      0x08009799   Thumb Code    18  stm32f10x_rtc.o(.text)
    RTC_WaitForSynchro                       0x080097ab   Thumb Code    36  stm32f10x_rtc.o(.text)
    RTC_GetFlagStatus                        0x080097cf   Thumb Code    22  stm32f10x_rtc.o(.text)
    RTC_ClearFlag                            0x080097e5   Thumb Code    16  stm32f10x_rtc.o(.text)
    RTC_GetITStatus                          0x080097f5   Thumb Code    32  stm32f10x_rtc.o(.text)
    RTC_ClearITPendingBit                    0x08009815   Thumb Code    16  stm32f10x_rtc.o(.text)
    usmart_sys_cmd_exe                       0x08009829   Thumb Code  1554  usmart.o(.text)
    usmart_reset_runtime                     0x08009e3b   Thumb Code    38  usmart.o(.text)
    usmart_get_runtime                       0x08009e61   Thumb Code    60  usmart.o(.text)
    usmart_init                              0x08009e9d   Thumb Code     8  usmart.o(.text)
    usmart_cmd_rec                           0x08009ea5   Thumb Code   170  usmart.o(.text)
    usmart_exe                               0x08009f4f   Thumb Code   884  usmart.o(.text)
    usmart_scan                              0x0800a2c3   Thumb Code   120  usmart.o(.text)
    read_addr                                0x0800a33b   Thumb Code     6  usmart.o(.text)
    write_addr                               0x0800a341   Thumb Code     4  usmart.o(.text)
    usmart_strcmp                            0x0800a3bd   Thumb Code    34  usmart_str.o(.text)
    usmart_strcopy                           0x0800a3df   Thumb Code    22  usmart_str.o(.text)
    usmart_strlen                            0x0800a3f5   Thumb Code    24  usmart_str.o(.text)
    usmart_pow                               0x0800a40d   Thumb Code    22  usmart_str.o(.text)
    usmart_str2num                           0x0800a423   Thumb Code   202  usmart_str.o(.text)
    usmart_get_cmdname                       0x0800a4ed   Thumb Code    54  usmart_str.o(.text)
    usmart_search_nextc                      0x0800a523   Thumb Code    22  usmart_str.o(.text)
    usmart_get_fname                         0x0800a539   Thumb Code   440  usmart_str.o(.text)
    usmart_get_aparm                         0x0800a6f1   Thumb Code   200  usmart_str.o(.text)
    usmart_get_parmpos                       0x0800a7b9   Thumb Code    26  usmart_str.o(.text)
    usmart_get_fparam                        0x0800a7d3   Thumb Code   262  usmart_str.o(.text)
    __use_no_semihosting                     0x0800a8e5   Thumb Code     2  use_no_semi_2.o(.text)
    __aeabi_ldivmod                          0x0800a8e7   Thumb Code     0  llsdiv.o(.text)
    _ll_sdiv                                 0x0800a8e7   Thumb Code    72  llsdiv.o(.text)
    __2printf                                0x0800a931   Thumb Code    20  noretval__2printf.o(.text)
    _printf_pre_padding                      0x0800a949   Thumb Code    44  _printf_pad.o(.text)
    _printf_post_padding                     0x0800a975   Thumb Code    34  _printf_pad.o(.text)
    _printf_str                              0x0800a997   Thumb Code    82  _printf_str.o(.text)
    _printf_int_dec                          0x0800a9e9   Thumb Code   100  _printf_dec.o(.text)
    _printf_int_hex                          0x0800aa5d   Thumb Code    84  _printf_hex_int.o(.text)
    _printf_longlong_hex                     0x0800aa5d   Thumb Code     0  _printf_hex_int.o(.text)
    __printf                                 0x0800aab5   Thumb Code   388  __printf_flags_ss_wp.o(.text)
    memcmp                                   0x0800ac3d   Thumb Code    88  memcmp.o(.text)
    __aeabi_memset                           0x0800ac95   Thumb Code    16  aeabi_memset.o(.text)
    __use_two_region_memory                  0x0800aca5   Thumb Code     2  heapauxi.o(.text)
    __rt_heap_escrow$2region                 0x0800aca7   Thumb Code     2  heapauxi.o(.text)
    __rt_heap_expand$2region                 0x0800aca9   Thumb Code     2  heapauxi.o(.text)
    __I$use$semihosting                      0x0800acab   Thumb Code     0  use_no_semi.o(.text)
    __use_no_semihosting_swi                 0x0800acab   Thumb Code     2  use_no_semi.o(.text)
    __aeabi_uldivmod                         0x0800acad   Thumb Code     0  lludivv7m.o(.text)
    _ll_udiv                                 0x0800acad   Thumb Code   238  lludivv7m.o(.text)
    __read_errno                             0x0800ad9b   Thumb Code    10  _rserrno.o(.text)
    __set_errno                              0x0800ada5   Thumb Code    12  _rserrno.o(.text)
    _printf_int_common                       0x0800adb1   Thumb Code   178  _printf_intcommon.o(.text)
    _printf_cs_common                        0x0800ae63   Thumb Code    20  _printf_char.o(.text)
    _printf_char                             0x0800ae77   Thumb Code    16  _printf_char.o(.text)
    _printf_string                           0x0800ae87   Thumb Code     8  _printf_char.o(.text)
    _printf_char_file                        0x0800ae91   Thumb Code    32  _printf_char_file.o(.text)
    __aeabi_memclr                           0x0800aeb5   Thumb Code     0  rt_memclr.o(.text)
    __rt_memclr                              0x0800aeb5   Thumb Code    68  rt_memclr.o(.text)
    _memset                                  0x0800aeb9   Thumb Code     0  rt_memclr.o(.text)
    __aeabi_errno_addr                       0x0800aef9   Thumb Code     8  rt_errno_addr_intlibspace.o(.text)
    __errno$intlibspace                      0x0800aef9   Thumb Code     0  rt_errno_addr_intlibspace.o(.text)
    __rt_errno_addr$intlibspace              0x0800aef9   Thumb Code     0  rt_errno_addr_intlibspace.o(.text)
    _printf_char_common                      0x0800af0b   Thumb Code    32  _printf_char_common.o(.text)
    ferror                                   0x0800af31   Thumb Code     8  ferror.o(.text)
    __aeabi_memclr4                          0x0800af39   Thumb Code     0  rt_memclr_w.o(.text)
    __aeabi_memclr8                          0x0800af39   Thumb Code     0  rt_memclr_w.o(.text)
    __rt_memclr_w                            0x0800af39   Thumb Code    78  rt_memclr_w.o(.text)
    _memset_w                                0x0800af3d   Thumb Code     0  rt_memclr_w.o(.text)
    __user_libspace                          0x0800af89   Thumb Code     8  libspace.o(.text)
    __user_perproc_libspace                  0x0800af89   Thumb Code     0  libspace.o(.text)
    __user_perthread_libspace                0x0800af89   Thumb Code     0  libspace.o(.text)
    __user_setup_stackheap                   0x0800af91   Thumb Code    74  sys_stackheap_outer.o(.text)
    exit                                     0x0800afdb   Thumb Code    12  exit.o(.text)
    __ARM_fpclassify                         0x0800afe7   Thumb Code    40  fpclassify.o(i.__ARM_fpclassify)
    __kernel_poly                            0x0800b00f   Thumb Code   170  poly.o(i.__kernel_poly)
    __mathlib_dbl_underflow                  0x0800b0b9   Thumb Code    10  dunder.o(i.__mathlib_dbl_underflow)
    _is_digit                                0x0800b0c9   Thumb Code    14  __printf_wp.o(i._is_digit)
    asin                                     0x0800b0d9   Thumb Code   584  asin.o(i.asin)
    atan                                     0x0800b355   Thumb Code   478  atan.o(i.atan)
    atan2                                    0x0800b579   Thumb Code   346  atan2.o(i.atan2)
    ili9320_SetCursor                        0x0800b6f9   Thumb Code    90  ili9320.o(i.ili9320_SetCursor)
    sqrt                                     0x0800b759   Thumb Code    76  sqrt.o(i.sqrt)
    __aeabi_d2f                              0x0800b7a5   Thumb Code     0  d2f.o(x$fpl$d2f)
    _d2f                                     0x0800b7a5   Thumb Code    98  d2f.o(x$fpl$d2f)
    __aeabi_dadd                             0x0800b809   Thumb Code     0  daddsub_clz.o(x$fpl$dadd)
    _dadd                                    0x0800b809   Thumb Code   332  daddsub_clz.o(x$fpl$dadd)
    __fpl_dcheck_NaN1                        0x0800b959   Thumb Code    10  dcheck1.o(x$fpl$dcheck1)
    __fpl_dcmp_Inf                           0x0800b969   Thumb Code    24  dcmpi.o(x$fpl$dcmpinf)
    __aeabi_ddiv                             0x0800b981   Thumb Code     0  ddiv.o(x$fpl$ddiv)
    _ddiv                                    0x0800b981   Thumb Code   552  ddiv.o(x$fpl$ddiv)
    __aeabi_cdcmpeq                          0x0800bc31   Thumb Code     0  deqf.o(x$fpl$deqf)
    _dcmpeq                                  0x0800bc31   Thumb Code   120  deqf.o(x$fpl$deqf)
    __aeabi_i2d                              0x0800bca9   Thumb Code     0  dflt_clz.o(x$fpl$dflt)
    _dflt                                    0x0800bca9   Thumb Code    46  dflt_clz.o(x$fpl$dflt)
    __aeabi_ui2d                             0x0800bcd7   Thumb Code     0  dflt_clz.o(x$fpl$dfltu)
    _dfltu                                   0x0800bcd7   Thumb Code    38  dflt_clz.o(x$fpl$dfltu)
    __aeabi_dmul                             0x0800bcfd   Thumb Code     0  dmul.o(x$fpl$dmul)
    _dmul                                    0x0800bcfd   Thumb Code   332  dmul.o(x$fpl$dmul)
    __fpl_dnaninf                            0x0800be51   Thumb Code   156  dnaninf.o(x$fpl$dnaninf)
    __fpl_dretinf                            0x0800beed   Thumb Code    12  dretinf.o(x$fpl$dretinf)
    __aeabi_drsub                            0x0800bef9   Thumb Code     0  daddsub_clz.o(x$fpl$drsb)
    _drsb                                    0x0800bef9   Thumb Code    22  daddsub_clz.o(x$fpl$drsb)
    _dsqrt                                   0x0800bf11   Thumb Code   456  dsqrt_noumaal.o(x$fpl$dsqrt)
    __aeabi_dsub                             0x0800c0dd   Thumb Code     0  daddsub_clz.o(x$fpl$dsub)
    _dsub                                    0x0800c0dd   Thumb Code   464  daddsub_clz.o(x$fpl$dsub)
    __aeabi_f2d                              0x0800c2b1   Thumb Code     0  f2d.o(x$fpl$f2d)
    _f2d                                     0x0800c2b1   Thumb Code    86  f2d.o(x$fpl$f2d)
    __aeabi_fadd                             0x0800c309   Thumb Code     0  faddsub_clz.o(x$fpl$fadd)
    _fadd                                    0x0800c309   Thumb Code   196  faddsub_clz.o(x$fpl$fadd)
    __fpl_fcmp_Inf                           0x0800c3cd   Thumb Code    24  fcmpi.o(x$fpl$fcmpinf)
    __aeabi_fdiv                             0x0800c3e5   Thumb Code     0  fdiv.o(x$fpl$fdiv)
    _fdiv                                    0x0800c3e5   Thumb Code   384  fdiv.o(x$fpl$fdiv)
    __aeabi_cfcmpeq                          0x0800c569   Thumb Code     0  feqf.o(x$fpl$feqf)
    _fcmpeq                                  0x0800c569   Thumb Code   104  feqf.o(x$fpl$feqf)
    __aeabi_f2iz                             0x0800c5d1   Thumb Code     0  ffix.o(x$fpl$ffix)
    _ffix                                    0x0800c5d1   Thumb Code    54  ffix.o(x$fpl$ffix)
    __aeabi_f2uiz                            0x0800c609   Thumb Code     0  ffixu.o(x$fpl$ffixu)
    _ffixu                                   0x0800c609   Thumb Code    62  ffixu.o(x$fpl$ffixu)
    __aeabi_i2f                              0x0800c649   Thumb Code     0  fflt_clz.o(x$fpl$fflt)
    _fflt                                    0x0800c649   Thumb Code    48  fflt_clz.o(x$fpl$fflt)
    __aeabi_ui2f                             0x0800c679   Thumb Code     0  fflt_clz.o(x$fpl$ffltu)
    _ffltu                                   0x0800c679   Thumb Code    38  fflt_clz.o(x$fpl$ffltu)
    __aeabi_cfcmple                          0x0800c6a1   Thumb Code     0  fleqf.o(x$fpl$fleqf)
    _fcmple                                  0x0800c6a1   Thumb Code   104  fleqf.o(x$fpl$fleqf)
    __fpl_fcmple_InfNaN                      0x0800c6f3   Thumb Code     0  fleqf.o(x$fpl$fleqf)
    __aeabi_fmul                             0x0800c709   Thumb Code     0  fmul.o(x$fpl$fmul)
    _fmul                                    0x0800c709   Thumb Code   258  fmul.o(x$fpl$fmul)
    __fpl_fnaninf                            0x0800c80b   Thumb Code   140  fnaninf.o(x$fpl$fnaninf)
    __fpl_fretinf                            0x0800c897   Thumb Code    10  fretinf.o(x$fpl$fretinf)
    __aeabi_cfrcmple                         0x0800c8a1   Thumb Code     0  frleqf.o(x$fpl$frleqf)
    _frcmple                                 0x0800c8a1   Thumb Code    98  frleqf.o(x$fpl$frleqf)
    __aeabi_fsub                             0x0800c905   Thumb Code     0  faddsub_clz.o(x$fpl$fsub)
    _fsub                                    0x0800c905   Thumb Code   234  faddsub_clz.o(x$fpl$fsub)
    __fpl_return_NaN                         0x0800c9ef   Thumb Code   100  retnan.o(x$fpl$retnan)
    __ARM_scalbn                             0x0800ca53   Thumb Code    92  scalbn.o(x$fpl$scalbn)
    __fpl_cmpreturn                          0x0800caaf   Thumb Code    48  trapv.o(x$fpl$trapveneer)
    __I$use$fp                               0x0800cade   Number         0  usenofp.o(x$fpl$usenofp)
    table_week                               0x0800cade   Data          12  rtc.o(.constdata)
    mon_table                                0x0800caea   Data          12  rtc.o(.constdata)
    reg                                      0x0800d6ec   Data          27  inv_mpu.o(.constdata)
    hw                                       0x0800d708   Data          12  inv_mpu.o(.constdata)
    test                                     0x0800d714   Data          40  inv_mpu.o(.constdata)
    ascii_8x16                               0x0800d73c   Data        1536  ili9320.o(.constdata)
    GBHZ_16                                  0x0800dd3c   Data         918  ili9320.o(.constdata)
    ASCII_1608                               0x0800e0d2   Data        1536  ili9320.o(.constdata)
    ASCII_1206                               0x0800e6d2   Data        1140  ili9320.o(.constdata)
    asc2_1206                                0x0800eb46   Data        1140  ili9320.o(.constdata)
    asc2_1608                                0x0800efba   Data        1520  ili9320.o(.constdata)
    __mathlib_zero                           0x0800f6d0   Data           8  qnan.o(.constdata)
    Region$$Table$$Base                      0x0800f81c   Number         0  anon$$obj.o(Region$$Table)
    Region$$Table$$Limit                     0x0800f83c   Number         0  anon$$obj.o(Region$$Table)
    SystemCoreClock                          0x20000000   Data           4  system_stm32f10x.o(.data)
    AHBPrescTable                            0x20000004   Data          16  system_stm32f10x.o(.data)
    hSysTick_OverNum                         0x2000002c   Data           4  timebase.o(.data)
    bIs_First_Measurement                    0x20000038   Data           4  encoder.o(.data)
    hPrevious_angle                          0x20000040   Data           8  encoder.o(.data)
    hRot_Speed                               0x20000048   Data           8  encoder.o(.data)
    Chinese_Table1                           0x200000b2   Data        1536  ili9320.o(.data)
    Chinese_Table2                           0x200006b2   Data         256  ili9320.o(.data)
    Chinese_Table3                           0x200007b2   Data         384  ili9320.o(.data)
    Chinese_Table4                           0x20000932   Data         256  ili9320.o(.data)
    Chinese_Table5                           0x20000a32   Data         256  ili9320.o(.data)
    Chinese_Table6                           0x20000b32   Data         384  ili9320.o(.data)
    DeviceCode                               0x20000cb2   Data           2  ili9320.o(.data)
    POINT_COLOR                              0x20000cb4   Data           2  ili9320.o(.data)
    BACK_COLOR                               0x20000cb6   Data           2  ili9320.o(.data)
    RmtSta                                   0x20000cb8   Data           1  remote.o(.data)
    Dval                                     0x20000cba   Data           2  remote.o(.data)
    RmtRec                                   0x20000cbc   Data           4  remote.o(.data)
    RmtCnt                                   0x20000cc0   Data           1  remote.o(.data)
    __stdout                                 0x20000cc8   Data           4  usart.o(.data)
    USART_RX_STA                             0x20000ccc   Data           2  usart.o(.data)
    sys_cmd_tab                              0x20000ce4   Data          28  usmart.o(.data)
    usmart_nametab                           0x20000d00   Data          56  usmart_config.o(.data)
    usmart_dev                               0x20000d38   Data         244  usmart_config.o(.data)
    hSpeed_Buffer                            0x20000e30   Data          56  encoder.o(.bss)
    calendar                                 0x20000e68   Data          10  rtc.o(.bss)
    USART_RX_BUF                             0x20000e84   Data         200  usart.o(.bss)
    __libspace_start                         0x20000f4c   Data          96  libspace.o(.bss)
    __temporary_stack_top$libspace           0x20000fac   Data           0  libspace.o(.bss)



==============================================================================

Memory Map of the image

  Image Entry point : 0x08000131

  Load Region LR_IROM1 (Base: 0x08000000, Size: 0x00010668, Max: 0x00080000, ABSOLUTE, COMPRESSED[0x0000fe80])

    Execution Region ER_IROM1 (Base: 0x08000000, Size: 0x0000f83c, Max: 0x00080000, ABSOLUTE)

    Base Addr    Size         Type   Attr      Idx    E Section Name        Object

    0x08000000   0x00000130   Data   RO          721    RESET               startup_stm32f10x_hd.o
    0x08000130   0x00000008   Code   RO         1116  * !!!main             c_w.l(__main.o)
    0x08000138   0x00000034   Code   RO         1438    !!!scatter          c_w.l(__scatter.o)
    0x0800016c   0x00000064   Code   RO         1436    !!dclz77c           c_w.l(__dclz77c.o)
    0x080001d0   0x0000001c   Code   RO         1440    !!handler_zi        c_w.l(__scatter_zi.o)
    0x080001ec   0x00000000   Code   RO         1109    .ARM.Collect$$_printf_percent$$00000000  c_w.l(_printf_percent.o)
    0x080001ec   0x00000006   Code   RO         1107    .ARM.Collect$$_printf_percent$$00000009  c_w.l(_printf_d.o)
    0x080001f2   0x00000006   Code   RO         1108    .ARM.Collect$$_printf_percent$$0000000A  c_w.l(_printf_u.o)
    0x080001f8   0x00000006   Code   RO         1106    .ARM.Collect$$_printf_percent$$0000000C  c_w.l(_printf_x.o)
    0x080001fe   0x00000006   Code   RO         1104    .ARM.Collect$$_printf_percent$$00000013  c_w.l(_printf_c.o)
    0x08000204   0x00000006   Code   RO         1105    .ARM.Collect$$_printf_percent$$00000014  c_w.l(_printf_s.o)
    0x0800020a   0x00000004   Code   RO         1213    .ARM.Collect$$_printf_percent$$00000017  c_w.l(_printf_percent_end.o)
    0x0800020e   0x00000002   Code   RO         1308    .ARM.Collect$$libinit$$00000000  c_w.l(libinit.o)
    0x08000210   0x00000000   Code   RO         1318    .ARM.Collect$$libinit$$00000002  c_w.l(libinit2.o)
    0x08000210   0x00000000   Code   RO         1321    .ARM.Collect$$libinit$$00000008  c_w.l(libinit2.o)
    0x08000210   0x00000000   Code   RO         1323    .ARM.Collect$$libinit$$0000000A  c_w.l(libinit2.o)
    0x08000210   0x00000000   Code   RO         1325    .ARM.Collect$$libinit$$0000000C  c_w.l(libinit2.o)
    0x08000210   0x00000000   Code   RO         1328    .ARM.Collect$$libinit$$0000000F  c_w.l(libinit2.o)
    0x08000210   0x00000000   Code   RO         1330    .ARM.Collect$$libinit$$00000011  c_w.l(libinit2.o)
    0x08000210   0x00000000   Code   RO         1332    .ARM.Collect$$libinit$$00000013  c_w.l(libinit2.o)
    0x08000210   0x00000000   Code   RO         1334    .ARM.Collect$$libinit$$00000015  c_w.l(libinit2.o)
    0x08000210   0x00000000   Code   RO         1336    .ARM.Collect$$libinit$$00000017  c_w.l(libinit2.o)
    0x08000210   0x00000000   Code   RO         1338    .ARM.Collect$$libinit$$00000019  c_w.l(libinit2.o)
    0x08000210   0x00000000   Code   RO         1340    .ARM.Collect$$libinit$$0000001B  c_w.l(libinit2.o)
    0x08000210   0x00000000   Code   RO         1342    .ARM.Collect$$libinit$$0000001D  c_w.l(libinit2.o)
    0x08000210   0x00000000   Code   RO         1344    .ARM.Collect$$libinit$$0000001F  c_w.l(libinit2.o)
    0x08000210   0x00000000   Code   RO         1346    .ARM.Collect$$libinit$$00000021  c_w.l(libinit2.o)
    0x08000210   0x00000000   Code   RO         1348    .ARM.Collect$$libinit$$00000023  c_w.l(libinit2.o)
    0x08000210   0x00000000   Code   RO         1352    .ARM.Collect$$libinit$$0000002A  c_w.l(libinit2.o)
    0x08000210   0x00000000   Code   RO         1354    .ARM.Collect$$libinit$$0000002C  c_w.l(libinit2.o)
    0x08000210   0x00000000   Code   RO         1356    .ARM.Collect$$libinit$$0000002E  c_w.l(libinit2.o)
    0x08000210   0x00000000   Code   RO         1358    .ARM.Collect$$libinit$$00000030  c_w.l(libinit2.o)
    0x08000210   0x00000002   Code   RO         1359    .ARM.Collect$$libinit$$00000031  c_w.l(libinit2.o)
    0x08000212   0x00000002   Code   RO         1389    .ARM.Collect$$libshutdown$$00000000  c_w.l(libshutdown.o)
    0x08000214   0x00000000   Code   RO         1404    .ARM.Collect$$libshutdown$$00000003  c_w.l(libshutdown2.o)
    0x08000214   0x00000000   Code   RO         1407    .ARM.Collect$$libshutdown$$00000006  c_w.l(libshutdown2.o)
    0x08000214   0x00000000   Code   RO         1410    .ARM.Collect$$libshutdown$$00000009  c_w.l(libshutdown2.o)
    0x08000214   0x00000000   Code   RO         1412    .ARM.Collect$$libshutdown$$0000000B  c_w.l(libshutdown2.o)
    0x08000214   0x00000000   Code   RO         1415    .ARM.Collect$$libshutdown$$0000000E  c_w.l(libshutdown2.o)
    0x08000214   0x00000002   Code   RO         1416    .ARM.Collect$$libshutdown$$0000000F  c_w.l(libshutdown2.o)
    0x08000216   0x00000000   Code   RO         1202    .ARM.Collect$$rtentry$$00000000  c_w.l(rtentry.o)
    0x08000216   0x00000000   Code   RO         1257    .ARM.Collect$$rtentry$$00000002  c_w.l(rtentry2.o)
    0x08000216   0x00000006   Code   RO         1269    .ARM.Collect$$rtentry$$00000004  c_w.l(rtentry4.o)
    0x0800021c   0x00000000   Code   RO         1259    .ARM.Collect$$rtentry$$00000009  c_w.l(rtentry2.o)
    0x0800021c   0x00000004   Code   RO         1260    .ARM.Collect$$rtentry$$0000000A  c_w.l(rtentry2.o)
    0x08000220   0x00000000   Code   RO         1262    .ARM.Collect$$rtentry$$0000000C  c_w.l(rtentry2.o)
    0x08000220   0x00000008   Code   RO         1263    .ARM.Collect$$rtentry$$0000000D  c_w.l(rtentry2.o)
    0x08000228   0x00000002   Code   RO         1311    .ARM.Collect$$rtexit$$00000000  c_w.l(rtexit.o)
    0x0800022a   0x00000000   Code   RO         1363    .ARM.Collect$$rtexit$$00000002  c_w.l(rtexit2.o)
    0x0800022a   0x00000004   Code   RO         1364    .ARM.Collect$$rtexit$$00000003  c_w.l(rtexit2.o)
    0x0800022e   0x00000006   Code   RO         1365    .ARM.Collect$$rtexit$$00000004  c_w.l(rtexit2.o)
    0x08000234   0x00000154   Code   RO            1    .text               main.o
    0x08000388   0x00000018   Code   RO          189    .text               stm32f10x_it.o
    0x080003a0   0x000001e0   Code   RO          230    .text               system_stm32f10x.o
    0x08000580   0x00000170   Code   RO          248    .text               mytask.o
    0x080006f0   0x00000044   Code   RO          263    .text               init.o
    0x08000734   0x0000079c   Code   RO          275    .text               menu.o
    0x08000ed0   0x00000058   Code   RO          290    .text               led.o
    0x08000f28   0x00000224   Code   RO          302    .text               key.o
    0x0800114c   0x0000017c   Code   RO          363    .text               timebase.o
    0x080012c8   0x0000055c   Code   RO          395    .text               encoder.o
    0x08001824   0x00000478   Code   RO          421    .text               rtc.o
    0x08001c9c   0x000003ac   Code   RO          482    .text               mpu6050.o
    0x08002048   0x0000024c   Code   RO          494    .text               mpuiic.o
    0x08002294   0x00000d70   Code   RO          506    .text               inv_mpu_dmp_motion_driver.o
    0x08003004   0x0000228c   Code   RO          537    .text               inv_mpu.o
    0x08005290   0x00001c64   Code   RO          561    .text               ili9320.o
    0x08006ef4   0x00000048   Code   RO          597    .text               hz16.o
    0x08006f3c   0x0000037c   Code   RO          613    .text               remote.o
    0x080072b8   0x00000038   Code   RO          631    .text               beep.o
    0x080072f0   0x000000d4   Code   RO          643    .text               delay.o
    0x080073c4   0x00000140   Code   RO          674    .text               usart.o
    0x08007504   0x00000040   Code   RO          722    .text               startup_stm32f10x_hd.o
    0x08007544   0x000000dc   Code   RO          726    .text               misc.o
    0x08007620   0x0000060c   Code   RO          738    .text               stm32f10x_fsmc.o
    0x08007c2c   0x0000035c   Code   RO          750    .text               stm32f10x_gpio.o
    0x08007f88   0x000003a4   Code   RO          762    .text               stm32f10x_rcc.o
    0x0800832c   0x00000408   Code   RO          788    .text               stm32f10x_usart.o
    0x08008734   0x00000e1a   Code   RO          800    .text               stm32f10x_tim.o
    0x0800954e   0x00000002   PAD
    0x08009550   0x000000c4   Code   RO          824    .text               stm32f10x_bkp.o
    0x08009614   0x000000cc   Code   RO          956    .text               stm32f10x_pwr.o
    0x080096e0   0x00000148   Code   RO          968    .text               stm32f10x_rtc.o
    0x08009828   0x00000b94   Code   RO         1004    .text               usmart.o
    0x0800a3bc   0x00000528   Code   RO         1033    .text               usmart_str.o
    0x0800a8e4   0x00000002   Code   RO         1047    .text               c_w.l(use_no_semi_2.o)
    0x0800a8e6   0x00000048   Code   RO         1049    .text               c_w.l(llsdiv.o)
    0x0800a92e   0x00000002   PAD
    0x0800a930   0x00000018   Code   RO         1053    .text               c_w.l(noretval__2printf.o)
    0x0800a948   0x0000004e   Code   RO         1057    .text               c_w.l(_printf_pad.o)
    0x0800a996   0x00000052   Code   RO         1059    .text               c_w.l(_printf_str.o)
    0x0800a9e8   0x00000074   Code   RO         1061    .text               c_w.l(_printf_dec.o)
    0x0800aa5c   0x00000058   Code   RO         1066    .text               c_w.l(_printf_hex_int.o)
    0x0800aab4   0x00000188   Code   RO         1101    .text               c_w.l(__printf_flags_ss_wp.o)
    0x0800ac3c   0x00000058   Code   RO         1110    .text               c_w.l(memcmp.o)
    0x0800ac94   0x00000010   Code   RO         1112    .text               c_w.l(aeabi_memset.o)
    0x0800aca4   0x00000006   Code   RO         1114    .text               c_w.l(heapauxi.o)
    0x0800acaa   0x00000002   Code   RO         1200    .text               c_w.l(use_no_semi.o)
    0x0800acac   0x000000ee   Code   RO         1203    .text               c_w.l(lludivv7m.o)
    0x0800ad9a   0x00000016   Code   RO         1205    .text               c_w.l(_rserrno.o)
    0x0800adb0   0x000000b2   Code   RO         1207    .text               c_w.l(_printf_intcommon.o)
    0x0800ae62   0x0000002c   Code   RO         1209    .text               c_w.l(_printf_char.o)
    0x0800ae8e   0x00000002   PAD
    0x0800ae90   0x00000024   Code   RO         1211    .text               c_w.l(_printf_char_file.o)
    0x0800aeb4   0x00000044   Code   RO         1214    .text               c_w.l(rt_memclr.o)
    0x0800aef8   0x00000008   Code   RO         1278    .text               c_w.l(rt_errno_addr_intlibspace.o)
    0x0800af00   0x00000030   Code   RO         1280    .text               c_w.l(_printf_char_common.o)
    0x0800af30   0x00000008   Code   RO         1282    .text               c_w.l(ferror.o)
    0x0800af38   0x0000004e   Code   RO         1286    .text               c_w.l(rt_memclr_w.o)
    0x0800af86   0x00000002   PAD
    0x0800af88   0x00000008   Code   RO         1292    .text               c_w.l(libspace.o)
    0x0800af90   0x0000004a   Code   RO         1295    .text               c_w.l(sys_stackheap_outer.o)
    0x0800afda   0x0000000c   Code   RO         1301    .text               c_w.l(exit.o)
    0x0800afe6   0x00000028   Code   RO         1243    i.__ARM_fpclassify  m_ws.l(fpclassify.o)
    0x0800b00e   0x000000aa   Code   RO         1245    i.__kernel_poly     m_ws.l(poly.o)
    0x0800b0b8   0x00000010   Code   RO         1241    i.__mathlib_dbl_underflow  m_ws.l(dunder.o)
    0x0800b0c8   0x0000000e   Code   RO         1094    i._is_digit         c_w.l(__printf_wp.o)
    0x0800b0d6   0x00000002   PAD
    0x0800b0d8   0x0000027c   Code   RO         1183    i.asin              m_ws.l(asin.o)
    0x0800b354   0x00000224   Code   RO         1232    i.atan              m_ws.l(atan.o)
    0x0800b578   0x00000180   Code   RO         1193    i.atan2             m_ws.l(atan2.o)
    0x0800b6f8   0x00000060   Code   RO          574    i.ili9320_SetCursor  ili9320.o
    0x0800b758   0x0000004c   Code   RO         1249    i.sqrt              m_ws.l(sqrt.o)
    0x0800b7a4   0x00000062   Code   RO         1118    x$fpl$d2f           fz_ws.l(d2f.o)
    0x0800b806   0x00000002   PAD
    0x0800b808   0x00000150   Code   RO         1120    x$fpl$dadd          fz_ws.l(daddsub_clz.o)
    0x0800b958   0x00000010   Code   RO         1288    x$fpl$dcheck1       fz_ws.l(dcheck1.o)
    0x0800b968   0x00000018   Code   RO         1216    x$fpl$dcmpinf       fz_ws.l(dcmpi.o)
    0x0800b980   0x000002b0   Code   RO         1127    x$fpl$ddiv          fz_ws.l(ddiv.o)
    0x0800bc30   0x00000078   Code   RO         1130    x$fpl$deqf          fz_ws.l(deqf.o)
    0x0800bca8   0x0000002e   Code   RO         1137    x$fpl$dflt          fz_ws.l(dflt_clz.o)
    0x0800bcd6   0x00000026   Code   RO         1136    x$fpl$dfltu         fz_ws.l(dflt_clz.o)
    0x0800bcfc   0x00000154   Code   RO         1144    x$fpl$dmul          fz_ws.l(dmul.o)
    0x0800be50   0x0000009c   Code   RO         1218    x$fpl$dnaninf       fz_ws.l(dnaninf.o)
    0x0800beec   0x0000000c   Code   RO         1220    x$fpl$dretinf       fz_ws.l(dretinf.o)
    0x0800bef8   0x00000016   Code   RO         1121    x$fpl$drsb          fz_ws.l(daddsub_clz.o)
    0x0800bf0e   0x00000002   PAD
    0x0800bf10   0x000001cc   Code   RO         1290    x$fpl$dsqrt         fz_ws.l(dsqrt_noumaal.o)
    0x0800c0dc   0x000001d4   Code   RO         1122    x$fpl$dsub          fz_ws.l(daddsub_clz.o)
    0x0800c2b0   0x00000056   Code   RO         1148    x$fpl$f2d           fz_ws.l(f2d.o)
    0x0800c306   0x00000002   PAD
    0x0800c308   0x000000c4   Code   RO         1150    x$fpl$fadd          fz_ws.l(faddsub_clz.o)
    0x0800c3cc   0x00000018   Code   RO         1222    x$fpl$fcmpinf       fz_ws.l(fcmpi.o)
    0x0800c3e4   0x00000184   Code   RO         1157    x$fpl$fdiv          fz_ws.l(fdiv.o)
    0x0800c568   0x00000068   Code   RO         1160    x$fpl$feqf          fz_ws.l(feqf.o)
    0x0800c5d0   0x00000036   Code   RO         1162    x$fpl$ffix          fz_ws.l(ffix.o)
    0x0800c606   0x00000002   PAD
    0x0800c608   0x0000003e   Code   RO         1166    x$fpl$ffixu         fz_ws.l(ffixu.o)
    0x0800c646   0x00000002   PAD
    0x0800c648   0x00000030   Code   RO         1171    x$fpl$fflt          fz_ws.l(fflt_clz.o)
    0x0800c678   0x00000026   Code   RO         1170    x$fpl$ffltu         fz_ws.l(fflt_clz.o)
    0x0800c69e   0x00000002   PAD
    0x0800c6a0   0x00000068   Code   RO         1176    x$fpl$fleqf         fz_ws.l(fleqf.o)
    0x0800c708   0x00000102   Code   RO         1178    x$fpl$fmul          fz_ws.l(fmul.o)
    0x0800c80a   0x0000008c   Code   RO         1224    x$fpl$fnaninf       fz_ws.l(fnaninf.o)
    0x0800c896   0x0000000a   Code   RO         1226    x$fpl$fretinf       fz_ws.l(fretinf.o)
    0x0800c8a0   0x00000062   Code   RO         1180    x$fpl$frleqf        fz_ws.l(frleqf.o)
    0x0800c902   0x00000002   PAD
    0x0800c904   0x000000ea   Code   RO         1152    x$fpl$fsub          fz_ws.l(faddsub_clz.o)
    0x0800c9ee   0x00000064   Code   RO         1309    x$fpl$retnan        fz_ws.l(retnan.o)
    0x0800ca52   0x0000005c   Code   RO         1228    x$fpl$scalbn        fz_ws.l(scalbn.o)
    0x0800caae   0x00000030   Code   RO         1360    x$fpl$trapveneer    fz_ws.l(trapv.o)
    0x0800cade   0x00000000   Code   RO         1230    x$fpl$usenofp       fz_ws.l(usenofp.o)
    0x0800cade   0x00000018   Data   RO          423    .constdata          rtc.o
    0x0800caf6   0x00000bf6   Data   RO          508    .constdata          inv_mpu_dmp_motion_driver.o
    0x0800d6ec   0x00000050   Data   RO          538    .constdata          inv_mpu.o
    0x0800d73c   0x00001e6e   Data   RO          562    .constdata          ili9320.o
    0x0800f5aa   0x00000028   Data   RO         1067    .constdata          c_w.l(_printf_hex_int.o)
    0x0800f5d2   0x00000011   Data   RO         1102    .constdata          c_w.l(__printf_flags_ss_wp.o)
    0x0800f5e3   0x00000005   PAD
    0x0800f5e8   0x00000050   Data   RO         1184    .constdata          m_ws.l(asin.o)
    0x0800f638   0x00000098   Data   RO         1233    .constdata          m_ws.l(atan.o)
    0x0800f6d0   0x00000008   Data   RO         1247    .constdata          m_ws.l(qnan.o)
    0x0800f6d8   0x0000004d   Data   RO          539    .conststring        inv_mpu.o
    0x0800f725   0x00000003   PAD
    0x0800f728   0x00000028   Data   RO         1005    .conststring        usmart.o
    0x0800f750   0x000000cb   Data   RO         1020    .conststring        usmart_config.o
    0x0800f81b   0x00000001   PAD
    0x0800f81c   0x00000020   Data   RO         1434    Region$$Table       anon$$obj.o


    Execution Region RW_IRAM1 (Base: 0x20000000, Size: 0x000015b0, Max: 0x00010000, ABSOLUTE, COMPRESSED[0x00000644])

    Base Addr    Size         Type   Attr      Idx    E Section Name        Object

    0x20000000   0x00000014   Data   RW          231    .data               system_stm32f10x.o
    0x20000014   0x00000001   Data   RW          303    .data               key.o
    0x20000015   0x00000003   PAD
    0x20000018   0x0000001a   Data   RW          364    .data               timebase.o
    0x20000032   0x00000006   PAD
    0x20000038   0x00000040   Data   RW          397    .data               encoder.o
    0x20000078   0x00000002   Data   RW          424    .data               rtc.o
    0x2000007a   0x00000002   PAD
    0x2000007c   0x00000035   Data   RW          540    .data               inv_mpu.o
    0x200000b1   0x00000001   PAD
    0x200000b2   0x00000c06   Data   RW          563    .data               ili9320.o
    0x20000cb8   0x00000009   Data   RW          614    .data               remote.o
    0x20000cc1   0x00000001   PAD
    0x20000cc2   0x00000004   Data   RW          644    .data               delay.o
    0x20000cc6   0x00000002   PAD
    0x20000cc8   0x00000006   Data   RW          676    .data               usart.o
    0x20000cce   0x00000014   Data   RW          763    .data               stm32f10x_rcc.o
    0x20000ce2   0x00000002   PAD
    0x20000ce4   0x0000001c   Data   RW         1006    .data               usmart.o
    0x20000d00   0x0000012c   Data   RW         1021    .data               usmart_config.o
    0x20000e2c   0x00000004   PAD
    0x20000e30   0x00000038   Zero   RW          396    .bss                encoder.o
    0x20000e68   0x0000000a   Zero   RW          422    .bss                rtc.o
    0x20000e72   0x00000002   PAD
    0x20000e74   0x00000010   Zero   RW          507    .bss                inv_mpu_dmp_motion_driver.o
    0x20000e84   0x000000c8   Zero   RW          675    .bss                usart.o
    0x20000f4c   0x00000060   Zero   RW         1293    .bss                c_w.l(libspace.o)
    0x20000fac   0x00000004   PAD
    0x20000fb0   0x00000200   Zero   RW          720    HEAP                startup_stm32f10x_hd.o
    0x200011b0   0x00000400   Zero   RW          719    STACK               startup_stm32f10x_hd.o


==============================================================================

Image component sizes


      Code (inc. data)   RO Data    RW Data    ZI Data      Debug   Object Name

        56          6          0          0          0        516   beep.o
       212         18          0          4          0       1075   delay.o
      1372        132          0         64         56       3810   encoder.o
        72          4          0          0          0       1490   hz16.o
      7364        100       7790       3078          0      24461   ili9320.o
        68          6          0          0          0        499   init.o
      8844        196        157         53          0      23317   inv_mpu.o
      3440        126       3062          0         16      15159   inv_mpu_dmp_motion_driver.o
       548         22          0          1          0       1036   key.o
        88         10          0          0          0        523   led.o
       340         38          0          0          0     261483   main.o
      1948        496          0          0          0       1617   menu.o
       220         22          0          0          0       1849   misc.o
       940         28          0          0          0       4279   mpu6050.o
       588         14          0          0          0       2066   mpuiic.o
       368          0          0          0          0       1297   mytask.o
       892         28          0          9          0       1974   remote.o
      1144         62         24          2         10       4374   rtc.o
        64         26        304          0       1536        812   startup_stm32f10x_hd.o
       196          8          0          0          0       3512   stm32f10x_bkp.o
      1548         18          0          0          0       5399   stm32f10x_fsmc.o
       860         38          0          0          0       5697   stm32f10x_gpio.o
        24          0          0          0          0       1114   stm32f10x_it.o
       204         14          0          0          0       1943   stm32f10x_pwr.o
       932         36          0         20          0       8896   stm32f10x_rcc.o
       328          4          0          0          0       2694   stm32f10x_rtc.o
      3610         88          0          0          0      22180   stm32f10x_tim.o
      1032         22          0          0          0       8420   stm32f10x_usart.o
         0          0          0          0          0         32   sys.o
       480         38          0         20          0       1815   system_stm32f10x.o
       380         36          0         26          0       4110   timebase.o
       320         16          0          6        200       3226   usart.o
      2964       1286         40         28          0       3986   usmart.o
         0          0        203        300          0       1624   usmart_config.o
      1320         12          0          0          0       5105   usmart_str.o

    ----------------------------------------------------------------------
     42768       2950      11616       3628       1824     431390   Object Totals
         0          0         32          0          0          0   (incl. Generated)
         2          0          4         17          6          0   (incl. Padding)

    ----------------------------------------------------------------------

      Code (inc. data)   RO Data    RW Data    ZI Data      Debug   Library Member Name

       100          0          0          0          0          0   __dclz77c.o
         8          0          0          0          0         68   __main.o
       392          4         17          0          0         92   __printf_flags_ss_wp.o
        14          0          0          0          0         68   __printf_wp.o
        52          8          0          0          0          0   __scatter.o
        28          0          0          0          0          0   __scatter_zi.o
         6          0          0          0          0          0   _printf_c.o
        44          0          0          0          0        108   _printf_char.o
        48          6          0          0          0         96   _printf_char_common.o
        36          4          0          0          0         80   _printf_char_file.o
         6          0          0          0          0          0   _printf_d.o
       116         16          0          0          0         92   _printf_dec.o
        88          4         40          0          0         88   _printf_hex_int.o
       178          0          0          0          0         88   _printf_intcommon.o
        78          0          0          0          0        108   _printf_pad.o
         0          0          0          0          0          0   _printf_percent.o
         4          0          0          0          0          0   _printf_percent_end.o
         6          0          0          0          0          0   _printf_s.o
        82          0          0          0          0         80   _printf_str.o
         6          0          0          0          0          0   _printf_u.o
         6          0          0          0          0          0   _printf_x.o
        22          0          0          0          0        100   _rserrno.o
        16          0          0          0          0         68   aeabi_memset.o
        12          0          0          0          0         72   exit.o
         8          0          0          0          0         68   ferror.o
         6          0          0          0          0        152   heapauxi.o
         2          0          0          0          0          0   libinit.o
         2          0          0          0          0          0   libinit2.o
         2          0          0          0          0          0   libshutdown.o
         2          0          0          0          0          0   libshutdown2.o
         8          4          0          0         96         68   libspace.o
        72          0          0          0          0         76   llsdiv.o
       238          0          0          0          0        100   lludivv7m.o
        88          0          0          0          0         76   memcmp.o
        24          4          0          0          0         84   noretval__2printf.o
         8          4          0          0          0         68   rt_errno_addr_intlibspace.o
        68          0          0          0          0         68   rt_memclr.o
        78          0          0          0          0         80   rt_memclr_w.o
         0          0          0          0          0          0   rtentry.o
        12          0          0          0          0          0   rtentry2.o
         6          0          0          0          0          0   rtentry4.o
         2          0          0          0          0          0   rtexit.o
        10          0          0          0          0          0   rtexit2.o
        74          0          0          0          0         80   sys_stackheap_outer.o
         2          0          0          0          0         68   use_no_semi.o
         2          0          0          0          0         68   use_no_semi_2.o
        98          4          0          0          0         92   d2f.o
       826         16          0          0          0        348   daddsub_clz.o
        16          4          0          0          0         68   dcheck1.o
        24          0          0          0          0         68   dcmpi.o
       688        140          0          0          0        208   ddiv.o
       120          4          0          0          0         92   deqf.o
        84          0          0          0          0        136   dflt_clz.o
       340         12          0          0          0        104   dmul.o
       156          4          0          0          0         92   dnaninf.o
        12          0          0          0          0         68   dretinf.o
       460         56          0          0          0        120   dsqrt_noumaal.o
        86          4          0          0          0         84   f2d.o
       430          8          0          0          0        168   faddsub_clz.o
        24          0          0          0          0         68   fcmpi.o
       388         76          0          0          0         96   fdiv.o
       104          4          0          0          0         84   feqf.o
        54          4          0          0          0         84   ffix.o
        62          4          0          0          0         84   ffixu.o
        86          0          0          0          0        136   fflt_clz.o
       104          4          0          0          0         84   fleqf.o
       258          4          0          0          0         84   fmul.o
       140          4          0          0          0         84   fnaninf.o
        10          0          0          0          0         68   fretinf.o
        98          0          0          0          0         68   frleqf.o
       100          0          0          0          0         68   retnan.o
        92          0          0          0          0         68   scalbn.o
        48          0          0          0          0         68   trapv.o
         0          0          0          0          0          0   usenofp.o
       636         52         80          0          0        168   asin.o
       548         70        152          0          0        124   atan.o
       384         38          0          0          0        144   atan2.o
        16          6          0          0          0         68   dunder.o
        40          0          0          0          0         68   fpclassify.o
       170          0          0          0          0         96   poly.o
         0          0          8          0          0          0   qnan.o
        76          0          0          0          0         84   sqrt.o

    ----------------------------------------------------------------------
      8862        572        302          0        100       5808   Library Totals
        22          0          5          0          4          0   (incl. Padding)

    ----------------------------------------------------------------------

      Code (inc. data)   RO Data    RW Data    ZI Data      Debug   Library Name

      2062         54         57          0         96       2264   c_w.l
      4908        352          0          0          0       2792   fz_ws.l
      1870        166        240          0          0        752   m_ws.l

    ----------------------------------------------------------------------
      8862        572        302          0        100       5808   Library Totals

    ----------------------------------------------------------------------

==============================================================================


      Code (inc. data)   RO Data    RW Data    ZI Data      Debug   

     51630       3522      11918       3628       1924     430590   Grand Totals
     51630       3522      11918       1604       1924     430590   ELF Image Totals (compressed)
     51630       3522      11918       1604          0          0   ROM Totals

==============================================================================

    Total RO  Size (Code + RO Data)                63548 (  62.06kB)
    Total RW  Size (RW Data + ZI Data)              5552 (   5.42kB)
    Total ROM Size (Code + RO Data + RW Data)      65152 (  63.63kB)

==============================================================================

