Product: MDK-ARM Professional 5.10
Component: ARM Compiler 5.04 update 1 (build 49)
Tool: armlink [5040049]

==============================================================================

Section Cross References

    main.o(.text) refers to delay.o(.text) for delay_init
    main.o(.text) refers to misc.o(.text) for NVIC_PriorityGroupConfig
    main.o(.text) refers to usart.o(.text) for uart_init
    main.o(.text) refers to led.o(.text) for LED_Init
    main.o(.text) refers to key.o(.text) for KEY_Init
    main.o(.text) refers to rtc.o(.text) for RTC_Init
    main.o(.text) refers to motor.o(.text) for MotorInit
    main.o(.text) refers to encoder.o(.text) for Encoder_Init
    main.o(.text) refers to lcd.o(.text) for LCD_Init
    main.o(.text) refers to 24l01.o(.text) for NRF24L01_Init
    main.o(.text) refers to timebase.o(.text) for TB_Init
    main.o(.text) refers to lcd.o(.data) for POINT_COLOR
    system_stm32f10x.o(.text) refers to system_stm32f10x.o(.data) for SystemCoreClock
    mytask.o(.text) refers to motor.o(.text) for MotorB_Backward
    mytask.o(.text) refers to delay.o(.text) for delay_ms
    led.o(.text) refers to stm32f10x_rcc.o(.text) for RCC_APB2PeriphClockCmd
    led.o(.text) refers to stm32f10x_gpio.o(.text) for GPIO_Init
    key.o(.text) refers to stm32f10x_rcc.o(.text) for RCC_APB2PeriphClockCmd
    key.o(.text) refers to stm32f10x_gpio.o(.text) for GPIO_Init
    key.o(.text) refers to delay.o(.text) for delay_ms
    key.o(.text) refers to key.o(.data) for key_up
    lcd.o(.text) refers to _printf_percent.o(.ARM.Collect$$_printf_percent$$00000000) for _printf_percent
    lcd.o(.text) refers to _printf_x.o(.ARM.Collect$$_printf_percent$$0000000C) for _printf_x
    lcd.o(.text) refers to _printf_hex_int.o(.text) for _printf_longlong_hex
    lcd.o(.text) refers to delay.o(.text) for delay_us
    lcd.o(.text) refers to lcd.o(.bss) for lcddev
    lcd.o(.text) refers to lcd.o(.data) for POINT_COLOR
    lcd.o(.text) refers to dflt_clz.o(x$fpl$dfltu) for __aeabi_ui2d
    lcd.o(.text) refers to dmul.o(x$fpl$dmul) for __aeabi_dmul
    lcd.o(.text) refers to dfixu.o(x$fpl$dfixu) for __aeabi_d2uiz
    lcd.o(.text) refers to stm32f10x_rcc.o(.text) for RCC_AHBPeriphClockCmd
    lcd.o(.text) refers to stm32f10x_gpio.o(.text) for GPIO_Init
    lcd.o(.text) refers to stm32f10x_fsmc.o(.text) for FSMC_NORSRAMInit
    lcd.o(.text) refers to noretval__2printf.o(.text) for __2printf
    lcd.o(.text) refers to lcd.o(.constdata) for asc2_1206
    spi.o(.text) refers to stm32f10x_spi.o(.text) for SPI_I2S_GetFlagStatus
    spi.o(.text) refers to stm32f10x_rcc.o(.text) for RCC_APB2PeriphClockCmd
    spi.o(.text) refers to stm32f10x_gpio.o(.text) for GPIO_Init
    24l01.o(.text) refers to stm32f10x_rcc.o(.text) for RCC_APB2PeriphClockCmd
    24l01.o(.text) refers to stm32f10x_gpio.o(.text) for GPIO_Init
    24l01.o(.text) refers to spi.o(.text) for SPI2_Init
    24l01.o(.text) refers to stm32f10x_spi.o(.text) for SPI_Cmd
    24l01.o(.text) refers to 24l01.o(.constdata) for RX_ADDRESS
    motor.o(.text) refers to stm32f10x_rcc.o(.text) for RCC_APB1PeriphClockCmd
    motor.o(.text) refers to stm32f10x_gpio.o(.text) for GPIO_Init
    motor.o(.text) refers to stm32f10x_tim.o(.text) for TIM_TimeBaseInit
    motor.o(.text) refers to motor.o(.data) for PrescalerValue
    control.o(.text) refers to dflt_clz.o(x$fpl$dflt) for __aeabi_i2d
    control.o(.text) refers to daddsub_clz.o(x$fpl$dadd) for __aeabi_dadd
    control.o(.text) refers to drleqf.o(x$fpl$drleqf) for __aeabi_cdrcmple
    control.o(.text) refers to dleqf.o(x$fpl$dleqf) for __aeabi_cdcmple
    control.o(.text) refers to f2d.o(x$fpl$f2d) for __aeabi_f2d
    control.o(.text) refers to dmul.o(x$fpl$dmul) for __aeabi_dmul
    control.o(.text) refers to fflt_clz.o(x$fpl$fflt) for __aeabi_i2f
    control.o(.text) refers to fmul.o(x$fpl$fmul) for __aeabi_fmul
    control.o(.text) refers to dfix.o(x$fpl$dfix) for __aeabi_d2iz
    control.o(.text) refers to daddsub_clz.o(x$fpl$dsub) for __aeabi_dsub
    control.o(.text) refers to globals.o(.bss) for SpeedPID
    control.o(.text) refers to app.o(.text) for abs
    control.o(.text) refers to fleqf.o(x$fpl$fleqf) for __aeabi_cfcmple
    control.o(.text) refers to faddsub_clz.o(x$fpl$fadd) for __aeabi_fadd
    control.o(.text) refers to feqf.o(x$fpl$feqf) for __aeabi_cfcmpeq
    control.o(.text) refers to frleqf.o(x$fpl$frleqf) for __aeabi_cfrcmple
    control.o(.text) refers to faddsub_clz.o(x$fpl$fsub) for __aeabi_fsub
    control.o(.text) refers to faddsub_clz.o(x$fpl$frsb) for __aeabi_frsub
    control.o(.text) refers to ffix.o(x$fpl$ffix) for __aeabi_f2iz
    control.o(.text) refers to motor.o(.text) for MotorB_PWM_Update
    control.o(.text) refers to control.o(.data) for spdTag
    control.o(.text) refers to control.o(.bss) for PID_Control
    timebase.o(.text) refers to stm32f10x_rcc.o(.text) for RCC_APB1PeriphClockCmd
    timebase.o(.text) refers to stm32f10x_tim.o(.text) for TIM_TimeBaseInit
[...]
    x$fpl$dfixu                              0x0800ac4c   Section       90  dfixu.o(x$fpl$dfixu)
    x$fpl$dflt                               0x0800aca6   Section       46  dflt_clz.o(x$fpl$dflt)
    x$fpl$dfltu                              0x0800acd4   Section       38  dflt_clz.o(x$fpl$dfltu)
    x$fpl$dmul                               0x0800acfc   Section      340  dmul.o(x$fpl$dmul)
    x$fpl$dnaninf                            0x0800ae50   Section      156  dnaninf.o(x$fpl$dnaninf)
    x$fpl$dretinf                            0x0800aeec   Section       12  dretinf.o(x$fpl$dretinf)
    x$fpl$dsub                               0x0800aef8   Section      468  daddsub_clz.o(x$fpl$dsub)
    _dsub1                                   0x0800af09   Thumb Code     0  daddsub_clz.o(x$fpl$dsub)
    x$fpl$f2d                                0x0800b0cc   Section       86  f2d.o(x$fpl$f2d)
    x$fpl$fdiv                               0x0800b124   Section      388  fdiv.o(x$fpl$fdiv)
    _fdiv1                                   0x0800b125   Thumb Code     0  fdiv.o(x$fpl$fdiv)
    x$fpl$ffix                               0x0800b2a8   Section       54  ffix.o(x$fpl$ffix)
    x$fpl$ffltu                              0x0800b2e0   Section       38  fflt_clz.o(x$fpl$ffltu)
    x$fpl$fmul                               0x0800b308   Section      258  fmul.o(x$fpl$fmul)
    x$fpl$fnaninf                            0x0800b40a   Section      140  fnaninf.o(x$fpl$fnaninf)
    x$fpl$fretinf                            0x0800b496   Section       10  fretinf.o(x$fpl$fretinf)
    .constdata                               0x0800b4a0   Section     6080  lcd.o(.constdata)
    x$fpl$usenofp                            0x0800b4a0   Section        0  usenofp.o(x$fpl$usenofp)
    .constdata                               0x0800cc60   Section       10  24l01.o(.constdata)
    .constdata                               0x0800cc6a   Section       24  rtc.o(.constdata)
    .constdata                               0x0800cc82   Section       40  _printf_hex_int.o(.constdata)
    uc_hextab                                0x0800cc82   Data          20  _printf_hex_int.o(.constdata)
    lc_hextab                                0x0800cc96   Data          20  _printf_hex_int.o(.constdata)
    .constdata                               0x0800ccaa   Section       17  __printf_flags_ss_wp.o(.constdata)
    maptable                                 0x0800ccaa   Data          17  __printf_flags_ss_wp.o(.constdata)
    .conststring                             0x0800ccbc   Section       40  usmart.o(.conststring)
    .conststring                             0x0800cce4   Section      226  usmart_config.o(.conststring)
    .data                                    0x20000000   Section       20  system_stm32f10x.o(.data)
    .data                                    0x20000014   Section        1  key.o(.data)
    key_up                                   0x20000014   Data           1  key.o(.data)
    .data                                    0x20000016   Section        4  lcd.o(.data)
    .data                                    0x2000001a   Section        2  motor.o(.data)
    .data                                    0x2000001c   Section       18  timebase.o(.data)
    hTimebase_PositionPID_Time               0x2000001c   Data           2  timebase.o(.data)
    hTimebase_SpeedPID_Time                  0x2000001e   Data           2  timebase.o(.data)
    hTimebase_Delay_Time                     0x20000020   Data           2  timebase.o(.data)
    hTimebase_Display_Time                   0x20000022   Data           2  timebase.o(.data)
    hTimebase_ADC_Time                       0x20000024   Data           2  timebase.o(.data)
    hTimebase_LED_Time                       0x2000002c   Data           2  timebase.o(.data)
    .data                                    0x20000030   Section       64  encoder.o(.data)
    bSpeed_Buffer_Index                      0x20000048   Data           1  encoder.o(.data)
    hEncoder_Timer_Overflow                  0x2000004a   Data           2  encoder.o(.data)
    hEncoder_Revolutions_Num                 0x20000050   Data           8  encoder.o(.data)
    PrePosition                              0x20000058   Data           8  encoder.o(.data)
    NowPosition                              0x20000060   Data           8  encoder.o(.data)
    SpeedNormal                              0x20000068   Data           8  encoder.o(.data)
    .data                                    0x20000070   Section        2  rtc.o(.data)
    daycnt                                   0x20000070   Data           2  rtc.o(.data)
    .data                                    0x20000072   Section        4  delay.o(.data)
    fac_us                                   0x20000072   Data           1  delay.o(.data)
    fac_ms                                   0x20000074   Data           2  delay.o(.data)
    .data                                    0x20000078   Section        6  usart.o(.data)
    .data                                    0x2000007e   Section       20  stm32f10x_rcc.o(.data)
    APBAHBPrescTable                         0x2000007e   Data          16  stm32f10x_rcc.o(.data)
    ADCPrescTable                            0x2000008e   Data           4  stm32f10x_rcc.o(.data)
    .data                                    0x20000094   Section       28  usmart.o(.data)
    .data                                    0x200000b0   Section      308  usmart_config.o(.data)
    .bss                                     0x200001e4   Section       14  lcd.o(.bss)
    .bss                                     0x200001f8   Section       56  encoder.o(.bss)
    .bss                                     0x20000230   Section       10  rtc.o(.bss)
    .bss                                     0x2000023a   Section      200  usart.o(.bss)
    .bss                                     0x20000304   Section       96  libspace.o(.bss)
    HEAP                                     0x20000368   Section      512  startup_stm32f10x_hd.o(HEAP)
    Heap_Mem                                 0x20000368   Data         512  startup_stm32f10x_hd.o(HEAP)
    STACK                                    0x20000568   Section     1024  startup_stm32f10x_hd.o(STACK)
    Stack_Mem                                0x20000568   Data        1024  startup_stm32f10x_hd.o(STACK)
    __initial_sp                             0x20000968   Data           0  startup_stm32f10x_hd.o(STACK)

    Global Symbols

    Symbol Name                              Value     Ov Type        Size  Object(Section)

    BuildAttributes$$THM_ISAv4$P$D$K$B$S$PE$A:L22UL41UL21$X:L11$S22US41US21$IEEE1$IW$USESV6$~STKCKD$USESV7$~SHL$OTIME$ROPI$IEEEX$EBA8$UX$STANDARDLIB$REQ8$PRES8$EABIv2 0x00000000   Number         0  anon$$obj.o ABSOLUTE
    __ARM_use_no_argv                        0x00000000   Number         0  main.o ABSOLUTE
    _printf_flags                            0x00000000   Number         0  printf_stubs.o ABSOLUTE
    _printf_return_value                     0x00000000   Number         0  printf_stubs.o ABSOLUTE
    _printf_sizespec                         0x00000000   Number         0  printf_stubs.o ABSOLUTE
    _printf_widthprec                        0x00000000   Number         0  printf_stubs.o ABSOLUTE
    __ARM_exceptions_init                     - Undefined Weak Reference
    __alloca_initialize                       - Undefined Weak Reference
    __cpp_initialize__aeabi_                  - Undefined Weak Reference
    __cxa_finalize                            - Undefined Weak Reference
    __rt_locale                               - Undefined Weak Reference
    __sigvec_lookup                           - Undefined Weak Reference
    _atexit_init                              - Undefined Weak Reference
    _call_atexit_fns                          - Undefined Weak Reference
    _clock_init                               - Undefined Weak Reference
    _fp_trap_init                             - Undefined Weak Reference
    _fp_trap_shutdown                         - Undefined Weak Reference
    _get_lc_collate                           - Undefined Weak Reference
    _get_lc_ctype                             - Undefined Weak Reference
    _get_lc_monetary                          - Undefined Weak Reference
    _get_lc_numeric                           - Undefined Weak Reference
    _get_lc_time                              - Undefined Weak Reference
    _getenv_init                              - Undefined Weak Reference
    _handle_redirection                       - Undefined Weak Reference
    _init_alloc                               - Undefined Weak Reference
    _init_user_alloc                          - Undefined Weak Reference
    _initio                                   - Undefined Weak Reference
    _mutex_acquire                            - Undefined Weak Reference
    _mutex_release                            - Undefined Weak Reference
    _printf_mbtowc                            - Undefined Weak Reference
    _printf_truncate_signed                   - Undefined Weak Reference
    _printf_truncate_unsigned                 - Undefined Weak Reference
    _rand_init                                - Undefined Weak Reference
    _signal_finish                            - Undefined Weak Reference
    _signal_init                              - Undefined Weak Reference
    _terminate_alloc                          - Undefined Weak Reference
    _terminate_user_alloc                     - Undefined Weak Reference
    _terminateio                              - Undefined Weak Reference
    __Vectors_Size                           0x00000130   Number         0  startup_stm32f10x_hd.o ABSOLUTE
    __Vectors                                0x08000000   Data           4  startup_stm32f10x_hd.o(RESET)
    __Vectors_End                            0x08000130   Data           0  startup_stm32f10x_hd.o(RESET)
    __main                                   0x08000131   Thumb Code     8  __main.o(!!!main)
    __scatterload                            0x08000139   Thumb Code     0  __scatter.o(!!!scatter)
    __scatterload_rt2                        0x08000139   Thumb Code    44  __scatter.o(!!!scatter)
    __scatterload_rt2_thumb_only             0x08000139   Thumb Code     0  __scatter.o(!!!scatter)
    __scatterload_null                       0x08000147   Thumb Code     0  __scatter.o(!!!scatter)
    __decompress                             0x0800016d   Thumb Code    90  __dczerorl2.o(!!dczerorl2)
    __decompress1                            0x0800016d   Thumb Code     0  __dczerorl2.o(!!dczerorl2)
    __scatterload_zeroinit                   0x080001c9   Thumb Code    28  __scatter_zi.o(!!handler_zi)
    _printf_d                                0x080001e5   Thumb Code     0  _printf_d.o(.ARM.Collect$$_printf_percent$$00000009)
    _printf_percent                          0x080001e5   Thumb Code     0  _printf_percent.o(.ARM.Collect$$_printf_percent$$00000000)
    _printf_u                                0x080001eb   Thumb Code     0  _printf_u.o(.ARM.Collect$$_printf_percent$$0000000A)
    _printf_x                                0x080001f1   Thumb Code     0  _printf_x.o(.ARM.Collect$$_printf_percent$$0000000C)
    _printf_c                                0x080001f7   Thumb Code     0  _printf_c.o(.ARM.Collect$$_printf_percent$$00000013)
    _printf_s                                0x080001fd   Thumb Code     0  _printf_s.o(.ARM.Collect$$_printf_percent$$00000014)
    _printf_percent_end                      0x08000203   Thumb Code     0  _printf_percent_end.o(.ARM.Collect$$_printf_percent$$00000017)
    __rt_lib_init                            0x08000207   Thumb Code     0  libinit.o(.ARM.Collect$$libinit$$00000000)
    __rt_lib_init_alloca_1                   0x08000209   Thumb Code     0  libinit2.o(.ARM.Collect$$libinit$$0000002C)
    __rt_lib_init_argv_1                     0x08000209   Thumb Code     0  libinit2.o(.ARM.Collect$$libinit$$0000002A)
    __rt_lib_init_atexit_1                   0x08000209   Thumb Code     0  libinit2.o(.ARM.Collect$$libinit$$00000019)
    __rt_lib_init_clock_1                    0x08000209   Thumb Code     0  libinit2.o(.ARM.Collect$$libinit$$0000001F)
    __rt_lib_init_cpp_1                      0x08000209   Thumb Code     0  libinit2.o(.ARM.Collect$$libinit$$00000030)
    __rt_lib_init_exceptions_1               0x08000209   Thumb Code     0  libinit2.o(.ARM.Collect$$libinit$$0000002E)
    __rt_lib_init_fp_1                       0x08000209   Thumb Code     0  libinit2.o(.ARM.Collect$$libinit$$00000002)
    __rt_lib_init_fp_trap_1                  0x08000209   Thumb Code     0  libinit2.o(.ARM.Collect$$libinit$$0000001D)
    __rt_lib_init_getenv_1                   0x08000209   Thumb Code     0  libinit2.o(.ARM.Collect$$libinit$$00000021)
    __rt_lib_init_heap_1                     0x08000209   Thumb Code     0  libinit2.o(.ARM.Collect$$libinit$$00000008)
    __rt_lib_init_lc_collate_1               0x08000209   Thumb Code     0  libinit2.o(.ARM.Collect$$libinit$$0000000F)
    __rt_lib_init_lc_ctype_1                 0x08000209   Thumb Code     0  libinit2.o(.ARM.Collect$$libinit$$00000011)
    __rt_lib_init_lc_monetary_1              0x08000209   Thumb Code     0  libinit2.o(.ARM.Collect$$libinit$$00000013)
    __rt_lib_init_lc_numeric_1               0x08000209   Thumb Code     0  libinit2.o(.ARM.Collect$$libinit$$00000015)
    __rt_lib_init_lc_time_1                  0x08000209   Thumb Code     0  libinit2.o(.ARM.Collect$$libinit$$00000017)
    __rt_lib_init_rand_1                     0x08000209   Thumb Code     0  libinit2.o(.ARM.Collect$$libinit$$0000000C)
    __rt_lib_init_return                     0x08000209   Thumb Code     0  libinit2.o(.ARM.Collect$$libinit$$00000031)
    __rt_lib_init_signal_1                   0x08000209   Thumb Code     0  libinit2.o(.ARM.Collect$$libinit$$0000001B)
    __rt_lib_init_stdio_1                    0x08000209   Thumb Code     0  libinit2.o(.ARM.Collect$$libinit$$00000023)
    __rt_lib_init_user_alloc_1               0x08000209   Thumb Code     0  libinit2.o(.ARM.Collect$$libinit$$0000000A)
    __rt_lib_shutdown                        0x0800020b   Thumb Code     0  libshutdown.o(.ARM.Collect$$libshutdown$$00000000)
    __rt_lib_shutdown_fp_trap_1              0x0800020d   Thumb Code     0  libshutdown2.o(.ARM.Collect$$libshutdown$$00000006)
    __rt_lib_shutdown_heap_1                 0x0800020d   Thumb Code     0  libshutdown2.o(.ARM.Collect$$libshutdown$$0000000E)
    __rt_lib_shutdown_return                 0x0800020d   Thumb Code     0  libshutdown2.o(.ARM.Collect$$libshutdown$$0000000F)
    __rt_lib_shutdown_signal_1               0x0800020d   Thumb Code     0  libshutdown2.o(.ARM.Collect$$libshutdown$$00000009)
    __rt_lib_shutdown_stdio_1                0x0800020d   Thumb Code     0  libshutdown2.o(.ARM.Collect$$libshutdown$$00000003)
    __rt_lib_shutdown_user_alloc_1           0x0800020d   Thumb Code     0  libshutdown2.o(.ARM.Collect$$libshutdown$$0000000B)
    __rt_entry                               0x0800020f   Thumb Code     0  rtentry.o(.ARM.Collect$$rtentry$$00000000)
    __rt_entry_presh_1                       0x0800020f   Thumb Code     0  rtentry2.o(.ARM.Collect$$rtentry$$00000002)
    __rt_entry_sh                            0x0800020f   Thumb Code     0  rtentry4.o(.ARM.Collect$$rtentry$$00000004)
    __rt_entry_li                            0x08000215   Thumb Code     0  rtentry2.o(.ARM.Collect$$rtentry$$0000000A)
    __rt_entry_postsh_1                      0x08000215   Thumb Code     0  rtentry2.o(.ARM.Collect$$rtentry$$00000009)
    __rt_entry_main                          0x08000219   Thumb Code     0  rtentry2.o(.ARM.Collect$$rtentry$$0000000D)
    __rt_entry_postli_1                      0x08000219   Thumb Code     0  rtentry2.o(.ARM.Collect$$rtentry$$0000000C)
    __rt_exit                                0x08000221   Thumb Code     0  rtexit.o(.ARM.Collect$$rtexit$$00000000)
    __rt_exit_ls                             0x08000223   Thumb Code     0  rtexit2.o(.ARM.Collect$$rtexit$$00000003)
    __rt_exit_prels_1                        0x08000223   Thumb Code     0  rtexit2.o(.ARM.Collect$$rtexit$$00000002)
    __rt_exit_exit                           0x08000227   Thumb Code     0  rtexit2.o(.ARM.Collect$$rtexit$$00000004)
    led_set                                  0x0800022d   Thumb Code    12  main.o(.text)
    test_fun                                 0x08000239   Thumb Code    12  main.o(.text)
    main                                     0x08000245   Thumb Code   208  main.o(.text)
    NMI_Handler                              0x0800035d   Thumb Code     2  stm32f10x_it.o(.text)
    HardFault_Handler                        0x0800035f   Thumb Code     4  stm32f10x_it.o(.text)
    MemManage_Handler                        0x08000363   Thumb Code     4  stm32f10x_it.o(.text)
    BusFault_Handler                         0x08000367   Thumb Code     4  stm32f10x_it.o(.text)
    UsageFault_Handler                       0x0800036b   Thumb Code     4  stm32f10x_it.o(.text)
    SVC_Handler                              0x0800036f   Thumb Code     2  stm32f10x_it.o(.text)
    DebugMon_Handler                         0x08000371   Thumb Code     2  stm32f10x_it.o(.text)
    PendSV_Handler                           0x08000373   Thumb Code     2  stm32f10x_it.o(.text)
    SystemInit                               0x08000453   Thumb Code    78  system_stm32f10x.o(.text)
    SystemCoreClockUpdate                    0x080004a1   Thumb Code   142  system_stm32f10x.o(.text)
    LED_Init                                 0x08000555   Thumb Code    68  led.o(.text)
    KEY_Init                                 0x0800059d   Thumb Code    54  key.o(.text)
    KEY_Scan                                 0x080005d3   Thumb Code   116  key.o(.text)
    LCD_WR_REG                               0x08000655   Thumb Code     6  lcd.o(.text)
    LCD_WR_DATA                              0x0800065b   Thumb Code     8  lcd.o(.text)
    LCD_RD_DATA                              0x08000663   Thumb Code    16  lcd.o(.text)
    LCD_WriteReg                             0x08000673   Thumb Code    10  lcd.o(.text)
    LCD_ReadReg                              0x0800067d   Thumb Code    22  lcd.o(.text)
    LCD_WriteRAM_Prepare                     0x08000693   Thumb Code    10  lcd.o(.text)
    LCD_WriteRAM                             0x0800069d   Thumb Code     8  lcd.o(.text)
    LCD_BGR2RGB                              0x080006a5   Thumb Code    26  lcd.o(.text)
    opt_delay                                0x080006bf   Thumb Code    14  lcd.o(.text)
    LCD_SetCursor                            0x080006cd   Thumb Code   418  lcd.o(.text)
    LCD_ReadPoint                            0x0800086f   Thumb Code   360  lcd.o(.text)
    LCD_DisplayOn                            0x080009d7   Thumb Code   102  lcd.o(.text)
    LCD_DisplayOff                           0x08000a3d   Thumb Code    90  lcd.o(.text)
    LCD_Scan_Dir                             0x08000a97   Thumb Code   744  lcd.o(.text)
    LCD_DrawPoint                            0x08000d7f   Thumb Code    28  lcd.o(.text)
    LCD_Fast_DrawPoint                       0x08000d9b   Thumb Code   384  lcd.o(.text)
    LCD_SSD_BackLightSet                     0x08000f1b   Thumb Code    80  lcd.o(.text)
    LCD_Display_Dir                          0x08000f6b   Thumb Code   444  lcd.o(.text)
    LCD_Set_Window                           0x08001127   Thumb Code   540  lcd.o(.text)
    LCD_Clear                                0x08001343   Thumb Code   100  lcd.o(.text)
    LCD_Init                                 0x080013a7   Thumb Code 14190  lcd.o(.text)
    LCD_Fill                                 0x08004b15   Thumb Code   178  lcd.o(.text)
    LCD_Color_Fill                           0x08004bc7   Thumb Code   106  lcd.o(.text)
    LCD_DrawLine                             0x08004c31   Thumb Code   176  lcd.o(.text)
    LCD_DrawRectangle                        0x08004ce1   Thumb Code    60  lcd.o(.text)
    LCD_Draw_Circle                          0x08004d1d   Thumb Code   152  lcd.o(.text)
    LCD_ShowChar                             0x08004db5   Thumb Code   272  lcd.o(.text)
    LCD_Pow                                  0x08004ec5   Thumb Code    22  lcd.o(.text)
    LCD_ShowNum                              0x08004edb   Thumb Code   148  lcd.o(.text)
    LCD_ShowxNum                             0x08004f6f   Thumb Code   220  lcd.o(.text)
    LCD_ShowString                           0x0800504b   Thumb Code   102  lcd.o(.text)
    SPI2_ReadWriteByte                       0x080050b1   Thumb Code    78  spi.o(.text)
    SPI2_Init                                0x080050ff   Thumb Code   140  spi.o(.text)
    SPI2_SetSpeed                            0x0800518b   Thumb Code    36  spi.o(.text)
    NRF24L01_Init                            0x080051b9   Thumb Code   198  24l01.o(.text)
    NRF24L01_Read_Buf                        0x0800527f   Thumb Code    60  24l01.o(.text)
    NRF24L01_Write_Buf                       0x080052bb   Thumb Code    60  24l01.o(.text)
    NRF24L01_Check                           0x080052f7   Thumb Code    72  24l01.o(.text)
    NRF24L01_Write_Reg                       0x0800533f   Thumb Code    40  24l01.o(.text)
    NRF24L01_Read_Reg                        0x08005367   Thumb Code    38  24l01.o(.text)
    NRF24L01_TxPacket                        0x0800538d   Thumb Code    94  24l01.o(.text)
    NRF24L01_RxPacket                        0x080053eb   Thumb Code    58  24l01.o(.text)
    NRF24L01_RX_Mode                         0x08005425   Thumb Code    76  24l01.o(.text)
    NRF24L01_TX_Mode                         0x08005471   Thumb Code    86  24l01.o(.text)
    TIM_PWM_Init                             0x080054ed   Thumb Code   214  motor.o(.text)
    MotorInit                                0x080055c3   Thumb Code    58  motor.o(.text)
    MotorDisable                             0x080055fd   Thumb Code    12  motor.o(.text)
    MotorEnable                              0x08005609   Thumb Code    12  motor.o(.text)
    MotorA_Brk                               0x08005615   Thumb Code    14  motor.o(.text)
    MotorA_Forward                           0x08005623   Thumb Code    24  motor.o(.text)
    MotorA_Backward                          0x0800563b   Thumb Code    26  motor.o(.text)
    MotorA_Backward_PWM_Update               0x08005655   Thumb Code    20  motor.o(.text)
    MotorA_Forward_PWM_Update                0x08005669   Thumb Code    20  motor.o(.text)
    MotorA_PWM_Update                        0x0800567d   Thumb Code    26  motor.o(.text)
    MotorB_Brk                               0x08005697   Thumb Code    14  motor.o(.text)
    MotorB_Forward                           0x080056a5   Thumb Code    24  motor.o(.text)
    MotorB_Backward                          0x080056bd   Thumb Code    26  motor.o(.text)
    MotorB_Backward_PWM_Update               0x080056d7   Thumb Code    14  motor.o(.text)
    MotorB_Forward_PWM_Update                0x080056e5   Thumb Code    14  motor.o(.text)
    MotorB_PWM_Update                        0x080056f3   Thumb Code    26  motor.o(.text)
    TB_Init                                  0x0800571d   Thumb Code    90  timebase.o(.text)
    TB_SetDelay_Time                         0x08005777   Thumb Code     6  timebase.o(.text)
    TB_Delay_IsElapsed                       0x0800577d   Thumb Code    14  timebase.o(.text)
    TB_SetPositionPIDDelay_Time              0x0800578b   Thumb Code     6  timebase.o(.text)
    TB_PositionPIDDelay_IsElapsed            0x08005791   Thumb Code    14  timebase.o(.text)
    TB_SetSpeedPIDDelay_Time                 0x0800579f   Thumb Code     6  timebase.o(.text)
    TB_SpeedPIDDelay_IsElapsed               0x080057a5   Thumb Code    14  timebase.o(.text)
    TB_SetDisplayDelay_Time                  0x080057b3   Thumb Code     6  timebase.o(.text)
    TB_DisplayDelay_IsElapsed                0x080057b9   Thumb Code    14  timebase.o(.text)
    TB_SetADC_Time                           0x080057c7   Thumb Code     6  timebase.o(.text)
    TB_ADC_Delay_IsElapsed                   0x080057cd   Thumb Code    14  timebase.o(.text)
    TB_SetLed_Time                           0x080057db   Thumb Code     6  timebase.o(.text)
    TB_SetLed_IsElapsed                      0x080057e1   Thumb Code    14  timebase.o(.text)
    TIM7_IRQHandler                          0x080057ef   Thumb Code   130  timebase.o(.text)
    ENC_Clear_Speed_Buffer                   0x08005891   Thumb Code    30  encoder.o(.text)
    Encoder_Init                             0x080058af   Thumb Code   282  encoder.o(.text)
    Encoder_Get_Counter                      0x080059c9   Thumb Code    12  encoder.o(.text)
    ENC_Get_Electrical_Angle                 0x080059d5   Thumb Code    82  encoder.o(.text)
    ENC_Calc_Rot_Speed                       0x08005a27   Thumb Code   362  encoder.o(.text)
    ENC_Calc_Average_Speed                   0x08005b91   Thumb Code   130  encoder.o(.text)
    ENC_Calc_Position                        0x08005c13   Thumb Code   190  encoder.o(.text)
    ENC_Get_AnglularPosition                 0x08005cd1   Thumb Code    84  encoder.o(.text)
    ENC_Get_Speed                            0x08005d25   Thumb Code    98  encoder.o(.text)
    ENC_Get_TimerCounter                     0x08005d87   Thumb Code    12  encoder.o(.text)
    TIM3_IRQHandler                          0x08005d93   Thumb Code   146  encoder.o(.text)
    MPU_Write_Byte                           0x08005e65   Thumb Code    68  mpu6050.o(.text)
    MPU_Set_LPF                              0x08005ea9   Thumb Code    58  mpu6050.o(.text)
    MPU_Set_Rate                             0x08005ee3   Thumb Code    58  mpu6050.o(.text)
    MPU_Read_Byte                            0x08005f1d   Thumb Code    58  mpu6050.o(.text)
    MPU_Set_Accel_Fsr                        0x08005f57   Thumb Code    16  mpu6050.o(.text)
    MPU_Set_Gyro_Fsr                         0x08005f67   Thumb Code    16  mpu6050.o(.text)
    MPU_Init                                 0x08005f77   Thumb Code   180  mpu6050.o(.text)
    MPU_Read_Len                             0x0800602b   Thumb Code   116  mpu6050.o(.text)
    MPU_Get_Temperature                      0x0800609f   Thumb Code    86  mpu6050.o(.text)
    MPU_Get_Gyroscope                        0x080060f5   Thumb Code    80  mpu6050.o(.text)
    MPU_Get_Accelerometer                    0x08006145   Thumb Code    80  mpu6050.o(.text)
    MPU_Write_Len                            0x08006195   Thumb Code    96  mpu6050.o(.text)
    RTC_Get_Week                             0x08006231   Thumb Code   116  rtc.o(.text)
    Is_Leap_Year                             0x080062a5   Thumb Code    58  rtc.o(.text)
    RTC_Get                                  0x080062df   Thumb Code   240  rtc.o(.text)
    RTC_Set                                  0x080063cf   Thumb Code   184  rtc.o(.text)
    RTC_Init                                 0x08006487   Thumb Code   192  rtc.o(.text)
    RTC_IRQHandler                           0x08006547   Thumb Code    76  rtc.o(.text)
    RTC_Alarm_Set                            0x08006593   Thumb Code   184  rtc.o(.text)
    MPU_IIC_Delay                            0x08006689   Thumb Code    10  mpuiic.o(.text)
    MPU_IIC_Init                             0x08006693   Thumb Code    50  mpuiic.o(.text)
    MPU_IIC_Start                            0x080066c5   Thumb Code    64  mpuiic.o(.text)
    MPU_IIC_Stop                             0x08006705   Thumb Code    66  mpuiic.o(.text)
    MPU_IIC_Wait_Ack                         0x08006747   Thumb Code    90  mpuiic.o(.text)
    MPU_IIC_Ack                              0x080067a1   Thumb Code    70  mpuiic.o(.text)
    MPU_IIC_NAck                             0x080067e7   Thumb Code    70  mpuiic.o(.text)
    MPU_IIC_Send_Byte                        0x0800682d   Thumb Code    86  mpuiic.o(.text)
    MPU_IIC_Read_Byte                        0x08006883   Thumb Code   100  mpuiic.o(.text)
    delay_init                               0x080068f5   Thumb Code    50  delay.o(.text)
    delay_us                                 0x08006927   Thumb Code    72  delay.o(.text)
    delay_ms                                 0x0800696f   Thumb Code    72  delay.o(.text)
    _sys_exit                                0x080069c9   Thumb Code     6  usart.o(.text)
    fputc                                    0x080069cf   Thumb Code    24  usart.o(.text)
    uart_init                                0x080069e7   Thumb Code   152  usart.o(.text)
    USART1_IRQHandler                        0x08006a7f   Thumb Code   122  usart.o(.text)
    Reset_Handler                            0x08006b09   Thumb Code     8  startup_stm32f10x_hd.o(.text)
    SysTick_Handler                          0x08006b21   Thumb Code     2  startup_stm32f10x_hd.o(.text)
    ADC1_2_IRQHandler                        0x08006b23   Thumb Code     0  startup_stm32f10x_hd.o(.text)
    ADC3_IRQHandler                          0x08006b23   Thumb Code     0  startup_stm32f10x_hd.o(.text)
    CAN1_RX1_IRQHandler                      0x08006b23   Thumb Code     0  startup_stm32f10x_hd.o(.text)
    CAN1_SCE_IRQHandler                      0x08006b23   Thumb Code     0  startup_stm32f10x_hd.o(.text)
    DMA1_Channel1_IRQHandler                 0x08006b23   Thumb Code     0  startup_stm32f10x_hd.o(.text)
    DMA1_Channel2_IRQHandler                 0x08006b23   Thumb Code     0  startup_stm32f10x_hd.o(.text)
    DMA1_Channel3_IRQHandler                 0x08006b23   Thumb Code     0  startup_stm32f10x_hd.o(.text)
    DMA1_Channel4_IRQHandler                 0x08006b23   Thumb Code     0  startup_stm32f10x_hd.o(.text)
    DMA1_Channel5_IRQHandler                 0x08006b23   Thumb Code     0  startup_stm32f10x_hd.o(.text)
    DMA1_Channel6_IRQHandler                 0x08006b23   Thumb Code     0  startup_stm32f10x_hd.o(.text)
    DMA1_Channel7_IRQHandler                 0x08006b23   Thumb Code     0  startup_stm32f10x_hd.o(.text)
    DMA2_Channel1_IRQHandler                 0x08006b23   Thumb Code     0  startup_stm32f10x_hd.o(.text)
    DMA2_Channel2_IRQHandler                 0x08006b23   Thumb Code     0  startup_stm32f10x_hd.o(.text)
    DMA2_Channel3_IRQHandler                 0x08006b23   Thumb Code     0  startup_stm32f10x_hd.o(.text)
    DMA2_Channel4_5_IRQHandler               0x08006b23   Thumb Code     0  startup_stm32f10x_hd.o(.text)
    EXTI0_IRQHandler                         0x08006b23   Thumb Code     0  startup_stm32f10x_hd.o(.text)
    EXTI15_10_IRQHandler                     0x08006b23   Thumb Code     0  startup_stm32f10x_hd.o(.text)
    EXTI1_IRQHandler                         0x08006b23   Thumb Code     0  startup_stm32f10x_hd.o(.text)
    EXTI2_IRQHandler                         0x08006b23   Thumb Code     0  startup_stm32f10x_hd.o(.text)
    EXTI3_IRQHandler                         0x08006b23   Thumb Code     0  startup_stm32f10x_hd.o(.text)
    EXTI4_IRQHandler                         0x08006b23   Thumb Code     0  startup_stm32f10x_hd.o(.text)
    EXTI9_5_IRQHandler                       0x08006b23   Thumb Code     0  startup_stm32f10x_hd.o(.text)
    FLASH_IRQHandler                         0x08006b23   Thumb Code     0  startup_stm32f10x_hd.o(.text)
    FSMC_IRQHandler                          0x08006b23   Thumb Code     0  startup_stm32f10x_hd.o(.text)
    I2C1_ER_IRQHandler                       0x08006b23   Thumb Code     0  startup_stm32f10x_hd.o(.text)
    I2C1_EV_IRQHandler                       0x08006b23   Thumb Code     0  startup_stm32f10x_hd.o(.text)
    I2C2_ER_IRQHandler                       0x08006b23   Thumb Code     0  startup_stm32f10x_hd.o(.text)
    I2C2_EV_IRQHandler                       0x08006b23   Thumb Code     0  startup_stm32f10x_hd.o(.text)
    PVD_IRQHandler                           0x08006b23   Thumb Code     0  startup_stm32f10x_hd.o(.text)
    RCC_IRQHandler                           0x08006b23   Thumb Code     0  startup_stm32f10x_hd.o(.text)
    RTCAlarm_IRQHandler                      0x08006b23   Thumb Code     0  startup_stm32f10x_hd.o(.text)
    SDIO_IRQHandler                          0x08006b23   Thumb Code     0  startup_stm32f10x_hd.o(.text)
    SPI1_IRQHandler                          0x08006b23   Thumb Code     0  startup_stm32f10x_hd.o(.text)
    SPI2_IRQHandler                          0x08006b23   Thumb Code     0  startup_stm32f10x_hd.o(.text)
    SPI3_IRQHandler                          0x08006b23   Thumb Code     0  startup_stm32f10x_hd.o(.text)
    TAMPER_IRQHandler                        0x08006b23   Thumb Code     0  startup_stm32f10x_hd.o(.text)
    TIM1_BRK_IRQHandler                      0x08006b23   Thumb Code     0  startup_stm32f10x_hd.o(.text)
    TIM1_CC_IRQHandler                       0x08006b23   Thumb Code     0  startup_stm32f10x_hd.o(.text)
    TIM1_TRG_COM_IRQHandler                  0x08006b23   Thumb Code     0  startup_stm32f10x_hd.o(.text)
    TIM1_UP_IRQHandler                       0x08006b23   Thumb Code     0  startup_stm32f10x_hd.o(.text)
    TIM2_IRQHandler                          0x08006b23   Thumb Code     0  startup_stm32f10x_hd.o(.text)
    TIM5_IRQHandler                          0x08006b23   Thumb Code     0  startup_stm32f10x_hd.o(.text)
    TIM6_IRQHandler                          0x08006b23   Thumb Code     0  startup_stm32f10x_hd.o(.text)
    TIM8_BRK_IRQHandler                      0x08006b23   Thumb Code     0  startup_stm32f10x_hd.o(.text)
    TIM8_CC_IRQHandler                       0x08006b23   Thumb Code     0  startup_stm32f10x_hd.o(.text)
    TIM8_TRG_COM_IRQHandler                  0x08006b23   Thumb Code     0  startup_stm32f10x_hd.o(.text)
    TIM8_UP_IRQHandler                       0x08006b23   Thumb Code     0  startup_stm32f10x_hd.o(.text)
    UART4_IRQHandler                         0x08006b23   Thumb Code     0  startup_stm32f10x_hd.o(.text)
    UART5_IRQHandler                         0x08006b23   Thumb Code     0  startup_stm32f10x_hd.o(.text)
    USART2_IRQHandler                        0x08006b23   Thumb Code     0  startup_stm32f10x_hd.o(.text)
    USART3_IRQHandler                        0x08006b23   Thumb Code     0  startup_stm32f10x_hd.o(.text)
    USBWakeUp_IRQHandler                     0x08006b23   Thumb Code     0  startup_stm32f10x_hd.o(.text)
    USB_HP_CAN1_TX_IRQHandler                0x08006b23   Thumb Code     0  startup_stm32f10x_hd.o(.text)
    USB_LP_CAN1_RX0_IRQHandler               0x08006b23   Thumb Code     0  startup_stm32f10x_hd.o(.text)
    WWDG_IRQHandler                          0x08006b23   Thumb Code     0  startup_stm32f10x_hd.o(.text)
    __user_initial_stackheap                 0x08006b25   Thumb Code     0  startup_stm32f10x_hd.o(.text)
    NVIC_PriorityGroupConfig                 0x08006b49   Thumb Code    10  misc.o(.text)
    NVIC_Init                                0x08006b53   Thumb Code   100  misc.o(.text)
    NVIC_SetVectorTable                      0x08006bb7   Thumb Code    14  misc.o(.text)
    NVIC_SystemLPConfig                      0x08006bc5   Thumb Code    34  misc.o(.text)
    SysTick_CLKSourceConfig                  0x08006be7   Thumb Code    40  misc.o(.text)
    FSMC_NORSRAMDeInit                       0x08006c25   Thumb Code    54  stm32f10x_fsmc.o(.text)
    FSMC_NANDDeInit                          0x08006c5b   Thumb Code    62  stm32f10x_fsmc.o(.text)
    FSMC_PCCARDDeInit                        0x08006c99   Thumb Code    36  stm32f10x_fsmc.o(.text)
    FSMC_NORSRAMInit                         0x08006cbd   Thumb Code   230  stm32f10x_fsmc.o(.text)
    FSMC_NANDInit                            0x08006da3   Thumb Code   132  stm32f10x_fsmc.o(.text)
    FSMC_PCCARDInit                          0x08006e27   Thumb Code   130  stm32f10x_fsmc.o(.text)
    FSMC_NORSRAMStructInit                   0x08006ea9   Thumb Code   114  stm32f10x_fsmc.o(.text)
    FSMC_NANDStructInit                      0x08006f1b   Thumb Code    54  stm32f10x_fsmc.o(.text)
    FSMC_PCCARDStructInit                    0x08006f51   Thumb Code    60  stm32f10x_fsmc.o(.text)
    FSMC_NORSRAMCmd                          0x08006f8d   Thumb Code    46  stm32f10x_fsmc.o(.text)
    FSMC_NANDCmd                             0x08006fbb   Thumb Code    86  stm32f10x_fsmc.o(.text)
    FSMC_PCCARDCmd                           0x08007011   Thumb Code    44  stm32f10x_fsmc.o(.text)
    FSMC_NANDECCCmd                          0x0800703d   Thumb Code    90  stm32f10x_fsmc.o(.text)
    FSMC_GetECC                              0x08007097   Thumb Code    24  stm32f10x_fsmc.o(.text)
    FSMC_ITConfig                            0x080070af   Thumb Code   128  stm32f10x_fsmc.o(.text)
    FSMC_GetFlagStatus                       0x0800712f   Thumb Code    54  stm32f10x_fsmc.o(.text)
    FSMC_ClearFlag                           0x08007165   Thumb Code    62  stm32f10x_fsmc.o(.text)
    FSMC_GetITStatus                         0x080071a3   Thumb Code    64  stm32f10x_fsmc.o(.text)
    FSMC_ClearITPendingBit                   0x080071e3   Thumb Code    68  stm32f10x_fsmc.o(.text)
    GPIO_DeInit                              0x08007231   Thumb Code   172  stm32f10x_gpio.o(.text)
    GPIO_AFIODeInit                          0x080072dd   Thumb Code    20  stm32f10x_gpio.o(.text)
    GPIO_Init                                0x080072f1   Thumb Code   278  stm32f10x_gpio.o(.text)
    GPIO_StructInit                          0x08007407   Thumb Code    16  stm32f10x_gpio.o(.text)
    GPIO_ReadInputDataBit                    0x08007417   Thumb Code    18  stm32f10x_gpio.o(.text)
    GPIO_ReadInputData                       0x08007429   Thumb Code     8  stm32f10x_gpio.o(.text)
    GPIO_ReadOutputDataBit                   0x08007431   Thumb Code    18  stm32f10x_gpio.o(.text)
    GPIO_ReadOutputData                      0x08007443   Thumb Code     8  stm32f10x_gpio.o(.text)
    GPIO_SetBits                             0x0800744b   Thumb Code     4  stm32f10x_gpio.o(.text)
    GPIO_ResetBits                           0x0800744f   Thumb Code     4  stm32f10x_gpio.o(.text)
    GPIO_WriteBit                            0x08007453   Thumb Code    10  stm32f10x_gpio.o(.text)
    GPIO_Write                               0x0800745d   Thumb Code     4  stm32f10x_gpio.o(.text)
    GPIO_PinLockConfig                       0x08007461   Thumb Code    18  stm32f10x_gpio.o(.text)
    GPIO_EventOutputConfig                   0x08007473   Thumb Code    26  stm32f10x_gpio.o(.text)
    GPIO_EventOutputCmd                      0x0800748d   Thumb Code     6  stm32f10x_gpio.o(.text)
    GPIO_PinRemapConfig                      0x08007493   Thumb Code   138  stm32f10x_gpio.o(.text)
    GPIO_EXTILineConfig                      0x0800751d   Thumb Code    66  stm32f10x_gpio.o(.text)
    GPIO_ETH_MediaInterfaceConfig            0x0800755f   Thumb Code     8  stm32f10x_gpio.o(.text)
    RCC_DeInit                               0x0800758d   Thumb Code    64  stm32f10x_rcc.o(.text)
    RCC_HSEConfig                            0x080075cd   Thumb Code    70  stm32f10x_rcc.o(.text)
    RCC_GetFlagStatus                        0x08007613   Thumb Code    56  stm32f10x_rcc.o(.text)
    RCC_WaitForHSEStartUp                    0x0800764b   Thumb Code    56  stm32f10x_rcc.o(.text)
    RCC_AdjustHSICalibrationValue            0x08007683   Thumb Code    20  stm32f10x_rcc.o(.text)
    RCC_HSICmd                               0x08007697   Thumb Code     6  stm32f10x_rcc.o(.text)
    RCC_PLLConfig                            0x0800769d   Thumb Code    24  stm32f10x_rcc.o(.text)
    RCC_PLLCmd                               0x080076b5   Thumb Code     6  stm32f10x_rcc.o(.text)
    RCC_SYSCLKConfig                         0x080076bb   Thumb Code    18  stm32f10x_rcc.o(.text)
    RCC_GetSYSCLKSource                      0x080076cd   Thumb Code    10  stm32f10x_rcc.o(.text)
    RCC_HCLKConfig                           0x080076d7   Thumb Code    18  stm32f10x_rcc.o(.text)
    RCC_PCLK1Config                          0x080076e9   Thumb Code    18  stm32f10x_rcc.o(.text)
    RCC_PCLK2Config                          0x080076fb   Thumb Code    20  stm32f10x_rcc.o(.text)
    RCC_ITConfig                             0x0800770f   Thumb Code    26  stm32f10x_rcc.o(.text)
    RCC_USBCLKConfig                         0x08007729   Thumb Code     8  stm32f10x_rcc.o(.text)
    RCC_ADCCLKConfig                         0x08007731   Thumb Code    18  stm32f10x_rcc.o(.text)
    RCC_LSEConfig                            0x08007743   Thumb Code    50  stm32f10x_rcc.o(.text)
    RCC_LSICmd                               0x08007775   Thumb Code     6  stm32f10x_rcc.o(.text)
    RCC_RTCCLKConfig                         0x0800777b   Thumb Code    12  stm32f10x_rcc.o(.text)
    RCC_RTCCLKCmd                            0x08007787   Thumb Code     8  stm32f10x_rcc.o(.text)
    RCC_GetClocksFreq                        0x0800778f   Thumb Code   192  stm32f10x_rcc.o(.text)
    RCC_AHBPeriphClockCmd                    0x0800784f   Thumb Code    26  stm32f10x_rcc.o(.text)
    RCC_APB2PeriphClockCmd                   0x08007869   Thumb Code    26  stm32f10x_rcc.o(.text)
    RCC_APB1PeriphClockCmd                   0x08007883   Thumb Code    26  stm32f10x_rcc.o(.text)
    RCC_APB2PeriphResetCmd                   0x0800789d   Thumb Code    26  stm32f10x_rcc.o(.text)
    RCC_APB1PeriphResetCmd                   0x080078b7   Thumb Code    26  stm32f10x_rcc.o(.text)
    RCC_BackupResetCmd                       0x080078d1   Thumb Code     8  stm32f10x_rcc.o(.text)
    RCC_ClockSecuritySystemCmd               0x080078d9   Thumb Code     6  stm32f10x_rcc.o(.text)
    RCC_MCOConfig                            0x080078df   Thumb Code     6  stm32f10x_rcc.o(.text)
    RCC_ClearFlag                            0x080078e5   Thumb Code    14  stm32f10x_rcc.o(.text)
    RCC_GetITStatus                          0x080078f3   Thumb Code    20  stm32f10x_rcc.o(.text)
    RCC_ClearITPendingBit                    0x08007907   Thumb Code     6  stm32f10x_rcc.o(.text)
    SPI_I2S_DeInit                           0x08007931   Thumb Code    76  stm32f10x_spi.o(.text)
    SPI_Init                                 0x0800797d   Thumb Code    60  stm32f10x_spi.o(.text)
    I2S_Init                                 0x080079b9   Thumb Code   226  stm32f10x_spi.o(.text)
    SPI_StructInit                           0x08007a9b   Thumb Code    24  stm32f10x_spi.o(.text)
    I2S_StructInit                           0x08007ab3   Thumb Code    20  stm32f10x_spi.o(.text)
    SPI_Cmd                                  0x08007ac7   Thumb Code    24  stm32f10x_spi.o(.text)
    I2S_Cmd                                  0x08007adf   Thumb Code    24  stm32f10x_spi.o(.text)
    SPI_I2S_ITConfig                         0x08007af7   Thumb Code    32  stm32f10x_spi.o(.text)
    SPI_I2S_DMACmd                           0x08007b17   Thumb Code    18  stm32f10x_spi.o(.text)
    SPI_I2S_SendData                         0x08007b29   Thumb Code     4  stm32f10x_spi.o(.text)
    SPI_I2S_ReceiveData                      0x08007b2d   Thumb Code     6  stm32f10x_spi.o(.text)
    SPI_NSSInternalSoftwareConfig            0x08007b33   Thumb Code    30  stm32f10x_spi.o(.text)
    SPI_SSOutputCmd                          0x08007b51   Thumb Code    24  stm32f10x_spi.o(.text)
    SPI_DataSizeConfig                       0x08007b69   Thumb Code    18  stm32f10x_spi.o(.text)
    SPI_TransmitCRC                          0x08007b7b   Thumb Code    10  stm32f10x_spi.o(.text)
    SPI_CalculateCRC                         0x08007b85   Thumb Code    24  stm32f10x_spi.o(.text)
    SPI_GetCRC                               0x08007b9d   Thumb Code    16  stm32f10x_spi.o(.text)
    SPI_GetCRCPolynomial                     0x08007bad   Thumb Code     6  stm32f10x_spi.o(.text)
    SPI_BiDirectionalLineConfig              0x08007bb3   Thumb Code    28  stm32f10x_spi.o(.text)
    SPI_I2S_GetFlagStatus                    0x08007bcf   Thumb Code    18  stm32f10x_spi.o(.text)
    SPI_I2S_ClearFlag                        0x08007be1   Thumb Code     6  stm32f10x_spi.o(.text)
    SPI_I2S_GetITStatus                      0x08007be7   Thumb Code    52  stm32f10x_spi.o(.text)
    SPI_I2S_ClearITPendingBit                0x08007c1b   Thumb Code    20  stm32f10x_spi.o(.text)
    USART_DeInit                             0x08007c3d   Thumb Code   134  stm32f10x_usart.o(.text)
    USART_Init                               0x08007cc3   Thumb Code   210  stm32f10x_usart.o(.text)
    USART_StructInit                         0x08007d95   Thumb Code    24  stm32f10x_usart.o(.text)
    USART_ClockInit                          0x08007dad   Thumb Code    34  stm32f10x_usart.o(.text)
    USART_ClockStructInit                    0x08007dcf   Thumb Code    12  stm32f10x_usart.o(.text)
    USART_Cmd                                0x08007ddb   Thumb Code    24  stm32f10x_usart.o(.text)
    USART_ITConfig                           0x08007df3   Thumb Code    74  stm32f10x_usart.o(.text)
    USART_DMACmd                             0x08007e3d   Thumb Code    18  stm32f10x_usart.o(.text)
    USART_SetAddress                         0x08007e4f   Thumb Code    18  stm32f10x_usart.o(.text)
    USART_WakeUpConfig                       0x08007e61   Thumb Code    18  stm32f10x_usart.o(.text)
    USART_ReceiverWakeUpCmd                  0x08007e73   Thumb Code    24  stm32f10x_usart.o(.text)
    USART_LINBreakDetectLengthConfig         0x08007e8b   Thumb Code    18  stm32f10x_usart.o(.text)
    USART_LINCmd                             0x08007e9d   Thumb Code    24  stm32f10x_usart.o(.text)
    USART_SendData                           0x08007eb5   Thumb Code     8  stm32f10x_usart.o(.text)
    USART_ReceiveData                        0x08007ebd   Thumb Code    10  stm32f10x_usart.o(.text)
    USART_SendBreak                          0x08007ec7   Thumb Code    10  stm32f10x_usart.o(.text)
    USART_SetGuardTime                       0x08007ed1   Thumb Code    16  stm32f10x_usart.o(.text)
    USART_SetPrescaler                       0x08007ee1   Thumb Code    16  stm32f10x_usart.o(.text)
    USART_SmartCardCmd                       0x08007ef1   Thumb Code    24  stm32f10x_usart.o(.text)
    USART_SmartCardNACKCmd                   0x08007f09   Thumb Code    24  stm32f10x_usart.o(.text)
    USART_HalfDuplexCmd                      0x08007f21   Thumb Code    24  stm32f10x_usart.o(.text)
    USART_OverSampling8Cmd                   0x08007f39   Thumb Code    22  stm32f10x_usart.o(.text)
    USART_OneBitMethodCmd                    0x08007f4f   Thumb Code    24  stm32f10x_usart.o(.text)
    USART_IrDAConfig                         0x08007f67   Thumb Code    18  stm32f10x_usart.o(.text)
    USART_IrDACmd                            0x08007f79   Thumb Code    24  stm32f10x_usart.o(.text)
    USART_GetFlagStatus                      0x08007f91   Thumb Code    26  stm32f10x_usart.o(.text)
    USART_ClearFlag                          0x08007fab   Thumb Code    18  stm32f10x_usart.o(.text)
    USART_GetITStatus                        0x08007fbd   Thumb Code    84  stm32f10x_usart.o(.text)
    USART_ClearITPendingBit                  0x08008011   Thumb Code    52  stm32f10x_usart.o(.text)
    TIM_DeInit                               0x08008045   Thumb Code   424  stm32f10x_tim.o(.text)
    TIM_TimeBaseInit                         0x080081ed   Thumb Code   122  stm32f10x_tim.o(.text)
    TIM_OC1Init                              0x08008267   Thumb Code   132  stm32f10x_tim.o(.text)
    TIM_OC2Init                              0x080082eb   Thumb Code   154  stm32f10x_tim.o(.text)
    TIM_OC3Init                              0x08008385   Thumb Code   150  stm32f10x_tim.o(.text)
    TIM_OC4Init                              0x0800841b   Thumb Code   182  stm32f10x_tim.o(.text)
    TIM_SetIC4Prescaler                      0x080084d1   Thumb Code    26  stm32f10x_tim.o(.text)
    TIM_SetIC3Prescaler                      0x0800856d   Thumb Code    18  stm32f10x_tim.o(.text)
    TIM_SetIC2Prescaler                      0x080085f9   Thumb Code    26  stm32f10x_tim.o(.text)
    TIM_SetIC1Prescaler                      0x08008695   Thumb Code    18  stm32f10x_tim.o(.text)
    TIM_ICInit                               0x08008713   Thumb Code   150  stm32f10x_tim.o(.text)
    TIM_PWMIConfig                           0x080087a9   Thumb Code   124  stm32f10x_tim.o(.text)
    TIM_BDTRConfig                           0x08008825   Thumb Code    32  stm32f10x_tim.o(.text)
    TIM_TimeBaseStructInit                   0x08008845   Thumb Code    18  stm32f10x_tim.o(.text)
    TIM_OCStructInit                         0x08008857   Thumb Code    20  stm32f10x_tim.o(.text)
    TIM_ICStructInit                         0x0800886b   Thumb Code    18  stm32f10x_tim.o(.text)
    TIM_BDTRStructInit                       0x0800887d   Thumb Code    40  stm32f10x_tim.o(.text)
    TIM_Cmd                                  0x080088a5   Thumb Code    24  stm32f10x_tim.o(.text)
    TIM_CtrlPWMOutputs                       0x080088bd   Thumb Code    30  stm32f10x_tim.o(.text)
    TIM_ITConfig                             0x080088db   Thumb Code    18  stm32f10x_tim.o(.text)
    TIM_GenerateEvent                        0x080088ed   Thumb Code     4  stm32f10x_tim.o(.text)
    TIM_DMAConfig                            0x080088f1   Thumb Code    10  stm32f10x_tim.o(.text)
    TIM_DMACmd                               0x080088fb   Thumb Code    18  stm32f10x_tim.o(.text)
    TIM_InternalClockConfig                  0x0800890d   Thumb Code    12  stm32f10x_tim.o(.text)
    TIM_SelectInputTrigger                   0x08008919   Thumb Code    18  stm32f10x_tim.o(.text)
    TIM_ITRxExternalClockConfig              0x0800892b   Thumb Code    24  stm32f10x_tim.o(.text)
    TIM_TIxExternalClockConfig               0x08008943   Thumb Code    62  stm32f10x_tim.o(.text)
    TIM_ETRConfig                            0x08008981   Thumb Code    28  stm32f10x_tim.o(.text)
    TIM_ETRClockMode1Config                  0x0800899d   Thumb Code    54  stm32f10x_tim.o(.text)
    TIM_ETRClockMode2Config                  0x080089d3   Thumb Code    32  stm32f10x_tim.o(.text)
    TIM_PrescalerConfig                      0x080089f3   Thumb Code     6  stm32f10x_tim.o(.text)
    TIM_CounterModeConfig                    0x080089f9   Thumb Code    18  stm32f10x_tim.o(.text)
    TIM_EncoderInterfaceConfig               0x08008a0b   Thumb Code    66  stm32f10x_tim.o(.text)
    TIM_ForcedOC1Config                      0x08008a4d   Thumb Code    18  stm32f10x_tim.o(.text)
    TIM_ForcedOC2Config                      0x08008a5f   Thumb Code    26  stm32f10x_tim.o(.text)
    TIM_ForcedOC3Config                      0x08008a79   Thumb Code    18  stm32f10x_tim.o(.text)
    TIM_ForcedOC4Config                      0x08008a8b   Thumb Code    26  stm32f10x_tim.o(.text)
    TIM_ARRPreloadConfig                     0x08008aa5   Thumb Code    24  stm32f10x_tim.o(.text)
    TIM_SelectCOM                            0x08008abd   Thumb Code    24  stm32f10x_tim.o(.text)
    TIM_SelectCCDMA                          0x08008ad5   Thumb Code    24  stm32f10x_tim.o(.text)
    TIM_CCPreloadControl                     0x08008aed   Thumb Code    24  stm32f10x_tim.o(.text)
    TIM_OC1PreloadConfig                     0x08008b05   Thumb Code    18  stm32f10x_tim.o(.text)
    TIM_OC2PreloadConfig                     0x08008b17   Thumb Code    26  stm32f10x_tim.o(.text)
    TIM_OC3PreloadConfig                     0x08008b31   Thumb Code    18  stm32f10x_tim.o(.text)
    TIM_OC4PreloadConfig                     0x08008b43   Thumb Code    26  stm32f10x_tim.o(.text)
    TIM_OC1FastConfig                        0x08008b5d   Thumb Code    18  stm32f10x_tim.o(.text)
    TIM_OC2FastConfig                        0x08008b6f   Thumb Code    26  stm32f10x_tim.o(.text)
    TIM_OC3FastConfig                        0x08008b89   Thumb Code    18  stm32f10x_tim.o(.text)
    TIM_OC4FastConfig                        0x08008b9b   Thumb Code    26  stm32f10x_tim.o(.text)
    TIM_ClearOC1Ref                          0x08008bb5   Thumb Code    18  stm32f10x_tim.o(.text)
    TIM_ClearOC2Ref                          0x08008bc7   Thumb Code    24  stm32f10x_tim.o(.text)
    TIM_ClearOC3Ref                          0x08008bdf   Thumb Code    18  stm32f10x_tim.o(.text)
    TIM_ClearOC4Ref                          0x08008bf1   Thumb Code    24  stm32f10x_tim.o(.text)
    TIM_OC1PolarityConfig                    0x08008c09   Thumb Code    18  stm32f10x_tim.o(.text)
    TIM_OC1NPolarityConfig                   0x08008c1b   Thumb Code    18  stm32f10x_tim.o(.text)
    TIM_OC2PolarityConfig                    0x08008c2d   Thumb Code    26  stm32f10x_tim.o(.text)
    TIM_OC2NPolarityConfig                   0x08008c47   Thumb Code    26  stm32f10x_tim.o(.text)
    TIM_OC3PolarityConfig                    0x08008c61   Thumb Code    26  stm32f10x_tim.o(.text)
    TIM_OC3NPolarityConfig                   0x08008c7b   Thumb Code    26  stm32f10x_tim.o(.text)
    TIM_OC4PolarityConfig                    0x08008c95   Thumb Code    26  stm32f10x_tim.o(.text)
    TIM_CCxCmd                               0x08008caf   Thumb Code    30  stm32f10x_tim.o(.text)
    TIM_CCxNCmd                              0x08008ccd   Thumb Code    30  stm32f10x_tim.o(.text)
    TIM_SelectOCxM                           0x08008ceb   Thumb Code    82  stm32f10x_tim.o(.text)
    TIM_UpdateDisableConfig                  0x08008d3d   Thumb Code    24  stm32f10x_tim.o(.text)
    TIM_UpdateRequestConfig                  0x08008d55   Thumb Code    24  stm32f10x_tim.o(.text)
    TIM_SelectHallSensor                     0x08008d6d   Thumb Code    24  stm32f10x_tim.o(.text)
    TIM_SelectOnePulseMode                   0x08008d85   Thumb Code    18  stm32f10x_tim.o(.text)
    TIM_SelectOutputTrigger                  0x08008d97   Thumb Code    18  stm32f10x_tim.o(.text)
    TIM_SelectSlaveMode                      0x08008da9   Thumb Code    18  stm32f10x_tim.o(.text)
    TIM_SelectMasterSlaveMode                0x08008dbb   Thumb Code    18  stm32f10x_tim.o(.text)
    TIM_SetCounter                           0x08008dcd   Thumb Code     4  stm32f10x_tim.o(.text)
    TIM_SetAutoreload                        0x08008dd1   Thumb Code     4  stm32f10x_tim.o(.text)
    TIM_SetCompare1                          0x08008dd5   Thumb Code     4  stm32f10x_tim.o(.text)
    TIM_SetCompare2                          0x08008dd9   Thumb Code     4  stm32f10x_tim.o(.text)
    TIM_SetCompare3                          0x08008ddd   Thumb Code     4  stm32f10x_tim.o(.text)
    TIM_SetCompare4                          0x08008de1   Thumb Code     6  stm32f10x_tim.o(.text)
    TIM_SetClockDivision                     0x08008de7   Thumb Code    18  stm32f10x_tim.o(.text)
    TIM_GetCapture1                          0x08008df9   Thumb Code     6  stm32f10x_tim.o(.text)
    TIM_GetCapture2                          0x08008dff   Thumb Code     6  stm32f10x_tim.o(.text)
    TIM_GetCapture3                          0x08008e05   Thumb Code     6  stm32f10x_tim.o(.text)
    TIM_GetCapture4                          0x08008e0b   Thumb Code     8  stm32f10x_tim.o(.text)
    TIM_GetCounter                           0x08008e13   Thumb Code     6  stm32f10x_tim.o(.text)
    TIM_GetPrescaler                         0x08008e19   Thumb Code     6  stm32f10x_tim.o(.text)
    TIM_GetFlagStatus                        0x08008e1f   Thumb Code    18  stm32f10x_tim.o(.text)
    TIM_ClearFlag                            0x08008e31   Thumb Code     6  stm32f10x_tim.o(.text)
    TIM_GetITStatus                          0x08008e37   Thumb Code    34  stm32f10x_tim.o(.text)
    TIM_ClearITPendingBit                    0x08008e59   Thumb Code     6  stm32f10x_tim.o(.text)
    BKP_DeInit                               0x08008e61   Thumb Code    16  stm32f10x_bkp.o(.text)
    BKP_TamperPinLevelConfig                 0x08008e71   Thumb Code     6  stm32f10x_bkp.o(.text)
    BKP_TamperPinCmd                         0x08008e77   Thumb Code     8  stm32f10x_bkp.o(.text)
    BKP_ITConfig                             0x08008e7f   Thumb Code     8  stm32f10x_bkp.o(.text)
    BKP_RTCOutputConfig                      0x08008e87   Thumb Code    22  stm32f10x_bkp.o(.text)
    BKP_SetRTCCalibrationValue               0x08008e9d   Thumb Code    22  stm32f10x_bkp.o(.text)
    BKP_WriteBackupRegister                  0x08008eb3   Thumb Code    24  stm32f10x_bkp.o(.text)
    BKP_ReadBackupRegister                   0x08008ecb   Thumb Code    26  stm32f10x_bkp.o(.text)
    BKP_GetFlagStatus                        0x08008ee5   Thumb Code    10  stm32f10x_bkp.o(.text)
    BKP_ClearFlag                            0x08008eef   Thumb Code    18  stm32f10x_bkp.o(.text)
    BKP_GetITStatus                          0x08008f01   Thumb Code    10  stm32f10x_bkp.o(.text)
    BKP_ClearITPendingBit                    0x08008f0b   Thumb Code    18  stm32f10x_bkp.o(.text)
    PWR_DeInit                               0x08008f25   Thumb Code    22  stm32f10x_pwr.o(.text)
    PWR_BackupAccessCmd                      0x08008f3b   Thumb Code     6  stm32f10x_pwr.o(.text)
    PWR_PVDCmd                               0x08008f41   Thumb Code     6  stm32f10x_pwr.o(.text)
    PWR_PVDLevelConfig                       0x08008f47   Thumb Code    18  stm32f10x_pwr.o(.text)
    PWR_WakeUpPinCmd                         0x08008f59   Thumb Code     8  stm32f10x_pwr.o(.text)
    PWR_EnterSTOPMode                        0x08008f61   Thumb Code    54  stm32f10x_pwr.o(.text)
    PWR_EnterSTANDBYMode                     0x08008f97   Thumb Code    42  stm32f10x_pwr.o(.text)
    PWR_GetFlagStatus                        0x08008fc1   Thumb Code    20  stm32f10x_pwr.o(.text)
    PWR_ClearFlag                            0x08008fd5   Thumb Code    14  stm32f10x_pwr.o(.text)
    RTC_ITConfig                             0x08008ff1   Thumb Code    26  stm32f10x_rtc.o(.text)
    RTC_EnterConfigMode                      0x0800900b   Thumb Code    18  stm32f10x_rtc.o(.text)
    RTC_ExitConfigMode                       0x0800901d   Thumb Code    20  stm32f10x_rtc.o(.text)
    RTC_GetCounter                           0x08009031   Thumb Code    18  stm32f10x_rtc.o(.text)
    RTC_SetCounter                           0x08009043   Thumb Code    26  stm32f10x_rtc.o(.text)
    RTC_SetPrescaler                         0x0800905d   Thumb Code    28  stm32f10x_rtc.o(.text)
    RTC_SetAlarm                             0x08009079   Thumb Code    26  stm32f10x_rtc.o(.text)
    RTC_GetDivider                           0x08009093   Thumb Code    22  stm32f10x_rtc.o(.text)
    RTC_WaitForLastTask                      0x080090a9   Thumb Code    18  stm32f10x_rtc.o(.text)
    RTC_WaitForSynchro                       0x080090bb   Thumb Code    36  stm32f10x_rtc.o(.text)
    RTC_GetFlagStatus                        0x080090df   Thumb Code    22  stm32f10x_rtc.o(.text)
    RTC_ClearFlag                            0x080090f5   Thumb Code    16  stm32f10x_rtc.o(.text)
    RTC_GetITStatus                          0x08009105   Thumb Code    32  stm32f10x_rtc.o(.text)
    RTC_ClearITPendingBit                    0x08009125   Thumb Code    16  stm32f10x_rtc.o(.text)
    usmart_sys_cmd_exe                       0x08009139   Thumb Code  1554  usmart.o(.text)
    usmart_reset_runtime                     0x0800974b   Thumb Code    38  usmart.o(.text)
    usmart_get_runtime                       0x08009771   Thumb Code    60  usmart.o(.text)
    TIM4_IRQHandler                          0x080097ad   Thumb Code    46  usmart.o(.text)
    Timer4_Init                              0x080097db   Thumb Code    88  usmart.o(.text)
    usmart_init                              0x08009833   Thumb Code    36  usmart.o(.text)
    usmart_cmd_rec                           0x08009857   Thumb Code   170  usmart.o(.text)
    usmart_exe                               0x08009901   Thumb Code   870  usmart.o(.text)
    usmart_scan                              0x08009c67   Thumb Code   120  usmart.o(.text)
    read_addr                                0x08009cdf   Thumb Code     6  usmart.o(.text)
    write_addr                               0x08009ce5   Thumb Code     4  usmart.o(.text)
    usmart_strcmp                            0x08009d71   Thumb Code    34  usmart_str.o(.text)
    usmart_strcopy                           0x08009d93   Thumb Code    22  usmart_str.o(.text)
    usmart_strlen                            0x08009da9   Thumb Code    24  usmart_str.o(.text)
    usmart_pow                               0x08009dc1   Thumb Code    22  usmart_str.o(.text)
    usmart_str2num                           0x08009dd7   Thumb Code   202  usmart_str.o(.text)
    usmart_get_cmdname                       0x08009ea1   Thumb Code    54  usmart_str.o(.text)
    usmart_search_nextc                      0x08009ed7   Thumb Code    22  usmart_str.o(.text)
    usmart_get_fname                         0x08009eed   Thumb Code   440  usmart_str.o(.text)
    usmart_get_aparm                         0x0800a0a5   Thumb Code   200  usmart_str.o(.text)
    usmart_get_parmpos                       0x0800a16d   Thumb Code    26  usmart_str.o(.text)
    usmart_get_fparam                        0x0800a187   Thumb Code   262  usmart_str.o(.text)
    __use_no_semihosting                     0x0800a299   Thumb Code     2  use_no_semi_2.o(.text)
    __2printf                                0x0800a29d   Thumb Code    20  noretval__2printf.o(.text)
    _printf_pre_padding                      0x0800a2b5   Thumb Code    44  _printf_pad.o(.text)
    _printf_post_padding                     0x0800a2e1   Thumb Code    34  _printf_pad.o(.text)
    _printf_str                              0x0800a303   Thumb Code    82  _printf_str.o(.text)
    _printf_int_dec                          0x0800a355   Thumb Code   100  _printf_dec.o(.text)
    _printf_int_hex                          0x0800a3c9   Thumb Code    84  _printf_hex_int.o(.text)
    _printf_longlong_hex                     0x0800a3c9   Thumb Code     0  _printf_hex_int.o(.text)
    __printf                                 0x0800a421   Thumb Code   388  __printf_flags_ss_wp.o(.text)
    __use_two_region_memory                  0x0800a5a9   Thumb Code     2  heapauxi.o(.text)
    __rt_heap_escrow$2region                 0x0800a5ab   Thumb Code     2  heapauxi.o(.text)
    __rt_heap_expand$2region                 0x0800a5ad   Thumb Code     2  heapauxi.o(.text)
    __I$use$semihosting                      0x0800a5af   Thumb Code     0  use_no_semi.o(.text)
    __use_no_semihosting_swi                 0x0800a5af   Thumb Code     2  use_no_semi.o(.text)
    _printf_int_common                       0x0800a5b1   Thumb Code   178  _printf_intcommon.o(.text)
    _printf_cs_common                        0x0800a663   Thumb Code    20  _printf_char.o(.text)
    _printf_char                             0x0800a677   Thumb Code    16  _printf_char.o(.text)
    _printf_string                           0x0800a687   Thumb Code     8  _printf_char.o(.text)
    _printf_char_file                        0x0800a691   Thumb Code    32  _printf_char_file.o(.text)
    _printf_char_common                      0x0800a6bf   Thumb Code    32  _printf_char_common.o(.text)
    ferror                                   0x0800a6e5   Thumb Code     8  ferror.o(.text)
    __user_libspace                          0x0800a6ed   Thumb Code     8  libspace.o(.text)
    __user_perproc_libspace                  0x0800a6ed   Thumb Code     0  libspace.o(.text)
    __user_perthread_libspace                0x0800a6ed   Thumb Code     0  libspace.o(.text)
    __user_setup_stackheap                   0x0800a6f5   Thumb Code    74  sys_stackheap_outer.o(.text)
    exit                                     0x0800a73f   Thumb Code    12  exit.o(.text)
    _is_digit                                0x0800a74b   Thumb Code    14  __printf_wp.o(i._is_digit)
    __aeabi_d2f                              0x0800a759   Thumb Code     0  d2f.o(x$fpl$d2f)
    _d2f                                     0x0800a759   Thumb Code    98  d2f.o(x$fpl$d2f)
    __aeabi_dadd                             0x0800a7bd   Thumb Code     0  daddsub_clz.o(x$fpl$dadd)
    _dadd                                    0x0800a7bd   Thumb Code   332  daddsub_clz.o(x$fpl$dadd)
    __fpl_dcmp_Inf                           0x0800a90d   Thumb Code    24  dcmpi.o(x$fpl$dcmpinf)
    __aeabi_ddiv                             0x0800a925   Thumb Code     0  ddiv.o(x$fpl$ddiv)
    _ddiv                                    0x0800a925   Thumb Code   552  ddiv.o(x$fpl$ddiv)
    __aeabi_cdcmpeq                          0x0800abd5   Thumb Code     0  deqf.o(x$fpl$deqf)
    _dcmpeq                                  0x0800abd5   Thumb Code   120  deqf.o(x$fpl$deqf)
    __aeabi_d2uiz                            0x0800ac4d   Thumb Code     0  dfixu.o(x$fpl$dfixu)
    _dfixu                                   0x0800ac4d   Thumb Code    90  dfixu.o(x$fpl$dfixu)
    __aeabi_i2d                              0x0800aca7   Thumb Code     0  dflt_clz.o(x$fpl$dflt)
    _dflt                                    0x0800aca7   Thumb Code    46  dflt_clz.o(x$fpl$dflt)
    __aeabi_ui2d                             0x0800acd5   Thumb Code     0  dflt_clz.o(x$fpl$dfltu)
    _dfltu                                   0x0800acd5   Thumb Code    38  dflt_clz.o(x$fpl$dfltu)
    __aeabi_dmul                             0x0800acfd   Thumb Code     0  dmul.o(x$fpl$dmul)
    _dmul                                    0x0800acfd   Thumb Code   332  dmul.o(x$fpl$dmul)
    __fpl_dnaninf                            0x0800ae51   Thumb Code   156  dnaninf.o(x$fpl$dnaninf)
    __fpl_dretinf                            0x0800aeed   Thumb Code    12  dretinf.o(x$fpl$dretinf)
    __aeabi_dsub                             0x0800aef9   Thumb Code     0  daddsub_clz.o(x$fpl$dsub)
    _dsub                                    0x0800aef9   Thumb Code   464  daddsub_clz.o(x$fpl$dsub)
    __aeabi_f2d                              0x0800b0cd   Thumb Code     0  f2d.o(x$fpl$f2d)
    _f2d                                     0x0800b0cd   Thumb Code    86  f2d.o(x$fpl$f2d)
    __aeabi_fdiv                             0x0800b125   Thumb Code     0  fdiv.o(x$fpl$fdiv)
    _fdiv                                    0x0800b125   Thumb Code   384  fdiv.o(x$fpl$fdiv)
    __aeabi_f2iz                             0x0800b2a9   Thumb Code     0  ffix.o(x$fpl$ffix)
    _ffix                                    0x0800b2a9   Thumb Code    54  ffix.o(x$fpl$ffix)
    __aeabi_ui2f                             0x0800b2e1   Thumb Code     0  fflt_clz.o(x$fpl$ffltu)
    _ffltu                                   0x0800b2e1   Thumb Code    38  fflt_clz.o(x$fpl$ffltu)
    __aeabi_fmul                             0x0800b309   Thumb Code     0  fmul.o(x$fpl$fmul)
    _fmul                                    0x0800b309   Thumb Code   258  fmul.o(x$fpl$fmul)
    __fpl_fnaninf                            0x0800b40b   Thumb Code   140  fnaninf.o(x$fpl$fnaninf)
    __fpl_fretinf                            0x0800b497   Thumb Code    10  fretinf.o(x$fpl$fretinf)
    __I$use$fp                               0x0800b4a0   Number         0  usenofp.o(x$fpl$usenofp)
    asc2_1206                                0x0800b4a0   Data        1140  lcd.o(.constdata)
    asc2_1608                                0x0800b914   Data        1520  lcd.o(.constdata)
    asc2_2412                                0x0800bf04   Data        3420  lcd.o(.constdata)
    TX_ADDRESS                               0x0800cc60   Data           5  24l01.o(.constdata)
    RX_ADDRESS                               0x0800cc65   Data           5  24l01.o(.constdata)
    table_week                               0x0800cc6a   Data          12  rtc.o(.constdata)
    mon_table                                0x0800cc76   Data          12  rtc.o(.constdata)
    Region$$Table$$Base                      0x0800cdc8   Number         0  anon$$obj.o(Region$$Table)
    Region$$Table$$Limit                     0x0800cde8   Number         0  anon$$obj.o(Region$$Table)
    SystemCoreClock                          0x20000000   Data           4  system_stm32f10x.o(.data)
    AHBPrescTable                            0x20000004   Data          16  system_stm32f10x.o(.data)
    POINT_COLOR                              0x20000016   Data           2  lcd.o(.data)
    BACK_COLOR                               0x20000018   Data           2  lcd.o(.data)
    PrescalerValue                           0x2000001a   Data           2  motor.o(.data)
    hSysTick_OverNum                         0x20000028   Data           4  timebase.o(.data)
    bIs_First_Measurement                    0x20000030   Data           4  encoder.o(.data)
    hPrevious_angle                          0x20000038   Data           8  encoder.o(.data)
    hRot_Speed                               0x20000040   Data           8  encoder.o(.data)
    __stdout                                 0x20000078   Data           4  usart.o(.data)
    USART_RX_STA                             0x2000007c   Data           2  usart.o(.data)
    sys_cmd_tab                              0x20000094   Data          28  usmart.o(.data)
    usmart_nametab                           0x200000b0   Data          64  usmart_config.o(.data)
    usmart_dev                               0x200000f0   Data         244  usmart_config.o(.data)
    lcddev                                   0x200001e4   Data          14  lcd.o(.bss)
    hSpeed_Buffer                            0x200001f8   Data          56  encoder.o(.bss)
    calendar                                 0x20000230   Data          10  rtc.o(.bss)
    USART_RX_BUF                             0x2000023a   Data         200  usart.o(.bss)
    __libspace_start                         0x20000304   Data          96  libspace.o(.bss)
    __temporary_stack_top$libspace           0x20000364   Data           0  libspace.o(.bss)



==============================================================================

Memory Map of the image

  Image Entry point : 0x08000131

  Load Region LR_IROM1 (Base: 0x08000000, Size: 0x0000cfcc, Max: 0x00080000, ABSOLUTE, COMPRESSED[0x0000ce6c])

    Execution Region ER_IROM1 (Base: 0x08000000, Size: 0x0000cde8, Max: 0x00080000, ABSOLUTE)

    Base Addr    Size         Type   Attr      Idx    E Section Name        Object

    0x08000000   0x00000130   Data   RO          695    RESET               startup_stm32f10x_hd.o
    0x08000130   0x00000008   Code   RO         1090  * !!!main             c_w.l(__main.o)
    0x08000138   0x00000034   Code   RO         1416    !!!scatter          c_w.l(__scatter.o)
    0x0800016c   0x0000005a   Code   RO         1414    !!dczerorl2         c_w.l(__dczerorl2.o)
    0x080001c6   0x00000002   PAD
    0x080001c8   0x0000001c   Code   RO         1418    !!handler_zi        c_w.l(__scatter_zi.o)
    0x080001e4   0x00000000   Code   RO         1083    .ARM.Collect$$_printf_percent$$00000000  c_w.l(_printf_percent.o)
    0x080001e4   0x00000006   Code   RO         1081    .ARM.Collect$$_printf_percent$$00000009  c_w.l(_printf_d.o)
    0x080001ea   0x00000006   Code   RO         1082    .ARM.Collect$$_printf_percent$$0000000A  c_w.l(_printf_u.o)
    0x080001f0   0x00000006   Code   RO         1080    .ARM.Collect$$_printf_percent$$0000000C  c_w.l(_printf_x.o)
    0x080001f6   0x00000006   Code   RO         1078    .ARM.Collect$$_printf_percent$$00000013  c_w.l(_printf_c.o)
    0x080001fc   0x00000006   Code   RO         1079    .ARM.Collect$$_printf_percent$$00000014  c_w.l(_printf_s.o)
    0x08000202   0x00000004   Code   RO         1191    .ARM.Collect$$_printf_percent$$00000017  c_w.l(_printf_percent_end.o)
    0x08000206   0x00000002   Code   RO         1286    .ARM.Collect$$libinit$$00000000  c_w.l(libinit.o)
    0x08000208   0x00000000   Code   RO         1296    .ARM.Collect$$libinit$$00000002  c_w.l(libinit2.o)
    0x08000208   0x00000000   Code   RO         1299    .ARM.Collect$$libinit$$00000008  c_w.l(libinit2.o)
    0x08000208   0x00000000   Code   RO         1301    .ARM.Collect$$libinit$$0000000A  c_w.l(libinit2.o)
    0x08000208   0x00000000   Code   RO         1303    .ARM.Collect$$libinit$$0000000C  c_w.l(libinit2.o)
    0x08000208   0x00000000   Code   RO         1306    .ARM.Collect$$libinit$$0000000F  c_w.l(libinit2.o)
    0x08000208   0x00000000   Code   RO         1308    .ARM.Collect$$libinit$$00000011  c_w.l(libinit2.o)
    0x08000208   0x00000000   Code   RO         1310    .ARM.Collect$$libinit$$00000013  c_w.l(libinit2.o)
    0x08000208   0x00000000   Code   RO         1312    .ARM.Collect$$libinit$$00000015  c_w.l(libinit2.o)
    0x08000208   0x00000000   Code   RO         1314    .ARM.Collect$$libinit$$00000017  c_w.l(libinit2.o)
    0x08000208   0x00000000   Code   RO         1316    .ARM.Collect$$libinit$$00000019  c_w.l(libinit2.o)
    0x08000208   0x00000000   Code   RO         1318    .ARM.Collect$$libinit$$0000001B  c_w.l(libinit2.o)
    0x08000208   0x00000000   Code   RO         1320    .ARM.Collect$$libinit$$0000001D  c_w.l(libinit2.o)
    0x08000208   0x00000000   Code   RO         1322    .ARM.Collect$$libinit$$0000001F  c_w.l(libinit2.o)
    0x08000208   0x00000000   Code   RO         1324    .ARM.Collect$$libinit$$00000021  c_w.l(libinit2.o)
    0x08000208   0x00000000   Code   RO         1326    .ARM.Collect$$libinit$$00000023  c_w.l(libinit2.o)
    0x08000208   0x00000000   Code   RO         1330    .ARM.Collect$$libinit$$0000002A  c_w.l(libinit2.o)
    0x08000208   0x00000000   Code   RO         1332    .ARM.Collect$$libinit$$0000002C  c_w.l(libinit2.o)
    0x08000208   0x00000000   Code   RO         1334    .ARM.Collect$$libinit$$0000002E  c_w.l(libinit2.o)
    0x08000208   0x00000000   Code   RO         1336    .ARM.Collect$$libinit$$00000030  c_w.l(libinit2.o)
    0x08000208   0x00000002   Code   RO         1337    .ARM.Collect$$libinit$$00000031  c_w.l(libinit2.o)
    0x0800020a   0x00000002   Code   RO         1367    .ARM.Collect$$libshutdown$$00000000  c_w.l(libshutdown.o)
    0x0800020c   0x00000000   Code   RO         1382    .ARM.Collect$$libshutdown$$00000003  c_w.l(libshutdown2.o)
    0x0800020c   0x00000000   Code   RO         1385    .ARM.Collect$$libshutdown$$00000006  c_w.l(libshutdown2.o)
    0x0800020c   0x00000000   Code   RO         1388    .ARM.Collect$$libshutdown$$00000009  c_w.l(libshutdown2.o)
    0x0800020c   0x00000000   Code   RO         1390    .ARM.Collect$$libshutdown$$0000000B  c_w.l(libshutdown2.o)
    0x0800020c   0x00000000   Code   RO         1393    .ARM.Collect$$libshutdown$$0000000E  c_w.l(libshutdown2.o)
    0x0800020c   0x00000002   Code   RO         1394    .ARM.Collect$$libshutdown$$0000000F  c_w.l(libshutdown2.o)
    0x0800020e   0x00000000   Code   RO         1180    .ARM.Collect$$rtentry$$00000000  c_w.l(rtentry.o)
    0x0800020e   0x00000000   Code   RO         1235    .ARM.Collect$$rtentry$$00000002  c_w.l(rtentry2.o)
    0x0800020e   0x00000006   Code   RO         1247    .ARM.Collect$$rtentry$$00000004  c_w.l(rtentry4.o)
    0x08000214   0x00000000   Code   RO         1237    .ARM.Collect$$rtentry$$00000009  c_w.l(rtentry2.o)
    0x08000214   0x00000004   Code   RO         1238    .ARM.Collect$$rtentry$$0000000A  c_w.l(rtentry2.o)
    0x08000218   0x00000000   Code   RO         1240    .ARM.Collect$$rtentry$$0000000C  c_w.l(rtentry2.o)
    0x08000218   0x00000008   Code   RO         1241    .ARM.Collect$$rtentry$$0000000D  c_w.l(rtentry2.o)
    0x08000220   0x00000002   Code   RO         1289    .ARM.Collect$$rtexit$$00000000  c_w.l(rtexit.o)
    0x08000222   0x00000000   Code   RO         1341    .ARM.Collect$$rtexit$$00000002  c_w.l(rtexit2.o)
    0x08000222   0x00000004   Code   RO         1342    .ARM.Collect$$rtexit$$00000003  c_w.l(rtexit2.o)
    0x08000226   0x00000006   Code   RO         1343    .ARM.Collect$$rtexit$$00000004  c_w.l(rtexit2.o)
    0x0800022c   0x00000130   Code   RO            1    .text               main.o
    0x0800035c   0x00000018   Code   RO          181    .text               stm32f10x_it.o
    0x08000374   0x000001e0   Code   RO          222    .text               system_stm32f10x.o
    0x08000554   0x00000048   Code   RO          252    .text               led.o
    0x0800059c   0x000000b8   Code   RO          264    .text               key.o
    0x08000654   0x00004a5c   Code   RO          277    .text               lcd.o
    0x080050b0   0x00000108   Code   RO          300    .text               spi.o
    0x080051b8   0x00000334   Code   RO          315    .text               24l01.o
    0x080054ec   0x00000230   Code   RO          330    .text               motor.o
    0x0800571c   0x00000174   Code   RO          367    .text               timebase.o
    0x08005890   0x000005d4   Code   RO          468    .text               encoder.o
    0x08005e64   0x000003ac   Code   RO          488    .text               mpu6050.o
    0x08006210   0x00000478   Code   RO          506    .text               rtc.o
    0x08006688   0x0000026c   Code   RO          526    .text               mpuiic.o
    0x080068f4   0x000000d4   Code   RO          617    .text               delay.o
    0x080069c8   0x00000140   Code   RO          648    .text               usart.o
    0x08006b08   0x00000040   Code   RO          696    .text               startup_stm32f10x_hd.o
    0x08006b48   0x000000dc   Code   RO          700    .text               misc.o
    0x08006c24   0x0000060c   Code   RO          712    .text               stm32f10x_fsmc.o
    0x08007230   0x0000035c   Code   RO          724    .text               stm32f10x_gpio.o
    0x0800758c   0x000003a4   Code   RO          736    .text               stm32f10x_rcc.o
    0x08007930   0x0000030c   Code   RO          750    .text               stm32f10x_spi.o
    0x08007c3c   0x00000408   Code   RO          762    .text               stm32f10x_usart.o
    0x08008044   0x00000e1a   Code   RO          774    .text               stm32f10x_tim.o
    0x08008e5e   0x00000002   PAD
    0x08008e60   0x000000c4   Code   RO          798    .text               stm32f10x_bkp.o
    0x08008f24   0x000000cc   Code   RO          930    .text               stm32f10x_pwr.o
    0x08008ff0   0x00000148   Code   RO          942    .text               stm32f10x_rtc.o
    0x08009138   0x00000c38   Code   RO          978    .text               usmart.o
    0x08009d70   0x00000528   Code   RO         1007    .text               usmart_str.o
    0x0800a298   0x00000002   Code   RO         1021    .text               c_w.l(use_no_semi_2.o)
    0x0800a29a   0x00000002   PAD
    0x0800a29c   0x00000018   Code   RO         1027    .text               c_w.l(noretval__2printf.o)
    0x0800a2b4   0x0000004e   Code   RO         1031    .text               c_w.l(_printf_pad.o)
    0x0800a302   0x00000052   Code   RO         1033    .text               c_w.l(_printf_str.o)
    0x0800a354   0x00000074   Code   RO         1035    .text               c_w.l(_printf_dec.o)
    0x0800a3c8   0x00000058   Code   RO         1040    .text               c_w.l(_printf_hex_int.o)
    0x0800a420   0x00000188   Code   RO         1075    .text               c_w.l(__printf_flags_ss_wp.o)
    0x0800a5a8   0x00000006   Code   RO         1088    .text               c_w.l(heapauxi.o)
    0x0800a5ae   0x00000002   Code   RO         1178    .text               c_w.l(use_no_semi.o)
    0x0800a5b0   0x000000b2   Code   RO         1185    .text               c_w.l(_printf_intcommon.o)
    0x0800a662   0x0000002c   Code   RO         1187    .text               c_w.l(_printf_char.o)
    0x0800a68e   0x00000002   PAD
    0x0800a690   0x00000024   Code   RO         1189    .text               c_w.l(_printf_char_file.o)
    0x0800a6b4   0x00000030   Code   RO         1258    .text               c_w.l(_printf_char_common.o)
    0x0800a6e4   0x00000008   Code   RO         1260    .text               c_w.l(ferror.o)
    0x0800a6ec   0x00000008   Code   RO         1270    .text               c_w.l(libspace.o)
    0x0800a6f4   0x0000004a   Code   RO         1273    .text               c_w.l(sys_stackheap_outer.o)
    0x0800a73e   0x0000000c   Code   RO         1279    .text               c_w.l(exit.o)
    0x0800a74a   0x0000000e   Code   RO         1068    i._is_digit         c_w.l(__printf_wp.o)
    0x0800a758   0x00000062   Code   RO         1092    x$fpl$d2f           fz_ws.l(d2f.o)
    0x0800a7ba   0x00000002   PAD
    0x0800a7bc   0x00000150   Code   RO         1094    x$fpl$dadd          fz_ws.l(daddsub_clz.o)
    0x0800a90c   0x00000018   Code   RO         1194    x$fpl$dcmpinf       fz_ws.l(dcmpi.o)
    0x0800a924   0x000002b0   Code   RO         1101    x$fpl$ddiv          fz_ws.l(ddiv.o)
    0x0800abd4   0x00000078   Code   RO         1104    x$fpl$deqf          fz_ws.l(deqf.o)
    0x0800ac4c   0x0000005a   Code   RO         1110    x$fpl$dfixu         fz_ws.l(dfixu.o)
    0x0800aca6   0x0000002e   Code   RO         1115    x$fpl$dflt          fz_ws.l(dflt_clz.o)
    0x0800acd4   0x00000026   Code   RO         1114    x$fpl$dfltu         fz_ws.l(dflt_clz.o)
    0x0800acfa   0x00000002   PAD
    0x0800acfc   0x00000154   Code   RO         1122    x$fpl$dmul          fz_ws.l(dmul.o)
    0x0800ae50   0x0000009c   Code   RO         1196    x$fpl$dnaninf       fz_ws.l(dnaninf.o)
    0x0800aeec   0x0000000c   Code   RO         1198    x$fpl$dretinf       fz_ws.l(dretinf.o)
    0x0800aef8   0x000001d4   Code   RO         1096    x$fpl$dsub          fz_ws.l(daddsub_clz.o)
    0x0800b0cc   0x00000056   Code   RO         1126    x$fpl$f2d           fz_ws.l(f2d.o)
    0x0800b122   0x00000002   PAD
    0x0800b124   0x00000184   Code   RO         1135    x$fpl$fdiv          fz_ws.l(fdiv.o)
    0x0800b2a8   0x00000036   Code   RO         1140    x$fpl$ffix          fz_ws.l(ffix.o)
    0x0800b2de   0x00000002   PAD
    0x0800b2e0   0x00000026   Code   RO         1148    x$fpl$ffltu         fz_ws.l(fflt_clz.o)
    0x0800b306   0x00000002   PAD
    0x0800b308   0x00000102   Code   RO         1156    x$fpl$fmul          fz_ws.l(fmul.o)
    0x0800b40a   0x0000008c   Code   RO         1202    x$fpl$fnaninf       fz_ws.l(fnaninf.o)
    0x0800b496   0x0000000a   Code   RO         1204    x$fpl$fretinf       fz_ws.l(fretinf.o)
    0x0800b4a0   0x00000000   Code   RO         1208    x$fpl$usenofp       fz_ws.l(usenofp.o)
    0x0800b4a0   0x000017c0   Data   RO          279    .constdata          lcd.o
    0x0800cc60   0x0000000a   Data   RO          316    .constdata          24l01.o
    0x0800cc6a   0x00000018   Data   RO          508    .constdata          rtc.o
    0x0800cc82   0x00000028   Data   RO         1041    .constdata          c_w.l(_printf_hex_int.o)
    0x0800ccaa   0x00000011   Data   RO         1076    .constdata          c_w.l(__printf_flags_ss_wp.o)
    0x0800ccbb   0x00000001   PAD
    0x0800ccbc   0x00000028   Data   RO          979    .conststring        usmart.o
    0x0800cce4   0x000000e2   Data   RO          994    .conststring        usmart_config.o
    0x0800cdc6   0x00000002   PAD
    0x0800cdc8   0x00000020   Data   RO         1412    Region$$Table       anon$$obj.o


    Execution Region RW_IRAM1 (Base: 0x20000000, Size: 0x00000968, Max: 0x00010000, ABSOLUTE, COMPRESSED[0x00000084])

    Base Addr    Size         Type   Attr      Idx    E Section Name        Object

    0x20000000   0x00000014   Data   RW          223    .data               system_stm32f10x.o
    0x20000014   0x00000001   Data   RW          265    .data               key.o
    0x20000015   0x00000001   PAD
    0x20000016   0x00000004   Data   RW          280    .data               lcd.o
    0x2000001a   0x00000002   Data   RW          331    .data               motor.o
    0x2000001c   0x00000012   Data   RW          368    .data               timebase.o
    0x2000002e   0x00000002   PAD
    0x20000030   0x00000040   Data   RW          470    .data               encoder.o
    0x20000070   0x00000002   Data   RW          509    .data               rtc.o
    0x20000072   0x00000004   Data   RW          618    .data               delay.o
    0x20000076   0x00000002   PAD
    0x20000078   0x00000006   Data   RW          650    .data               usart.o
    0x2000007e   0x00000014   Data   RW          737    .data               stm32f10x_rcc.o
    0x20000092   0x00000002   PAD
    0x20000094   0x0000001c   Data   RW          980    .data               usmart.o
    0x200000b0   0x00000134   Data   RW          995    .data               usmart_config.o
    0x200001e4   0x0000000e   Zero   RW          278    .bss                lcd.o
    0x200001f2   0x00000006   PAD
    0x200001f8   0x00000038   Zero   RW          469    .bss                encoder.o
    0x20000230   0x0000000a   Zero   RW          507    .bss                rtc.o
    0x2000023a   0x000000c8   Zero   RW          649    .bss                usart.o
    0x20000302   0x00000002   PAD
    0x20000304   0x00000060   Zero   RW         1271    .bss                c_w.l(libspace.o)
    0x20000364   0x00000004   PAD
    0x20000368   0x00000200   Zero   RW          694    HEAP                startup_stm32f10x_hd.o
    0x20000568   0x00000400   Zero   RW          693    STACK               startup_stm32f10x_hd.o


==============================================================================

Image component sizes


      Code (inc. data)   RO Data    RW Data    ZI Data      Debug   Object Name

       820         38         10          0          0       3827   24l01.o
       212         18          0          4          0       1075   delay.o
      1492        152          0         64         56       3968   encoder.o
       184         14          0          1          0        812   key.o
     19036        162       6080          4         14      21774   lcd.o
        72          4          0          0          0        523   led.o
       304         72          0          0          0     268652   main.o
       220         22          0          0          0       1849   misc.o
       560         16          0          2          0       3481   motor.o
       940         28          0          0          0       4279   mpu6050.o
       620         14          0          0          0       2066   mpuiic.o
      1144         62         24          2         10       4374   rtc.o
       264         10          0          0          0       1125   spi.o
        64         26        304          0       1536        812   startup_stm32f10x_hd.o
       196          8          0          0          0       3512   stm32f10x_bkp.o
      1548         18          0          0          0       5399   stm32f10x_fsmc.o
       860         38          0          0          0       5697   stm32f10x_gpio.o
        24          0          0          0          0       1114   stm32f10x_it.o
       204         14          0          0          0       1943   stm32f10x_pwr.o
       932         36          0         20          0       8896   stm32f10x_rcc.o
       328          4          0          0          0       2694   stm32f10x_rtc.o
       780         14          0          0          0       6578   stm32f10x_spi.o
      3610         88          0          0          0      22180   stm32f10x_tim.o
      1032         22          0          0          0       8420   stm32f10x_usart.o
         0          0          0          0          0         32   sys.o
       480         38          0         20          0       1815   system_stm32f10x.o
       372         32          0         18          0       3846   timebase.o
       320         16          0          6        200       3226   usart.o
      3128       1288         40         28          0       4394   usmart.o
         0          0        226        308          0       1624   usmart_config.o
      1320         12          0          0          0       5105   usmart_str.o

    ----------------------------------------------------------------------
     41068       2266       6718        484       1824     405092   Object Totals
         0          0         32          0          0          0   (incl. Generated)
         2          0          2          7          8          0   (incl. Padding)

    ----------------------------------------------------------------------

      Code (inc. data)   RO Data    RW Data    ZI Data      Debug   Library Member Name

        90          0          0          0          0          0   __dczerorl2.o
         8          0          0          0          0         68   __main.o
       392          4         17          0          0         92   __printf_flags_ss_wp.o
        14          0          0          0          0         68   __printf_wp.o
        52          8          0          0          0          0   __scatter.o
        28          0          0          0          0          0   __scatter_zi.o
         6          0          0          0          0          0   _printf_c.o
        44          0          0          0          0        108   _printf_char.o
        48          6          0          0          0         96   _printf_char_common.o
        36          4          0          0          0         80   _printf_char_file.o
         6          0          0          0          0          0   _printf_d.o
       116         16          0          0          0         92   _printf_dec.o
        88          4         40          0          0         88   _printf_hex_int.o
       178          0          0          0          0         88   _printf_intcommon.o
        78          0          0          0          0        108   _printf_pad.o
         0          0          0          0          0          0   _printf_percent.o
         4          0          0          0          0          0   _printf_percent_end.o
         6          0          0          0          0          0   _printf_s.o
        82          0          0          0          0         80   _printf_str.o
         6          0          0          0          0          0   _printf_u.o
         6          0          0          0          0          0   _printf_x.o
        12          0          0          0          0         72   exit.o
         8          0          0          0          0         68   ferror.o
         6          0          0          0          0        152   heapauxi.o
         2          0          0          0          0          0   libinit.o
         2          0          0          0          0          0   libinit2.o
         2          0          0          0          0          0   libshutdown.o
         2          0          0          0          0          0   libshutdown2.o
         8          4          0          0         96         68   libspace.o
        24          4          0          0          0         84   noretval__2printf.o
         0          0          0          0          0          0   rtentry.o
        12          0          0          0          0          0   rtentry2.o
         6          0          0          0          0          0   rtentry4.o
         2          0          0          0          0          0   rtexit.o
        10          0          0          0          0          0   rtexit2.o
        74          0          0          0          0         80   sys_stackheap_outer.o
         2          0          0          0          0         68   use_no_semi.o
         2          0          0          0          0         68   use_no_semi_2.o
        98          4          0          0          0         92   d2f.o
       804         16          0          0          0        272   daddsub_clz.o
        24          0          0          0          0         68   dcmpi.o
       688        140          0          0          0        208   ddiv.o
       120          4          0          0          0         92   deqf.o
        90          4          0          0          0         92   dfixu.o
        84          0          0          0          0        136   dflt_clz.o
       340         12          0          0          0        104   dmul.o
       156          4          0          0          0         92   dnaninf.o
        12          0          0          0          0         68   dretinf.o
        86          4          0          0          0         84   f2d.o
       388         76          0          0          0         96   fdiv.o
        54          4          0          0          0         84   ffix.o
        38          0          0          0          0         68   fflt_clz.o
       258          4          0          0          0         84   fmul.o
       140          4          0          0          0         84   fnaninf.o
        10          0          0          0          0         68   fretinf.o
         0          0          0          0          0          0   usenofp.o

    ----------------------------------------------------------------------
      4868        326         58          0        100       3420   Library Totals
        16          0          1          0          4          0   (incl. Padding)

    ----------------------------------------------------------------------

      Code (inc. data)   RO Data    RW Data    ZI Data      Debug   Library Name

      1462         50         57          0         96       1628   c_w.l
      3390        276          0          0          0       1792   fz_ws.l

    ----------------------------------------------------------------------
      4868        326         58          0        100       3420   Library Totals

    ----------------------------------------------------------------------

==============================================================================


      Code (inc. data)   RO Data    RW Data    ZI Data      Debug   

     45936       2592       6776        484       1924     403724   Grand Totals
     45936       2592       6776        132       1924     403724   ELF Image Totals (compressed)
     45936       2592       6776        132          0          0   ROM Totals

==============================================================================

    Total RO  Size (Code + RO Data)                52712 (  51.48kB)
    Total RW  Size (RW Data + ZI Data)              2408 (   2.35kB)
    Total ROM Size (Code + RO Data + RW Data)      52844 (  51.61kB)

==============================================================================

