<html>
<body>
<pre>
<h1>礦ision Build Log</h1>
<h2>Project:</h2>
E:\github\ElectronicDesignContest\UnderMachine\实验33 无线通信实验\USER\NRF24L01.uvprojx
Project File Date:  08/07/2015

<h2>Output:</h2>
Build target 'NRF24L01'
linking...
Program Size: Code=66368 RO-data=8224 RW-data=452 ZI-data=1094748  
FromELF: creating hex file...
"..\OBJ\NRF24L01.axf" - 0 Error(s), 0 Warning(s).
Load "..\\OBJ\\NRF24L01.axf" 
Set JLink Project File to "E:\github\ElectronicDesignContest\UnderMachine\实验33 无线通信实验\USER\JLinkSettings.ini"
* JLink Info: Device "STM32F103ZE" selected (512 KB flash, 64 KB RAM).
 
JLink info:
------------
DLL: V4.80g, compiled Feb 13 2014 20:50:02
Firmware: J-Link ARM V8 compiled Nov 25 2013 19:20:08
Hardware: V8.00
S/N : 99999994 
Feature(s) : RDI,FlashDL,FlashBP,JFlash,GDBFULL 
 
* JLink Info: Found SWD-DP with ID 0x1BA01477
* JLink Info: Found SWD-DP with ID 0x1BA01477
* JLink Info: Found Cortex-M3 r1p1, Little endian.
* JLink Info: FPUnit: 6 code (BP) slots and 2 literal slots
* JLink Info: TPIU fitted.
* JLink Info: ETM fitted.
ROMTableAddr = 0xE00FF003
 
Target info:
------------
Device: STM32F103ZE
VTarget = 3.254V
State of Pins: 
TCK: 0, TDI: 1, TDO: 1, TMS: 1, TRES: 1, TRST: 1
Hardware-Breakpoints: 6
Software-Breakpoints: 8192
Watchpoints:          4
JTAG speed: 1000 kHz
 
Erase Done.
Programming Done.
Verify OK.
Application running ...
</pre>
</body>
</html>
ing timer.c...
..\HARDWARE\TIMER\timer.c(60): warning:  #167-D: argument of type "char *" is incompatible with parameter of type "u8 *"
                        if(NRF24L01_RxPacket(tmp_buf)==0)//一旦接收到信息,则显示出来.
..\HARDWARE\TIMER\timer.c(62): warning:  #175-D: subscript out of range
                                tmp_buf[32]=0;//加入字符串结束符
..\HARDWARE\TIMER\timer.c(63): warning:  #167-D: argument of type "char *" is incompatible with parameter of type "u8 *"
                                LCD_ShowString(0,190,lcddev.width-1,32,16,tmp_buf); 
..\HARDWARE\TIMER\timer.c: 3 warnings, 0 errors
"..\HARDWARE\TIMER\timer.c" - 0 Error(s), 3 Warning(s).
: 0, TDI: 1, TDO: 1, TMS: 1, TRES: 1, TRST: 1
Hardware-Breakpoints: 6
Software-Breakpoints: 8192
Watchpoints:          4
JTAG speed: 1000 kHz
 
Erase Done.
Programming Done.
Verify OK.
Application running ...
