<html>
<body>
<pre>
<h1>礦ision Build Log</h1>
<h2>Project:</h2>
E:\github\ElectronicDesignContest\UnderMachine\实验33 无线通信实验\USER\NRF24L01.uvprojx
Project File Date:  07/16/2015

<h2>Output:</h2>
Build target 'NRF24L01'
compiling mytask.c...
mytask.h(4): warning:  #1295-D: Deprecated declaration MUSE_TASK - give arg types
  void MUSE_TASK();
mytask.h(5): warning:  #1295-D: Deprecated declaration KEY0_TASK - give arg types
  void KEY0_TASK();
mytask.h(6): warning:  #1295-D: Deprecated declaration KEY1_TASK - give arg types
  void KEY1_TASK();
mytask.h(7): warning:  #1295-D: Deprecated declaration KEY2_TASK - give arg types
  void KEY2_TASK();
mytask.h(8): warning:  #1295-D: Deprecated declaration KEY3_TASK - give arg types
  void KEY3_TASK();
mytask.h(9): warning:  #1295-D: Deprecated declaration KEY4_TASK - give arg types
  void KEY4_TASK();
mytask.h(10): warning:  #1295-D: Deprecated declaration KEY5_TASK - give arg types
  void KEY5_TASK();
mytask.h(11): warning:  #1295-D: Deprecated declaration KEY6_TASK - give arg types
  void KEY6_TASK();
mytask.h(12): warning:  #1295-D: Deprecated declaration KEY7_TASK - give arg types
  void KEY7_TASK();
mytask.h(13): warning:  #1295-D: Deprecated declaration KEY8_TASK - give arg types
  void KEY8_TASK();
mytask.h(16): warning:  #1-D: last line of file ends without a newline
  #endif
mytask.c(60): warning:  #550-D: variable "mode" was set but never used
        u8 key,mode;
mytask.c(128): warning:  #550-D: variable "mode" was set but never used
        u8 key,mode;
mytask.c(232): warning:  #1-D: last line of file ends without a newline
  }
mytask.c: 14 warnings, 0 errors
linking...
Program Size: Code=67496 RO-data=8292 RW-data=448 ZI-data=1094688  
FromELF: creating hex file...
"..\OBJ\NRF24L01.axf" - 0 Error(s), 14 Warning(s).
Load "..\\OBJ\\NRF24L01.axf" 
Set JLink Project File to "E:\github\ElectronicDesignContest\UnderMachine\实验33 无线通信实验\USER\JLinkSettings.ini"
* JLink Info: Device "STM32F103ZE" selected (512 KB flash, 64 KB RAM).
 
JLink info:
------------
DLL: V4.80g, compiled Feb 13 2014 20:50:02
Firmware: J-Link ARM V8 compiled Nov 25 2013 19:20:08
Hardware: V8.00
S/N : 99999994 
Feature(s) : RDI,FlashDL,FlashBP,JFlash,GDBFULL 
 
* JLink Info: Found SWD-DP with ID 0x1BA01477
* JLink Info: Found SWD-DP with ID 0x1BA01477
* JLink Info: Found Cortex-M3 r1p1, Little endian.
* JLink Info: FPUnit: 6 code (BP) slots and 2 literal slots
* JLink Info: TPIU fitted.
* JLink Info: ETM fitted.
ROMTableAddr = 0xE00FF003
 
Target info:
------------
Device: STM32F103ZE
VTarget = 3.254V
State of Pins: 
TCK: 0, TDI: 1, TDO: 1, TMS: 1, TRES: 1, TRST: 1
Hardware-Breakpoints: 6
Software-Breakpoints: 8192
Watchpoints:          4
JTAG speed: 1000 kHz
 
Erase Done.
Programming Done.
Verify OK.
Application running ...
warning:  #550-D: variable "mode" was set but never used
        u8 key,mode;
mytask.c(227): warning:  #1-D: last line of file ends without a newline
  }
mytask.c: 14 warnings, 0 errors
linking...
Program Size: Code=67412 RO-data=8292 RW-data=448 ZI-data=1094688  
FromELF: creating hex file...
"..\OBJ\NRF24L01.axf" - 0 Error(s), 27 Warning(s).
Load "..\\OBJ\\NRF24L01.axf" 
Set JLink Project File to "E:\github\ElectronicDesignContest\UnderMachine\实验33 无线通信实验\USER\JLinkSettings.ini"
* JLink Info: Device "STM32F103ZE" selected (512 KB flash, 64 KB RAM).
 
JLink info:
------------
DLL: V4.80g, compiled Feb 13 2014 20:50:02
Firmware: J-Link ARM V8 compiled Nov 25 2013 19:20:08
Hardware: V8.00
S/N : 99999994 
Feature(s) : RDI,FlashDL,FlashBP,JFlash,GDBFULL 
 
* JLink Info: Found SWD-DP with ID 0x1BA01477
* JLink Info: Found SWD-DP with ID 0x1BA01477
* JLink Info: Found Cortex-M3 r1p1, Little endian.
* JLink Info: FPUnit: 6 code (BP) slots and 2 literal slots
* JLink Info: TPIU fitted.
* JLink Info: ETM fitted.
ROMTableAddr = 0xE00FF003
 
Target info:
------------
Device: STM32F103ZE
VTarget = 3.261V
State of Pins: 
TCK: 0, TDI: 1, TDO: 1, TMS: 1, TRES: 1, TRST: 1
Hardware-Breakpoints: 6
Software-Breakpoints: 8192
Watchpoints:          4
JTAG speed: 1000 kHz
 
Erase Done.
Programming Done.
Verify OK.
Application running ...
F24L01.axf" - 0 Error(s), 29 Warning(s).
Load "..\\OBJ\\NRF24L01.axf" 
Set JLink Project File to "E:\github\ElectronicDesignContest\UnderMachine\实验33 无线通信实验\USER\JLinkSettings.ini"
* JLink Info: Device "STM32F103ZE" selected (512 KB flash, 64 KB RAM).
 
JLink info:
------------
DLL: V4.80g, compiled Feb 13 2014 20:50:02
Firmware: J-Link ARM V8 compiled Nov 25 2013 19:20:08
Hardware: V8.00
S/N : 99999994 
Feature(s) : RDI,FlashDL,FlashBP,JFlash,GDBFULL 
 
* JLink Info: Found SWD-DP with ID 0x1BA01477
* JLink Info: Found SWD-DP with ID 0x1BA01477
* JLink Info: Found Cortex-M3 r1p1, Little endian.
* JLink Info: FPUnit: 6 code (BP) slots and 2 literal slots
* JLink Info: TPIU fitted.
* JLink Info: ETM fitted.
ROMTableAddr = 0xE00FF003
 
Target info:
------------
Device: STM32F103ZE
VTarget = 3.261V
State of Pins: 
TCK: 0, TDI: 1, TDO: 1, TMS: 1, TRES: 1, TRST: 1
Hardware-Breakpoints: 6
Software-Breakpoints: 8192
Watchpoints:          4
JTAG speed: 1000 kHz
 
Erase Done.
Programming Done.
Verify OK.
Application running ...
