Product: MDK-ARM Professional 5.10
Component: ARM Compiler 5.04 update 1 (build 49)
Tool: armlink [5040049]

==============================================================================

Section Cross References

    main.o(.text) refers to timebase.o(.text) for TB_Init
    main.o(.text) refers to lcd.o(.text) for LCD_Init
    main.o(.text) refers to led.o(.text) for LED_Init
    main.o(.text) refers to zlg_key.o(.text) for SystemInit_key
    main.o(.text) refers to remote.o(.text) for Remote_Init
    main.o(.text) refers to usart.o(.text) for InitUSART
    main.o(.text) refers to extikey.o(.text) for EXTI_KEY_Init
    main.o(.text) refers to control.o(.text) for Controller_Init
    main.o(.text) refers to encoder.o(.text) for ENC_Init
    main.o(.text) refers to encoder1.o(.text) for ENC1_Init
    main.o(.text) refers to motor.o(.text) for MotorInit
    main.o(.text) refers to mytask.o(.text) for INIT_Task
    main.o(.text) refers to globals.o(.data) for State
    main.o(.text) refers to extikey.o(.data) for KeyFlag
    system_stm32f10x.o(.text) refers to system_stm32f10x.o(.data) for SystemCoreClock
    mytask.o(.text) refers to _printf_percent.o(.ARM.Collect$$_printf_percent$$00000000) for _printf_percent
    mytask.o(.text) refers to _printf_d.o(.ARM.Collect$$_printf_percent$$00000009) for _printf_d
    mytask.o(.text) refers to _printf_dec.o(.text) for _printf_int_dec
    mytask.o(.text) refers to _printf_f.o(.ARM.Collect$$_printf_percent$$00000003) for _printf_f
    mytask.o(.text) refers to printf1.o(x$fpl$printf1) for _printf_fp_dec
    mytask.o(.text) refers to _printf_pad.o(.text) for _printf_pre_padding
    mytask.o(.text) refers to timebase.o(.text) for TB_DisplayDelay_IsElapsed
    mytask.o(.text) refers to lcd.o(.text) for clear_screen
    mytask.o(.text) refers to remote.o(.text) for Remote_Process
    mytask.o(.text) refers to control.o(.text) for Controller_Init
    mytask.o(.text) refers to encoder.o(.text) for ENC_Init
    mytask.o(.text) refers to encoder1.o(.text) for ENC1_Init
    mytask.o(.text) refers to motor.o(.text) for MotorA_Forward
    mytask.o(.text) refers to delay.o(.text) for delay_ms
    mytask.o(.text) refers to __2sprintf.o(.text) for __2sprintf
    mytask.o(.text) refers to daddsub_clz.o(x$fpl$dadd) for __aeabi_dadd
    mytask.o(.text) refers to drleqf.o(x$fpl$drleqf) for __aeabi_cdrcmple
    mytask.o(.text) refers to daddsub_clz.o(x$fpl$dsub) for __aeabi_dsub
    mytask.o(.text) refers to app.o(.text) for abs
    mytask.o(.text) refers to dmul.o(x$fpl$dmul) for __aeabi_dmul
    mytask.o(.text) refers to ddiv.o(x$fpl$ddiv) for __aeabi_ddiv
    mytask.o(.text) refers to cos.o(i.cos) for cos
    mytask.o(.text) refers to remote.o(.data) for Remote_Rdy
    mytask.o(.text) refers to globals.o(.data) for State
    mytask.o(.text) refers to globals.o(.bss) for str
    mytask.o(.text) refers to dflt_clz.o(x$fpl$dflt) for __aeabi_i2d
    mytask.o(.text) refers to dfix.o(x$fpl$dfix) for __aeabi_d2iz
    mytask.o(.text) refers to dleqf.o(x$fpl$dleqf) for __aeabi_cdcmple
    mytask.o(.text) refers to deqf.o(x$fpl$deqf) for __aeabi_cdcmpeq
    mytask.o(.text) refers to led.o(.text) for LED0_Toggle
    mytask.o(.text) refers to extikey.o(.data) for KeyFlag
    mytask.o(.text) refers to d2f.o(x$fpl$d2f) for __aeabi_d2f
    mytask.o(.text) refers to ffix.o(x$fpl$ffix) for __aeabi_f2iz
    mytask.o(.text) refers to faddsub_clz.o(x$fpl$fsub) for __aeabi_fsub
    mytask.o(.text) refers to faddsub_clz.o(x$fpl$fadd) for __aeabi_fadd
    mytask.o(.text) refers to sin.o(i.sin) for sin
    mytask.o(.text) refers to c89printf.o(.text) for __c89printf
    mytask.o(.text) refers to f2d.o(x$fpl$f2d) for __aeabi_f2d
    mytask.o(.text) refers to zlg7290.o(.data) for IsKeyPressed
    mytask.o(.text) refers to zlg_key.o(.data) for zlg_key
    mytask.o(.text) refers to ds18b20.o(.text) for DS18B20_Get_Temp
    mytask.o(.text) refers to fflt_clz.o(x$fpl$fflt) for __aeabi_i2f
    mytask.o(.text) refers to fdiv.o(x$fpl$fdiv) for __aeabi_fdiv
    mytask.o(.text) refers to lcd.o(.data) for Photo0
    led.o(.text) refers to stm32f10x_rcc.o(.text) for RCC_APB2PeriphClockCmd
    led.o(.text) refers to stm32f10x_gpio.o(.text) for GPIO_Init
    motor.o(.text) refers to stm32f10x_rcc.o(.text) for RCC_APB1PeriphClockCmd
    motor.o(.text) refers to stm32f10x_gpio.o(.text) for GPIO_Init
    motor.o(.text) refers to stm32f10x_tim.o(.text) for TIM_TimeBaseInit
    motor.o(.text) refers to motor.o(.data) for PrescalerValue
    timebase.o(.text) refers to system_stm32f10x.o(.data) for SystemCoreClock
    timebase.o(.text) refers to timebase.o(.data) for hTimebase_Delay_Time
    encoder1.o(.text) refers to stm32f10x_rcc.o(.text) for RCC_APB1PeriphClockCmd
    encoder1.o(.text) refers to stm32f10x_gpio.o(.text) for GPIO_StructInit
    encoder1.o(.text) refers to misc.o(.text) for NVIC_Init
    encoder1.o(.text) refers to stm32f10x_tim.o(.text) for TIM_DeInit
[...]
    RECIPROCATE_INPUT_Task                   0x080007ab   Thumb Code   244  mytask.o(.text)
    RECIPROCATE_Task                         0x0800089f   Thumb Code   946  mytask.o(.text)
    FREE_LQR_Task                            0x08000c51   Thumb Code   314  mytask.o(.text)
    LQR_CONTROL_Task                         0x08000d8b   Thumb Code  1014  mytask.o(.text)
    LQR_CIRCULAT_INPUT_Task                  0x08001181   Thumb Code   260  mytask.o(.text)
    LQR_CIRCULAR_Task                        0x08001285   Thumb Code  1208  mytask.o(.text)
    LQR_TEST_Task                            0x0800173d   Thumb Code   376  mytask.o(.text)
    INPUT_Task                               0x080018b5   Thumb Code     2  mytask.o(.text)
    POSITION_INPUT_Task                      0x080018b7   Thumb Code     2  mytask.o(.text)
    SPEED_CONTROL_Task                       0x080018b9   Thumb Code   196  mytask.o(.text)
    POSITION_CONTROL_Task                    0x0800197d   Thumb Code   340  mytask.o(.text)
    TEST_KEY_AND_IR_Task                     0x08001ad1   Thumb Code   114  mytask.o(.text)
    TEST_MOTOR_Task                          0x08001b43   Thumb Code   542  mytask.o(.text)
    TEST_LED_Task                            0x08001d61   Thumb Code    26  mytask.o(.text)
    TEST_LCD_Task                            0x08001d7b   Thumb Code    28  mytask.o(.text)
    TEST_ADC_Task                            0x08001d97   Thumb Code    20  mytask.o(.text)
    TEST_DS18B20_Task                        0x08001dab   Thumb Code   132  mytask.o(.text)
    TEST_SPEED_Task                          0x08001e2f   Thumb Code   150  mytask.o(.text)
    LED_Init                                 0x08001f11   Thumb Code   134  led.o(.text)
    LED0_Toggle                              0x08001f97   Thumb Code    18  led.o(.text)
    LED0_ON                                  0x08001fa9   Thumb Code    12  led.o(.text)
    LED0_OFF                                 0x08001fb5   Thumb Code    12  led.o(.text)
    LED1_Toggle                              0x08001fc1   Thumb Code    18  led.o(.text)
    LED1_ON                                  0x08001fd3   Thumb Code    12  led.o(.text)
    LED1_OFF                                 0x08001fdf   Thumb Code    12  led.o(.text)
    LED2_Toggle                              0x08001feb   Thumb Code    18  led.o(.text)
    LED2_ON                                  0x08001ffd   Thumb Code    14  led.o(.text)
    LED2_OFF                                 0x0800200b   Thumb Code    14  led.o(.text)
    TIM_PWM_Init                             0x08002025   Thumb Code   222  motor.o(.text)
    MotorInit                                0x08002103   Thumb Code    58  motor.o(.text)
    MotorA_Brk                               0x0800213d   Thumb Code    14  motor.o(.text)
    MotorA_Forward                           0x0800214b   Thumb Code    14  motor.o(.text)
    MotorA_Backward_PWM_Update               0x08002159   Thumb Code    20  motor.o(.text)
    MotorA_Forward_PWM_Update                0x0800216d   Thumb Code    20  motor.o(.text)
    MotorA_PWM_Update                        0x08002181   Thumb Code    26  motor.o(.text)
    MotorA_Backward                          0x0800219b   Thumb Code    16  motor.o(.text)
    MotorB_Brk                               0x080021ab   Thumb Code    14  motor.o(.text)
    MotorB_Forward                           0x080021b9   Thumb Code    14  motor.o(.text)
    MotorB_Backward_PWM_Update               0x080021c7   Thumb Code    14  motor.o(.text)
    MotorB_Forward_PWM_Update                0x080021d5   Thumb Code    14  motor.o(.text)
    MotorB_PWM_Update                        0x080021e3   Thumb Code    26  motor.o(.text)
    MotorB_Backward                          0x080021fd   Thumb Code    16  motor.o(.text)
    TB_Init                                  0x08002219   Thumb Code   116  timebase.o(.text)
    TB_SetDelay_Time                         0x0800228d   Thumb Code     6  timebase.o(.text)
    TB_Delay_IsElapsed                       0x08002293   Thumb Code    14  timebase.o(.text)
    TB_SetPositionPIDDelay_Time              0x080022a1   Thumb Code     6  timebase.o(.text)
    TB_PositionPIDDelay_IsElapsed            0x080022a7   Thumb Code    14  timebase.o(.text)
    TB_SetSpeedPIDDelay_Time                 0x080022b5   Thumb Code     6  timebase.o(.text)
    TB_SpeedPIDDelay_IsElapsed               0x080022bb   Thumb Code    14  timebase.o(.text)
    TB_SetDisplayDelay_Time                  0x080022c9   Thumb Code     6  timebase.o(.text)
    TB_DisplayDelay_IsElapsed                0x080022cf   Thumb Code    14  timebase.o(.text)
    TB_SetADC_Time                           0x080022dd   Thumb Code     6  timebase.o(.text)
    TB_ADC_Delay_IsElapsed                   0x080022e3   Thumb Code    14  timebase.o(.text)
    SysTick_Handler                          0x080022f1   Thumb Code    92  timebase.o(.text)
    ENC1_Clear_Speed_Buffer                  0x08002375   Thumb Code    30  encoder1.o(.text)
    ENC1_Init                                0x08002393   Thumb Code   246  encoder1.o(.text)
    ENC1_Calc_Rot_Speed                      0x08002489   Thumb Code   382  encoder1.o(.text)
    ENC1_Calc_Average_Speed                  0x08002607   Thumb Code   130  encoder1.o(.text)
    ENC1_Get_AnglularPosition                0x08002689   Thumb Code    66  encoder1.o(.text)
    TIM2_IRQHandler                          0x080026cb   Thumb Code   116  encoder1.o(.text)
    Controller_Init                          0x08002779   Thumb Code   146  control.o(.text)
    ErrorClear                               0x0800280b   Thumb Code     8  control.o(.text)
    SpeedPI_Regulator                        0x08002813   Thumb Code   220  control.o(.text)
    PositionPID_Regulator                    0x080028ef   Thumb Code   220  control.o(.text)
    P_Controller                             0x080029cb   Thumb Code    76  control.o(.text)
    PD_Controller                            0x08002a17   Thumb Code   154  control.o(.text)
    PI_Controller                            0x08002ab1   Thumb Code   258  control.o(.text)
    PID_Controller                           0x08002bb3   Thumb Code   314  control.o(.text)
    FF_Controller                            0x08002ced   Thumb Code   178  control.o(.text)
    TIM1_CapInit                             0x08002da1   Thumb Code   288  tim1_cap.o(.text)
    TIM1_CC_IRQHandler                       0x08002ec1   Thumb Code   140  tim1_cap.o(.text)
    TIM1_UP_IRQHandler                       0x08002f4d   Thumb Code    22  tim1_cap.o(.text)
    EXTIX_Init                               0x08002f81   Thumb Code   104  zlg7290.o(.text)
    EXTI0_IRQHandler                         0x08002fe9   Thumb Code    70  zlg7290.o(.text)
    ZLG7290_WriteReg                         0x0800302f   Thumb Code    28  zlg7290.o(.text)
    ZLG7290_ReadReg                          0x0800304b   Thumb Code    28  zlg7290.o(.text)
    ZLG7290_cmd                              0x08003067   Thumb Code    36  zlg7290.o(.text)
    ZLG7290_SegOnOff                         0x0800308b   Thumb Code    26  zlg7290.o(.text)
    ZLG7290_Download                         0x080030a5   Thumb Code    48  zlg7290.o(.text)
    I2C_Init_me                              0x080030e9   Thumb Code    88  i2c.o(.text)
    I2C_Start                                0x08003141   Thumb Code    78  i2c.o(.text)
    I2C_Write                                0x0800318f   Thumb Code    78  i2c.o(.text)
    I2C_Read                                 0x080031dd   Thumb Code    84  i2c.o(.text)
    I2C_GetAck                               0x08003231   Thumb Code    70  i2c.o(.text)
    I2C_PutAck                               0x08003277   Thumb Code    66  i2c.o(.text)
    I2C_Stop                                 0x080032b9   Thumb Code    72  i2c.o(.text)
    I2C_Puts                                 0x08003301   Thumb Code   176  i2c.o(.text)
    I2C_Gets                                 0x080033b1   Thumb Code   190  i2c.o(.text)
    ClearAll                                 0x0800347d   Thumb Code    28  zlg_key.o(.text)
    SystemInit_key                           0x08003499   Thumb Code    24  zlg_key.o(.text)
    Disp_Led                                 0x080034b1   Thumb Code    42  zlg_key.o(.text)
    DispValue                                0x080034db   Thumb Code    52  zlg_key.o(.text)
    DispHexValue                             0x0800350f   Thumb Code    52  zlg_key.o(.text)
    Test_Key                                 0x08003543   Thumb Code    48  zlg_key.o(.text)
    ZLK_KeyRead                              0x08003573   Thumb Code    78  zlg_key.o(.text)
    ENC_Clear_Speed_Buffer                   0x080035d5   Thumb Code    30  encoder.o(.text)
    ENC_Init                                 0x080035f3   Thumb Code   264  encoder.o(.text)
    ENC_Get_Electrical_Angle                 0x080036fb   Thumb Code    48  encoder.o(.text)
    ENC_Calc_Rot_Speed                       0x0800372b   Thumb Code   362  encoder.o(.text)
    ENC_Calc_Average_Speed                   0x08003895   Thumb Code   130  encoder.o(.text)
    ENC_Calc_Position                        0x08003917   Thumb Code   118  encoder.o(.text)
    ENC_Get_AnglularPosition                 0x0800398d   Thumb Code   204  encoder.o(.text)
    ENC_Get_Speed                            0x08003a59   Thumb Code   100  encoder.o(.text)
    ENC_Get_TimerCounter                     0x08003abd   Thumb Code    12  encoder.o(.text)
    TIM3_IRQHandler                          0x08003ac9   Thumb Code   146  encoder.o(.text)
    LCD_GPIO_Config                          0x08003b91   Thumb Code   300  lcd.o(.text)
    Delay                                    0x08003cbd   Thumb Code    12  lcd.o(.text)
    HardSPI2_WriteCommendByte                0x08003cc9   Thumb Code    78  lcd.o(.text)
    HardSPI2_WriteDataByte                   0x08003d17   Thumb Code    78  lcd.o(.text)
    LCD_Init                                 0x08003d65   Thumb Code   162  lcd.o(.text)
    clear_screen                             0x08003e07   Thumb Code    86  lcd.o(.text)
    display_photo                            0x08003e5d   Thumb Code   112  lcd.o(.text)
    display_graphic_16x16                    0x08003ecd   Thumb Code   126  lcd.o(.text)
    display_graphic_8x16                     0x08003f4b   Thumb Code   122  lcd.o(.text)
    display_graphic_5x7                      0x08003fc5   Thumb Code    90  lcd.o(.text)
    send_command_to_ROM                      0x0800401f   Thumb Code    54  lcd.o(.text)
    get_n_bytes_data_from_ROM                0x080040b1   Thumb Code   102  lcd.o(.text)
    display_GB2312_string                    0x08004117   Thumb Code   266  lcd.o(.text)
    display_string_5x7                       0x08004221   Thumb Code   146  lcd.o(.text)
    DS18B20_Rst                              0x080042c9   Thumb Code    54  ds18b20.o(.text)
    DS18B20_Check                            0x080042ff   Thumb Code    96  ds18b20.o(.text)
    DS18B20_Read_Bit                         0x0800435f   Thumb Code    96  ds18b20.o(.text)
    DS18B20_Read_Byte                        0x080043bf   Thumb Code    34  ds18b20.o(.text)
    DS18B20_Write_Byte                       0x080043e1   Thumb Code   102  ds18b20.o(.text)
    DS18B20_Start                            0x08004447   Thumb Code    24  ds18b20.o(.text)
    DS18B20_Init                             0x0800445f   Thumb Code    54  ds18b20.o(.text)
    DS18B20_Get_Temp                         0x08004495   Thumb Code   136  ds18b20.o(.text)
    EXTI_KEY_Init                            0x0800452d   Thumb Code   106  extikey.o(.text)
    EXTI4_IRQHandler                         0x08004597   Thumb Code    16  extikey.o(.text)
    Remote_Init                              0x080045b1   Thumb Code   102  remote.o(.text)
    Pulse_Width_Check                        0x08004617   Thumb Code    36  remote.o(.text)
    EXTI2_IRQHandler                         0x0800463b   Thumb Code   138  remote.o(.text)
    Remote_Process                           0x080046c5   Thumb Code    58  remote.o(.text)
    delay_init                               0x08004719   Thumb Code    52  delay.o(.text)
    delay_ms                                 0x0800474d   Thumb Code    68  delay.o(.text)
    delay_us                                 0x08004791   Thumb Code    68  delay.o(.text)
    _sys_exit                                0x080047dd   Thumb Code     6  usart.o(.text)
    fputc                                    0x080047e3   Thumb Code    24  usart.o(.text)
    InitUSART                                0x080047fb   Thumb Code   152  usart.o(.text)
    USART1_IRQHandler                        0x08004893   Thumb Code   218  usart.o(.text)
    abs                                      0x0800498d   Thumb Code    30  app.o(.text)
    Reset_Handler                            0x080049ad   Thumb Code     8  startup_stm32f10x_md.o(.text)
    ADC1_2_IRQHandler                        0x080049c7   Thumb Code     0  startup_stm32f10x_md.o(.text)
    CAN1_RX1_IRQHandler                      0x080049c7   Thumb Code     0  startup_stm32f10x_md.o(.text)
    CAN1_SCE_IRQHandler                      0x080049c7   Thumb Code     0  startup_stm32f10x_md.o(.text)
    DMA1_Channel1_IRQHandler                 0x080049c7   Thumb Code     0  startup_stm32f10x_md.o(.text)
    DMA1_Channel2_IRQHandler                 0x080049c7   Thumb Code     0  startup_stm32f10x_md.o(.text)
    DMA1_Channel3_IRQHandler                 0x080049c7   Thumb Code     0  startup_stm32f10x_md.o(.text)
    DMA1_Channel4_IRQHandler                 0x080049c7   Thumb Code     0  startup_stm32f10x_md.o(.text)
    DMA1_Channel5_IRQHandler                 0x080049c7   Thumb Code     0  startup_stm32f10x_md.o(.text)
    DMA1_Channel6_IRQHandler                 0x080049c7   Thumb Code     0  startup_stm32f10x_md.o(.text)
    DMA1_Channel7_IRQHandler                 0x080049c7   Thumb Code     0  startup_stm32f10x_md.o(.text)
    EXTI15_10_IRQHandler                     0x080049c7   Thumb Code     0  startup_stm32f10x_md.o(.text)
    EXTI1_IRQHandler                         0x080049c7   Thumb Code     0  startup_stm32f10x_md.o(.text)
    EXTI3_IRQHandler                         0x080049c7   Thumb Code     0  startup_stm32f10x_md.o(.text)
    EXTI9_5_IRQHandler                       0x080049c7   Thumb Code     0  startup_stm32f10x_md.o(.text)
    FLASH_IRQHandler                         0x080049c7   Thumb Code     0  startup_stm32f10x_md.o(.text)
    I2C1_ER_IRQHandler                       0x080049c7   Thumb Code     0  startup_stm32f10x_md.o(.text)
    I2C1_EV_IRQHandler                       0x080049c7   Thumb Code     0  startup_stm32f10x_md.o(.text)
    I2C2_ER_IRQHandler                       0x080049c7   Thumb Code     0  startup_stm32f10x_md.o(.text)
    I2C2_EV_IRQHandler                       0x080049c7   Thumb Code     0  startup_stm32f10x_md.o(.text)
    PVD_IRQHandler                           0x080049c7   Thumb Code     0  startup_stm32f10x_md.o(.text)
    RCC_IRQHandler                           0x080049c7   Thumb Code     0  startup_stm32f10x_md.o(.text)
    RTCAlarm_IRQHandler                      0x080049c7   Thumb Code     0  startup_stm32f10x_md.o(.text)
    RTC_IRQHandler                           0x080049c7   Thumb Code     0  startup_stm32f10x_md.o(.text)
    SPI1_IRQHandler                          0x080049c7   Thumb Code     0  startup_stm32f10x_md.o(.text)
    SPI2_IRQHandler                          0x080049c7   Thumb Code     0  startup_stm32f10x_md.o(.text)
    TAMPER_IRQHandler                        0x080049c7   Thumb Code     0  startup_stm32f10x_md.o(.text)
    TIM1_BRK_IRQHandler                      0x080049c7   Thumb Code     0  startup_stm32f10x_md.o(.text)
    TIM1_TRG_COM_IRQHandler                  0x080049c7   Thumb Code     0  startup_stm32f10x_md.o(.text)
    TIM4_IRQHandler                          0x080049c7   Thumb Code     0  startup_stm32f10x_md.o(.text)
    USART2_IRQHandler                        0x080049c7   Thumb Code     0  startup_stm32f10x_md.o(.text)
    USART3_IRQHandler                        0x080049c7   Thumb Code     0  startup_stm32f10x_md.o(.text)
    USBWakeUp_IRQHandler                     0x080049c7   Thumb Code     0  startup_stm32f10x_md.o(.text)
    USB_HP_CAN1_TX_IRQHandler                0x080049c7   Thumb Code     0  startup_stm32f10x_md.o(.text)
    USB_LP_CAN1_RX0_IRQHandler               0x080049c7   Thumb Code     0  startup_stm32f10x_md.o(.text)
    WWDG_IRQHandler                          0x080049c7   Thumb Code     0  startup_stm32f10x_md.o(.text)
    __user_initial_stackheap                 0x080049c9   Thumb Code     0  startup_stm32f10x_md.o(.text)
    NVIC_PriorityGroupConfig                 0x080049ed   Thumb Code    10  misc.o(.text)
    NVIC_Init                                0x080049f7   Thumb Code   100  misc.o(.text)
    NVIC_SetVectorTable                      0x08004a5b   Thumb Code    14  misc.o(.text)
    NVIC_SystemLPConfig                      0x08004a69   Thumb Code    34  misc.o(.text)
    SysTick_CLKSourceConfig                  0x08004a8b   Thumb Code    40  misc.o(.text)
    EXTI_DeInit                              0x08004ac9   Thumb Code    28  stm32f10x_exti.o(.text)
    EXTI_Init                                0x08004ae5   Thumb Code   142  stm32f10x_exti.o(.text)
    EXTI_StructInit                          0x08004b73   Thumb Code    16  stm32f10x_exti.o(.text)
    EXTI_GenerateSWInterrupt                 0x08004b83   Thumb Code    16  stm32f10x_exti.o(.text)
    EXTI_GetFlagStatus                       0x08004b93   Thumb Code    22  stm32f10x_exti.o(.text)
    EXTI_ClearFlag                           0x08004ba9   Thumb Code     8  stm32f10x_exti.o(.text)
    EXTI_GetITStatus                         0x08004bb1   Thumb Code    34  stm32f10x_exti.o(.text)
    EXTI_ClearITPendingBit                   0x08004bd3   Thumb Code     8  stm32f10x_exti.o(.text)
    GPIO_DeInit                              0x08004be5   Thumb Code   172  stm32f10x_gpio.o(.text)
    GPIO_AFIODeInit                          0x08004c91   Thumb Code    20  stm32f10x_gpio.o(.text)
    GPIO_Init                                0x08004ca5   Thumb Code   278  stm32f10x_gpio.o(.text)
    GPIO_StructInit                          0x08004dbb   Thumb Code    16  stm32f10x_gpio.o(.text)
    GPIO_ReadInputDataBit                    0x08004dcb   Thumb Code    18  stm32f10x_gpio.o(.text)
    GPIO_ReadInputData                       0x08004ddd   Thumb Code     8  stm32f10x_gpio.o(.text)
    GPIO_ReadOutputDataBit                   0x08004de5   Thumb Code    18  stm32f10x_gpio.o(.text)
    GPIO_ReadOutputData                      0x08004df7   Thumb Code     8  stm32f10x_gpio.o(.text)
    GPIO_SetBits                             0x08004dff   Thumb Code     4  stm32f10x_gpio.o(.text)
    GPIO_ResetBits                           0x08004e03   Thumb Code     4  stm32f10x_gpio.o(.text)
    GPIO_WriteBit                            0x08004e07   Thumb Code    10  stm32f10x_gpio.o(.text)
    GPIO_Write                               0x08004e11   Thumb Code     4  stm32f10x_gpio.o(.text)
    GPIO_PinLockConfig                       0x08004e15   Thumb Code    18  stm32f10x_gpio.o(.text)
    GPIO_EventOutputConfig                   0x08004e27   Thumb Code    26  stm32f10x_gpio.o(.text)
    GPIO_EventOutputCmd                      0x08004e41   Thumb Code     6  stm32f10x_gpio.o(.text)
    GPIO_PinRemapConfig                      0x08004e47   Thumb Code   138  stm32f10x_gpio.o(.text)
    GPIO_EXTILineConfig                      0x08004ed1   Thumb Code    66  stm32f10x_gpio.o(.text)
    GPIO_ETH_MediaInterfaceConfig            0x08004f13   Thumb Code     8  stm32f10x_gpio.o(.text)
    RCC_DeInit                               0x08004f41   Thumb Code    64  stm32f10x_rcc.o(.text)
    RCC_HSEConfig                            0x08004f81   Thumb Code    70  stm32f10x_rcc.o(.text)
    RCC_GetFlagStatus                        0x08004fc7   Thumb Code    56  stm32f10x_rcc.o(.text)
    RCC_WaitForHSEStartUp                    0x08004fff   Thumb Code    56  stm32f10x_rcc.o(.text)
    RCC_AdjustHSICalibrationValue            0x08005037   Thumb Code    20  stm32f10x_rcc.o(.text)
    RCC_HSICmd                               0x0800504b   Thumb Code     6  stm32f10x_rcc.o(.text)
    RCC_PLLConfig                            0x08005051   Thumb Code    24  stm32f10x_rcc.o(.text)
    RCC_PLLCmd                               0x08005069   Thumb Code     6  stm32f10x_rcc.o(.text)
    RCC_SYSCLKConfig                         0x0800506f   Thumb Code    18  stm32f10x_rcc.o(.text)
    RCC_GetSYSCLKSource                      0x08005081   Thumb Code    10  stm32f10x_rcc.o(.text)
    RCC_HCLKConfig                           0x0800508b   Thumb Code    18  stm32f10x_rcc.o(.text)
    RCC_PCLK1Config                          0x0800509d   Thumb Code    18  stm32f10x_rcc.o(.text)
    RCC_PCLK2Config                          0x080050af   Thumb Code    20  stm32f10x_rcc.o(.text)
    RCC_ITConfig                             0x080050c3   Thumb Code    26  stm32f10x_rcc.o(.text)
    RCC_USBCLKConfig                         0x080050dd   Thumb Code     8  stm32f10x_rcc.o(.text)
    RCC_ADCCLKConfig                         0x080050e5   Thumb Code    18  stm32f10x_rcc.o(.text)
    RCC_LSEConfig                            0x080050f7   Thumb Code    50  stm32f10x_rcc.o(.text)
    RCC_LSICmd                               0x08005129   Thumb Code     6  stm32f10x_rcc.o(.text)
    RCC_RTCCLKConfig                         0x0800512f   Thumb Code    12  stm32f10x_rcc.o(.text)
    RCC_RTCCLKCmd                            0x0800513b   Thumb Code     8  stm32f10x_rcc.o(.text)
    RCC_GetClocksFreq                        0x08005143   Thumb Code   192  stm32f10x_rcc.o(.text)
    RCC_AHBPeriphClockCmd                    0x08005203   Thumb Code    26  stm32f10x_rcc.o(.text)
    RCC_APB2PeriphClockCmd                   0x0800521d   Thumb Code    26  stm32f10x_rcc.o(.text)
    RCC_APB1PeriphClockCmd                   0x08005237   Thumb Code    26  stm32f10x_rcc.o(.text)
    RCC_APB2PeriphResetCmd                   0x08005251   Thumb Code    26  stm32f10x_rcc.o(.text)
    RCC_APB1PeriphResetCmd                   0x0800526b   Thumb Code    26  stm32f10x_rcc.o(.text)
    RCC_BackupResetCmd                       0x08005285   Thumb Code     8  stm32f10x_rcc.o(.text)
    RCC_ClockSecuritySystemCmd               0x0800528d   Thumb Code     6  stm32f10x_rcc.o(.text)
    RCC_MCOConfig                            0x08005293   Thumb Code     6  stm32f10x_rcc.o(.text)
    RCC_ClearFlag                            0x08005299   Thumb Code    14  stm32f10x_rcc.o(.text)
    RCC_GetITStatus                          0x080052a7   Thumb Code    20  stm32f10x_rcc.o(.text)
    RCC_ClearITPendingBit                    0x080052bb   Thumb Code     6  stm32f10x_rcc.o(.text)
    SPI_I2S_DeInit                           0x080052e5   Thumb Code    76  stm32f10x_spi.o(.text)
    SPI_Init                                 0x08005331   Thumb Code    60  stm32f10x_spi.o(.text)
    I2S_Init                                 0x0800536d   Thumb Code   226  stm32f10x_spi.o(.text)
    SPI_StructInit                           0x0800544f   Thumb Code    24  stm32f10x_spi.o(.text)
    I2S_StructInit                           0x08005467   Thumb Code    20  stm32f10x_spi.o(.text)
    SPI_Cmd                                  0x0800547b   Thumb Code    24  stm32f10x_spi.o(.text)
    I2S_Cmd                                  0x08005493   Thumb Code    24  stm32f10x_spi.o(.text)
    SPI_I2S_ITConfig                         0x080054ab   Thumb Code    32  stm32f10x_spi.o(.text)
    SPI_I2S_DMACmd                           0x080054cb   Thumb Code    18  stm32f10x_spi.o(.text)
    SPI_I2S_SendData                         0x080054dd   Thumb Code     4  stm32f10x_spi.o(.text)
    SPI_I2S_ReceiveData                      0x080054e1   Thumb Code     6  stm32f10x_spi.o(.text)
    SPI_NSSInternalSoftwareConfig            0x080054e7   Thumb Code    30  stm32f10x_spi.o(.text)
    SPI_SSOutputCmd                          0x08005505   Thumb Code    24  stm32f10x_spi.o(.text)
    SPI_DataSizeConfig                       0x0800551d   Thumb Code    18  stm32f10x_spi.o(.text)
    SPI_TransmitCRC                          0x0800552f   Thumb Code    10  stm32f10x_spi.o(.text)
    SPI_CalculateCRC                         0x08005539   Thumb Code    24  stm32f10x_spi.o(.text)
    SPI_GetCRC                               0x08005551   Thumb Code    16  stm32f10x_spi.o(.text)
    SPI_GetCRCPolynomial                     0x08005561   Thumb Code     6  stm32f10x_spi.o(.text)
    SPI_BiDirectionalLineConfig              0x08005567   Thumb Code    28  stm32f10x_spi.o(.text)
    SPI_I2S_GetFlagStatus                    0x08005583   Thumb Code    18  stm32f10x_spi.o(.text)
    SPI_I2S_ClearFlag                        0x08005595   Thumb Code     6  stm32f10x_spi.o(.text)
    SPI_I2S_GetITStatus                      0x0800559b   Thumb Code    52  stm32f10x_spi.o(.text)
    SPI_I2S_ClearITPendingBit                0x080055cf   Thumb Code    20  stm32f10x_spi.o(.text)
    TIM_DeInit                               0x080055f1   Thumb Code   424  stm32f10x_tim.o(.text)
    TIM_TimeBaseInit                         0x08005799   Thumb Code   122  stm32f10x_tim.o(.text)
    TIM_OC1Init                              0x08005813   Thumb Code   132  stm32f10x_tim.o(.text)
    TIM_OC2Init                              0x08005897   Thumb Code   154  stm32f10x_tim.o(.text)
    TIM_OC3Init                              0x08005931   Thumb Code   150  stm32f10x_tim.o(.text)
    TIM_OC4Init                              0x080059c7   Thumb Code   182  stm32f10x_tim.o(.text)
    TIM_SetIC4Prescaler                      0x08005a7d   Thumb Code    26  stm32f10x_tim.o(.text)
    TIM_SetIC3Prescaler                      0x08005b19   Thumb Code    18  stm32f10x_tim.o(.text)
    TIM_SetIC2Prescaler                      0x08005ba5   Thumb Code    26  stm32f10x_tim.o(.text)
    TIM_SetIC1Prescaler                      0x08005c41   Thumb Code    18  stm32f10x_tim.o(.text)
    TIM_ICInit                               0x08005cbf   Thumb Code   150  stm32f10x_tim.o(.text)
    TIM_PWMIConfig                           0x08005d55   Thumb Code   124  stm32f10x_tim.o(.text)
    TIM_BDTRConfig                           0x08005dd1   Thumb Code    32  stm32f10x_tim.o(.text)
    TIM_TimeBaseStructInit                   0x08005df1   Thumb Code    18  stm32f10x_tim.o(.text)
    TIM_OCStructInit                         0x08005e03   Thumb Code    20  stm32f10x_tim.o(.text)
    TIM_ICStructInit                         0x08005e17   Thumb Code    18  stm32f10x_tim.o(.text)
    TIM_BDTRStructInit                       0x08005e29   Thumb Code    40  stm32f10x_tim.o(.text)
    TIM_Cmd                                  0x08005e51   Thumb Code    24  stm32f10x_tim.o(.text)
    TIM_CtrlPWMOutputs                       0x08005e69   Thumb Code    30  stm32f10x_tim.o(.text)
    TIM_ITConfig                             0x08005e87   Thumb Code    18  stm32f10x_tim.o(.text)
    TIM_GenerateEvent                        0x08005e99   Thumb Code     4  stm32f10x_tim.o(.text)
    TIM_DMAConfig                            0x08005e9d   Thumb Code    10  stm32f10x_tim.o(.text)
    TIM_DMACmd                               0x08005ea7   Thumb Code    18  stm32f10x_tim.o(.text)
    TIM_InternalClockConfig                  0x08005eb9   Thumb Code    12  stm32f10x_tim.o(.text)
    TIM_SelectInputTrigger                   0x08005ec5   Thumb Code    18  stm32f10x_tim.o(.text)
    TIM_ITRxExternalClockConfig              0x08005ed7   Thumb Code    24  stm32f10x_tim.o(.text)
    TIM_TIxExternalClockConfig               0x08005eef   Thumb Code    62  stm32f10x_tim.o(.text)
    TIM_ETRConfig                            0x08005f2d   Thumb Code    28  stm32f10x_tim.o(.text)
    TIM_ETRClockMode1Config                  0x08005f49   Thumb Code    54  stm32f10x_tim.o(.text)
    TIM_ETRClockMode2Config                  0x08005f7f   Thumb Code    32  stm32f10x_tim.o(.text)
    TIM_PrescalerConfig                      0x08005f9f   Thumb Code     6  stm32f10x_tim.o(.text)
    TIM_CounterModeConfig                    0x08005fa5   Thumb Code    18  stm32f10x_tim.o(.text)
    TIM_EncoderInterfaceConfig               0x08005fb7   Thumb Code    66  stm32f10x_tim.o(.text)
    TIM_ForcedOC1Config                      0x08005ff9   Thumb Code    18  stm32f10x_tim.o(.text)
    TIM_ForcedOC2Config                      0x0800600b   Thumb Code    26  stm32f10x_tim.o(.text)
    TIM_ForcedOC3Config                      0x08006025   Thumb Code    18  stm32f10x_tim.o(.text)
    TIM_ForcedOC4Config                      0x08006037   Thumb Code    26  stm32f10x_tim.o(.text)
    TIM_ARRPreloadConfig                     0x08006051   Thumb Code    24  stm32f10x_tim.o(.text)
    TIM_SelectCOM                            0x08006069   Thumb Code    24  stm32f10x_tim.o(.text)
    TIM_SelectCCDMA                          0x08006081   Thumb Code    24  stm32f10x_tim.o(.text)
    TIM_CCPreloadControl                     0x08006099   Thumb Code    24  stm32f10x_tim.o(.text)
    TIM_OC1PreloadConfig                     0x080060b1   Thumb Code    18  stm32f10x_tim.o(.text)
    TIM_OC2PreloadConfig                     0x080060c3   Thumb Code    26  stm32f10x_tim.o(.text)
    TIM_OC3PreloadConfig                     0x080060dd   Thumb Code    18  stm32f10x_tim.o(.text)
    TIM_OC4PreloadConfig                     0x080060ef   Thumb Code    26  stm32f10x_tim.o(.text)
    TIM_OC1FastConfig                        0x08006109   Thumb Code    18  stm32f10x_tim.o(.text)
    TIM_OC2FastConfig                        0x0800611b   Thumb Code    26  stm32f10x_tim.o(.text)
    TIM_OC3FastConfig                        0x08006135   Thumb Code    18  stm32f10x_tim.o(.text)
    TIM_OC4FastConfig                        0x08006147   Thumb Code    26  stm32f10x_tim.o(.text)
    TIM_ClearOC1Ref                          0x08006161   Thumb Code    18  stm32f10x_tim.o(.text)
    TIM_ClearOC2Ref                          0x08006173   Thumb Code    24  stm32f10x_tim.o(.text)
    TIM_ClearOC3Ref                          0x0800618b   Thumb Code    18  stm32f10x_tim.o(.text)
    TIM_ClearOC4Ref                          0x0800619d   Thumb Code    24  stm32f10x_tim.o(.text)
    TIM_OC1PolarityConfig                    0x080061b5   Thumb Code    18  stm32f10x_tim.o(.text)
    TIM_OC1NPolarityConfig                   0x080061c7   Thumb Code    18  stm32f10x_tim.o(.text)
    TIM_OC2PolarityConfig                    0x080061d9   Thumb Code    26  stm32f10x_tim.o(.text)
    TIM_OC2NPolarityConfig                   0x080061f3   Thumb Code    26  stm32f10x_tim.o(.text)
    TIM_OC3PolarityConfig                    0x0800620d   Thumb Code    26  stm32f10x_tim.o(.text)
    TIM_OC3NPolarityConfig                   0x08006227   Thumb Code    26  stm32f10x_tim.o(.text)
    TIM_OC4PolarityConfig                    0x08006241   Thumb Code    26  stm32f10x_tim.o(.text)
    TIM_CCxCmd                               0x0800625b   Thumb Code    30  stm32f10x_tim.o(.text)
    TIM_CCxNCmd                              0x08006279   Thumb Code    30  stm32f10x_tim.o(.text)
    TIM_SelectOCxM                           0x08006297   Thumb Code    82  stm32f10x_tim.o(.text)
    TIM_UpdateDisableConfig                  0x080062e9   Thumb Code    24  stm32f10x_tim.o(.text)
    TIM_UpdateRequestConfig                  0x08006301   Thumb Code    24  stm32f10x_tim.o(.text)
    TIM_SelectHallSensor                     0x08006319   Thumb Code    24  stm32f10x_tim.o(.text)
    TIM_SelectOnePulseMode                   0x08006331   Thumb Code    18  stm32f10x_tim.o(.text)
    TIM_SelectOutputTrigger                  0x08006343   Thumb Code    18  stm32f10x_tim.o(.text)
    TIM_SelectSlaveMode                      0x08006355   Thumb Code    18  stm32f10x_tim.o(.text)
    TIM_SelectMasterSlaveMode                0x08006367   Thumb Code    18  stm32f10x_tim.o(.text)
    TIM_SetCounter                           0x08006379   Thumb Code     4  stm32f10x_tim.o(.text)
    TIM_SetAutoreload                        0x0800637d   Thumb Code     4  stm32f10x_tim.o(.text)
    TIM_SetCompare1                          0x08006381   Thumb Code     4  stm32f10x_tim.o(.text)
    TIM_SetCompare2                          0x08006385   Thumb Code     4  stm32f10x_tim.o(.text)
    TIM_SetCompare3                          0x08006389   Thumb Code     4  stm32f10x_tim.o(.text)
    TIM_SetCompare4                          0x0800638d   Thumb Code     6  stm32f10x_tim.o(.text)
    TIM_SetClockDivision                     0x08006393   Thumb Code    18  stm32f10x_tim.o(.text)
    TIM_GetCapture1                          0x080063a5   Thumb Code     6  stm32f10x_tim.o(.text)
    TIM_GetCapture2                          0x080063ab   Thumb Code     6  stm32f10x_tim.o(.text)
    TIM_GetCapture3                          0x080063b1   Thumb Code     6  stm32f10x_tim.o(.text)
    TIM_GetCapture4                          0x080063b7   Thumb Code     8  stm32f10x_tim.o(.text)
    TIM_GetCounter                           0x080063bf   Thumb Code     6  stm32f10x_tim.o(.text)
    TIM_GetPrescaler                         0x080063c5   Thumb Code     6  stm32f10x_tim.o(.text)
    TIM_GetFlagStatus                        0x080063cb   Thumb Code    18  stm32f10x_tim.o(.text)
    TIM_ClearFlag                            0x080063dd   Thumb Code     6  stm32f10x_tim.o(.text)
    TIM_GetITStatus                          0x080063e3   Thumb Code    34  stm32f10x_tim.o(.text)
    TIM_ClearITPendingBit                    0x08006405   Thumb Code     6  stm32f10x_tim.o(.text)
    USART_DeInit                             0x0800640d   Thumb Code   134  stm32f10x_usart.o(.text)
    USART_Init                               0x08006493   Thumb Code   210  stm32f10x_usart.o(.text)
    USART_StructInit                         0x08006565   Thumb Code    24  stm32f10x_usart.o(.text)
    USART_ClockInit                          0x0800657d   Thumb Code    34  stm32f10x_usart.o(.text)
    USART_ClockStructInit                    0x0800659f   Thumb Code    12  stm32f10x_usart.o(.text)
    USART_Cmd                                0x080065ab   Thumb Code    24  stm32f10x_usart.o(.text)
    USART_ITConfig                           0x080065c3   Thumb Code    74  stm32f10x_usart.o(.text)
    USART_DMACmd                             0x0800660d   Thumb Code    18  stm32f10x_usart.o(.text)
    USART_SetAddress                         0x0800661f   Thumb Code    18  stm32f10x_usart.o(.text)
    USART_WakeUpConfig                       0x08006631   Thumb Code    18  stm32f10x_usart.o(.text)
    USART_ReceiverWakeUpCmd                  0x08006643   Thumb Code    24  stm32f10x_usart.o(.text)
    USART_LINBreakDetectLengthConfig         0x0800665b   Thumb Code    18  stm32f10x_usart.o(.text)
    USART_LINCmd                             0x0800666d   Thumb Code    24  stm32f10x_usart.o(.text)
    USART_SendData                           0x08006685   Thumb Code     8  stm32f10x_usart.o(.text)
    USART_ReceiveData                        0x0800668d   Thumb Code    10  stm32f10x_usart.o(.text)
    USART_SendBreak                          0x08006697   Thumb Code    10  stm32f10x_usart.o(.text)
    USART_SetGuardTime                       0x080066a1   Thumb Code    16  stm32f10x_usart.o(.text)
    USART_SetPrescaler                       0x080066b1   Thumb Code    16  stm32f10x_usart.o(.text)
    USART_SmartCardCmd                       0x080066c1   Thumb Code    24  stm32f10x_usart.o(.text)
    USART_SmartCardNACKCmd                   0x080066d9   Thumb Code    24  stm32f10x_usart.o(.text)
    USART_HalfDuplexCmd                      0x080066f1   Thumb Code    24  stm32f10x_usart.o(.text)
    USART_OverSampling8Cmd                   0x08006709   Thumb Code    22  stm32f10x_usart.o(.text)
    USART_OneBitMethodCmd                    0x0800671f   Thumb Code    24  stm32f10x_usart.o(.text)
    USART_IrDAConfig                         0x08006737   Thumb Code    18  stm32f10x_usart.o(.text)
    USART_IrDACmd                            0x08006749   Thumb Code    24  stm32f10x_usart.o(.text)
    USART_GetFlagStatus                      0x08006761   Thumb Code    26  stm32f10x_usart.o(.text)
    USART_ClearFlag                          0x0800677b   Thumb Code    18  stm32f10x_usart.o(.text)
    USART_GetITStatus                        0x0800678d   Thumb Code    84  stm32f10x_usart.o(.text)
    USART_ClearITPendingBit                  0x080067e1   Thumb Code    52  stm32f10x_usart.o(.text)
    __use_no_semihosting                     0x08006815   Thumb Code     2  use_no_semi_2.o(.text)
    __aeabi_ldivmod                          0x08006817   Thumb Code     0  llsdiv.o(.text)
    _ll_sdiv                                 0x08006817   Thumb Code    72  llsdiv.o(.text)
    __c89printf                              0x08006861   Thumb Code    20  c89printf.o(.text)
    __2sprintf                               0x08006879   Thumb Code    38  __2sprintf.o(.text)
    _printf_pre_padding                      0x080068a5   Thumb Code    44  _printf_pad.o(.text)
    _printf_post_padding                     0x080068d1   Thumb Code    34  _printf_pad.o(.text)
    _printf_int_dec                          0x080068f5   Thumb Code   100  _printf_dec.o(.text)
    __printf                                 0x08006969   Thumb Code   388  __printf_flags_ss_wp.o(.text)
    __use_two_region_memory                  0x08006af1   Thumb Code     2  heapauxi.o(.text)
    __rt_heap_escrow$2region                 0x08006af3   Thumb Code     2  heapauxi.o(.text)
    __rt_heap_expand$2region                 0x08006af5   Thumb Code     2  heapauxi.o(.text)
    __I$use$semihosting                      0x08006af7   Thumb Code     0  use_no_semi.o(.text)
    __use_no_semihosting_swi                 0x08006af7   Thumb Code     2  use_no_semi.o(.text)
    __aeabi_uldivmod                         0x08006af9   Thumb Code     0  lludivv7m.o(.text)
    _ll_udiv                                 0x08006af9   Thumb Code   238  lludivv7m.o(.text)
    __read_errno                             0x08006be7   Thumb Code    10  _rserrno.o(.text)
    __set_errno                              0x08006bf1   Thumb Code    12  _rserrno.o(.text)
    _printf_truncate_signed                  0x08006bfd   Thumb Code    18  _printf_truncate.o(.text)
    _printf_truncate_unsigned                0x08006c0f   Thumb Code    18  _printf_truncate.o(.text)
    _printf_str                              0x08006c21   Thumb Code    82  _printf_str.o(.text)
    _printf_int_common                       0x08006c73   Thumb Code   178  _printf_intcommon.o(.text)
    _printf_charcount                        0x08006d25   Thumb Code    40  _printf_charcount.o(.text)
    __lib_sel_fp_printf                      0x08006d4d   Thumb Code     2  _printf_fp_dec.o(.text)
    _printf_fp_dec_real                      0x08006efb   Thumb Code   616  _printf_fp_dec.o(.text)
    _printf_char_common                      0x0800716f   Thumb Code    32  _printf_char_common.o(.text)
    _sputc                                   0x08007195   Thumb Code    10  _sputc.o(.text)
    _printf_char_file                        0x080071a1   Thumb Code    32  _printf_char_file.o(.text)
    _printf_wctomb                           0x080071c5   Thumb Code   182  _printf_wctomb.o(.text)
    _printf_longlong_dec                     0x08007281   Thumb Code   104  _printf_longlong_dec.o(.text)
    _printf_longlong_oct                     0x080072f9   Thumb Code    68  _printf_oct_int_ll.o(.text)
    _printf_int_oct                          0x0800733d   Thumb Code    24  _printf_oct_int_ll.o(.text)
    _printf_ll_oct                           0x08007355   Thumb Code    12  _printf_oct_int_ll.o(.text)
    _printf_longlong_hex                     0x08007369   Thumb Code    86  _printf_hex_int_ll_ptr.o(.text)
    _printf_int_hex                          0x080073bf   Thumb Code    28  _printf_hex_int_ll_ptr.o(.text)
    _printf_ll_hex                           0x080073db   Thumb Code    12  _printf_hex_int_ll_ptr.o(.text)
    _printf_hex_ptr                          0x080073e7   Thumb Code    18  _printf_hex_int_ll_ptr.o(.text)
    __rt_locale                              0x080073fd   Thumb Code     8  rt_locale_intlibspace.o(.text)
    __aeabi_errno_addr                       0x08007405   Thumb Code     8  rt_errno_addr_intlibspace.o(.text)
    __errno$intlibspace                      0x08007405   Thumb Code     0  rt_errno_addr_intlibspace.o(.text)
    __rt_errno_addr$intlibspace              0x08007405   Thumb Code     0  rt_errno_addr_intlibspace.o(.text)
    _ll_udiv10                               0x0800740d   Thumb Code   138  lludiv10.o(.text)
    _printf_fp_infnan                        0x08007499   Thumb Code   112  _printf_fp_infnan.o(.text)
    _printf_cs_common                        0x08007519   Thumb Code    20  _printf_char.o(.text)
    _printf_char                             0x0800752d   Thumb Code    16  _printf_char.o(.text)
    _printf_string                           0x0800753d   Thumb Code     8  _printf_char.o(.text)
    _printf_lcs_common                       0x08007545   Thumb Code    20  _printf_wchar.o(.text)
    _printf_wchar                            0x08007559   Thumb Code    16  _printf_wchar.o(.text)
    _printf_wstring                          0x08007569   Thumb Code     8  _printf_wchar.o(.text)
    _btod_etento                             0x08007571   Thumb Code   212  bigflt0.o(.text)
    ferror                                   0x08007649   Thumb Code     8  ferror.o(.text)
    _wcrtomb                                 0x08007651   Thumb Code    64  _wcrtomb.o(.text)
    __user_libspace                          0x08007691   Thumb Code     8  libspace.o(.text)
    __user_perproc_libspace                  0x08007691   Thumb Code     0  libspace.o(.text)
    __user_perthread_libspace                0x08007691   Thumb Code     0  libspace.o(.text)
    __user_setup_stackheap                   0x08007699   Thumb Code    74  sys_stackheap_outer.o(.text)
    __rt_ctype_table                         0x080076e5   Thumb Code    16  rt_ctype_table.o(.text)
    exit                                     0x080076f5   Thumb Code    12  exit.o(.text)
    strcmp                                   0x08007701   Thumb Code   128  strcmpv7m.o(.text)
    _btod_d2e                                0x08007781   Thumb Code    62  btod.o(CL$$btod_d2e)
    _d2e_denorm_low                          0x080077bf   Thumb Code    70  btod.o(CL$$btod_d2e_denorm_low)
    _d2e_norm_op1                            0x08007805   Thumb Code    96  btod.o(CL$$btod_d2e_norm_op1)
    __btod_div_common                        0x08007865   Thumb Code   696  btod.o(CL$$btod_div_common)
    _e2e                                     0x08007b9d   Thumb Code   198  btod.o(CL$$btod_e2e)
    _btod_ediv                               0x08007c63   Thumb Code    40  btod.o(CL$$btod_ediv)
    _btod_emul                               0x08007c8b   Thumb Code    40  btod.o(CL$$btod_emul)
    __btod_mult_common                       0x08007cb3   Thumb Code   580  btod.o(CL$$btod_mult_common)
    __ARM_fpclassify                         0x08007ef7   Thumb Code    40  fpclassify.o(i.__ARM_fpclassify)
    __ieee754_rem_pio2                       0x08007f21   Thumb Code   830  rred.o(i.__ieee754_rem_pio2)
    __kernel_cos                             0x080082a9   Thumb Code   230  cos_i.o(i.__kernel_cos)
    __kernel_poly                            0x080083a5   Thumb Code   170  poly.o(i.__kernel_poly)
    __kernel_sin                             0x08008451   Thumb Code   224  sin_i.o(i.__kernel_sin)
    __mathlib_dbl_underflow                  0x0800853d   Thumb Code    10  dunder.o(i.__mathlib_dbl_underflow)
    _is_digit                                0x0800854d   Thumb Code    14  __printf_wp.o(i._is_digit)
    cos                                      0x0800855d   Thumb Code   164  cos.o(i.cos)
    sin                                      0x08008609   Thumb Code   166  sin.o(i.sin)
    _get_lc_numeric                          0x080086b9   Thumb Code    44  lc_numeric_c.o(locale$$code)
    _get_lc_ctype                            0x080086e5   Thumb Code    44  lc_ctype_c.o(locale$$code)
    __aeabi_d2f                              0x08008711   Thumb Code     0  d2f.o(x$fpl$d2f)
    _d2f                                     0x08008711   Thumb Code    98  d2f.o(x$fpl$d2f)
    __aeabi_dadd                             0x08008775   Thumb Code     0  daddsub_clz.o(x$fpl$dadd)
    _dadd                                    0x08008775   Thumb Code   332  daddsub_clz.o(x$fpl$dadd)
    __fpl_dcheck_NaN1                        0x080088c5   Thumb Code    10  dcheck1.o(x$fpl$dcheck1)
    __fpl_dcmp_Inf                           0x080088d5   Thumb Code    24  dcmpi.o(x$fpl$dcmpinf)
    __aeabi_ddiv                             0x080088ed   Thumb Code     0  ddiv.o(x$fpl$ddiv)
    _ddiv                                    0x080088ed   Thumb Code   552  ddiv.o(x$fpl$ddiv)
    __aeabi_cdcmpeq                          0x08008b9d   Thumb Code     0  deqf.o(x$fpl$deqf)
    _dcmpeq                                  0x08008b9d   Thumb Code   120  deqf.o(x$fpl$deqf)
    __aeabi_d2iz                             0x08008c15   Thumb Code     0  dfix.o(x$fpl$dfix)
    _dfix                                    0x08008c15   Thumb Code    94  dfix.o(x$fpl$dfix)
    __aeabi_i2d                              0x08008c73   Thumb Code     0  dflt_clz.o(x$fpl$dflt)
    _dflt                                    0x08008c73   Thumb Code    46  dflt_clz.o(x$fpl$dflt)
    __aeabi_l2d                              0x08008ca1   Thumb Code     0  dfltll_clz.o(x$fpl$dfltll)
    _ll_sto_d                                0x08008ca1   Thumb Code   162  dfltll_clz.o(x$fpl$dfltll)
    __aeabi_ui2d                             0x08008d43   Thumb Code     0  dflt_clz.o(x$fpl$dfltu)
    _dfltu                                   0x08008d43   Thumb Code    38  dflt_clz.o(x$fpl$dfltu)
    __aeabi_cdcmple                          0x08008d69   Thumb Code     0  dleqf.o(x$fpl$dleqf)
    _dcmple                                  0x08008d69   Thumb Code   120  dleqf.o(x$fpl$dleqf)
    __fpl_dcmple_InfNaN                      0x08008dcb   Thumb Code     0  dleqf.o(x$fpl$dleqf)
    __aeabi_dmul                             0x08008de1   Thumb Code     0  dmul.o(x$fpl$dmul)
    _dmul                                    0x08008de1   Thumb Code   332  dmul.o(x$fpl$dmul)
    __fpl_dnaninf                            0x08008f35   Thumb Code   156  dnaninf.o(x$fpl$dnaninf)
    __fpl_dretinf                            0x08008fd1   Thumb Code    12  dretinf.o(x$fpl$dretinf)
    __aeabi_cdrcmple                         0x08008fdd   Thumb Code     0  drleqf.o(x$fpl$drleqf)
    _drcmple                                 0x08008fdd   Thumb Code   108  drleqf.o(x$fpl$drleqf)
    __aeabi_drsub                            0x08009049   Thumb Code     0  daddsub_clz.o(x$fpl$drsb)
    _drsb                                    0x08009049   Thumb Code    22  daddsub_clz.o(x$fpl$drsb)
    __aeabi_dsub                             0x08009061   Thumb Code     0  daddsub_clz.o(x$fpl$dsub)
    _dsub                                    0x08009061   Thumb Code   464  daddsub_clz.o(x$fpl$dsub)
    __aeabi_f2d                              0x08009235   Thumb Code     0  f2d.o(x$fpl$f2d)
    _f2d                                     0x08009235   Thumb Code    86  f2d.o(x$fpl$f2d)
    __aeabi_fadd                             0x0800928d   Thumb Code     0  faddsub_clz.o(x$fpl$fadd)
    _fadd                                    0x0800928d   Thumb Code   196  faddsub_clz.o(x$fpl$fadd)
    __aeabi_fdiv                             0x08009351   Thumb Code     0  fdiv.o(x$fpl$fdiv)
    _fdiv                                    0x08009351   Thumb Code   384  fdiv.o(x$fpl$fdiv)
    __aeabi_f2iz                             0x080094d5   Thumb Code     0  ffix.o(x$fpl$ffix)
    _ffix                                    0x080094d5   Thumb Code    54  ffix.o(x$fpl$ffix)
    __aeabi_i2f                              0x0800950d   Thumb Code     0  fflt_clz.o(x$fpl$fflt)
    _fflt                                    0x0800950d   Thumb Code    48  fflt_clz.o(x$fpl$fflt)
    __aeabi_ui2f                             0x0800953d   Thumb Code     0  fflt_clz.o(x$fpl$ffltu)
    _ffltu                                   0x0800953d   Thumb Code    38  fflt_clz.o(x$fpl$ffltu)
    __aeabi_fmul                             0x08009565   Thumb Code     0  fmul.o(x$fpl$fmul)
    _fmul                                    0x08009565   Thumb Code   258  fmul.o(x$fpl$fmul)
    __fpl_fnaninf                            0x08009667   Thumb Code   140  fnaninf.o(x$fpl$fnaninf)
    __fpl_fretinf                            0x080096f3   Thumb Code    10  fretinf.o(x$fpl$fretinf)
    __aeabi_fsub                             0x080096fd   Thumb Code     0  faddsub_clz.o(x$fpl$fsub)
    _fsub                                    0x080096fd   Thumb Code   234  faddsub_clz.o(x$fpl$fsub)
    __aeabi_d2lz                             0x080097e9   Thumb Code     0  dfixll.o(x$fpl$llsfromd)
    _ll_sfrom_d                              0x080097e9   Thumb Code   194  dfixll.o(x$fpl$llsfromd)
    _printf_fp_dec                           0x080098ab   Thumb Code     4  printf1.o(x$fpl$printf1)
    __fpl_return_NaN                         0x080098af   Thumb Code   100  retnan.o(x$fpl$retnan)
    __ARM_scalbn                             0x08009913   Thumb Code    92  scalbn.o(x$fpl$scalbn)
    __fpl_cmpreturn                          0x0800996f   Thumb Code    48  trapv.o(x$fpl$trapveneer)
    __I$use$fp                               0x0800999e   Number         0  usenofp.o(x$fpl$usenofp)
    Region$$Table$$Base                      0x08009b94   Number         0  anon$$obj.o(Region$$Table)
    Region$$Table$$Limit                     0x08009bb4   Number         0  anon$$obj.o(Region$$Table)
    __ctype                                  0x08009bdd   Data           0  lc_ctype_c.o(locale$$data)
    SystemCoreClock                          0x20000000   Data           4  system_stm32f10x.o(.data)
    AHBPrescTable                            0x20000004   Data          16  system_stm32f10x.o(.data)
    State                                    0x20000018   Data           1  globals.o(.data)
    PreStatus                                0x20000019   Data           1  globals.o(.data)
    TemperatureAim                           0x2000001c   Data           4  globals.o(.data)
    TemperatureAimTemp                       0x20000020   Data           4  globals.o(.data)
    TemperatureTest                          0x20000024   Data           4  globals.o(.data)
    pwm_duty                                 0x20000028   Data           4  globals.o(.data)
    BufferNum                                0x2000002c   Data           4  globals.o(.data)
    IsInputOK                                0x20000030   Data           1  globals.o(.data)
    IsCycleOK                                0x20000031   Data           1  globals.o(.data)
    Diec                                     0x20000034   Data           4  globals.o(.data)
    theta                                    0x20000038   Data           8  globals.o(.data)
    alpha                                    0x20000040   Data           8  globals.o(.data)
    alpha_pi                                 0x20000048   Data           8  globals.o(.data)
    v_alpha_pi                               0x20000050   Data           8  globals.o(.data)
    v_alpha                                  0x20000058   Data           8  globals.o(.data)
    v_theta                                  0x20000060   Data           8  globals.o(.data)
    AimAngle                                 0x20000068   Data           4  globals.o(.data)
    AimTheta                                 0x20000070   Data           8  globals.o(.data)
    StopTheta                                0x20000078   Data           8  globals.o(.data)
    ThetaDelta                               0x20000080   Data           8  globals.o(.data)
    DeltaNum                                 0x20000088   Data           8  globals.o(.data)
    flag2                                    0x20000090   Data           4  globals.o(.data)
    E                                        0x20000098   Data           8  globals.o(.data)
    E0                                       0x200000a0   Data           8  globals.o(.data)
    PrescalerValue                           0x200000a8   Data           2  motor.o(.data)
    hSysTick_OverNum                         0x200000b8   Data           4  timebase.o(.data)
    b1Is_First_Measurement                   0x200000c0   Data           4  encoder1.o(.data)
    h1Previous_angle                         0x200000c8   Data           8  encoder1.o(.data)
    h1Rot_Speed                              0x200000d0   Data           8  encoder1.o(.data)
    flag                                     0x200000f8   Data           4  tim1_cap.o(.data)
    time_over_num                            0x200000fc   Data           4  tim1_cap.o(.data)
    IC1ReadValue                             0x20000100   Data           4  tim1_cap.o(.data)
    IC2ReadValue                             0x20000104   Data           4  tim1_cap.o(.data)
    IC3ReadValue                             0x20000108   Data           4  tim1_cap.o(.data)
    IC4ReadValue                             0x2000010c   Data           4  tim1_cap.o(.data)
    capnum                                   0x20000110   Data           1  tim1_cap.o(.data)
    IsKeyPressed                             0x20000111   Data           1  zlg7290.o(.data)
    zlg_key                                  0x20000112   Data           1  zlg_key.o(.data)
    KeyValue                                 0x20000113   Data           1  zlg_key.o(.data)
    RepeatCnt                                0x20000114   Data           1  zlg_key.o(.data)
    FnKeyValue                               0x20000115   Data           1  zlg_key.o(.data)
    bIs_First_Measurement                    0x20000118   Data           4  encoder.o(.data)
    hPrevious_angle                          0x20000120   Data           8  encoder.o(.data)
    hRot_Speed                               0x20000128   Data           8  encoder.o(.data)
    Photo0                                   0x20000158   Data        1024  lcd.o(.data)
    fontaddr                                 0x20000558   Data           4  lcd.o(.data)
    KeyFlag                                  0x2000055c   Data           1  extikey.o(.data)
    ir_key                                   0x20000560   Data           1  remote.o(.data)
    Remote_Odr                               0x20000564   Data           4  remote.o(.data)
    Remote_Cnt                               0x20000568   Data           1  remote.o(.data)
    Remote_Rdy                               0x20000569   Data           1  remote.o(.data)
    IsUsartReceived                          0x20000570   Data           1  usart.o(.data)
    __stdout                                 0x20000574   Data           4  usart.o(.data)
    USART_RX_STA                             0x20000578   Data           1  usart.o(.data)
    usart_rx_buf_num                         0x20000579   Data           1  usart.o(.data)
    x                                        0x2000057c   Data           4  usart.o(.data)
    y                                        0x20000580   Data           4  usart.o(.data)
    delta_x                                  0x20000584   Data           4  usart.o(.data)
    MotorA                                   0x200005a0   Data          40  globals.o(.bss)
    MotorB                                   0x200005c8   Data          40  globals.o(.bss)
    SpeedPID                                 0x200005f0   Data          72  globals.o(.bss)
    SpeedPID1                                0x20000638   Data          72  globals.o(.bss)
    PositionPID                              0x20000680   Data          72  globals.o(.bss)
    PositionPID1                             0x200006c8   Data          72  globals.o(.bss)
    PositionPID_WV                           0x20000710   Data          72  globals.o(.bss)
    PositionFF                               0x20000758   Data          64  globals.o(.bss)
    SpeedBuffer                              0x20000798   Data        4000  globals.o(.bss)
    PositionBuffer                           0x20001738   Data        4000  globals.o(.bss)
    str                                      0x200026d8   Data          10  globals.o(.bss)
    h1Speed_Buffer                           0x200026e8   Data          56  encoder1.o(.bss)
    hSpeed_Buffer                            0x20002720   Data          56  encoder.o(.bss)
    USART_RX_BUF                             0x20002758   Data          64  usart.o(.bss)
    __libspace_start                         0x20002798   Data          96  libspace.o(.bss)
    __temporary_stack_top$libspace           0x200027f8   Data           0  libspace.o(.bss)



==============================================================================

Memory Map of the image

  Image Entry point : 0x080000ed

  Load Region LR_IROM1 (Base: 0x08000000, Size: 0x0000a27c, Max: 0x00080000, ABSOLUTE, COMPRESSED[0x00009f68])

    Execution Region ER_IROM1 (Base: 0x08000000, Size: 0x00009ce0, Max: 0x00080000, ABSOLUTE)

    Base Addr    Size         Type   Attr      Idx    E Section Name        Object

    0x08000000   0x000000ec   Data   RO          670    RESET               startup_stm32f10x_md.o
    0x080000ec   0x00000008   Code   RO          996  * !!!main             c_w.l(__main.o)
    0x080000f4   0x00000034   Code   RO         1419    !!!scatter          c_w.l(__scatter.o)
    0x08000128   0x0000005a   Code   RO         1417    !!dczerorl2         c_w.l(__dczerorl2.o)
    0x08000182   0x00000002   PAD
    0x08000184   0x0000001c   Code   RO         1421    !!handler_zi        c_w.l(__scatter_zi.o)
    0x080001a0   0x00000000   Code   RO          993    .ARM.Collect$$_printf_percent$$00000000  c_w.l(_printf_percent.o)
    0x080001a0   0x00000006   Code   RO         1139    .ARM.Collect$$_printf_percent$$00000001  c_w.l(_printf_n.o)
    0x080001a6   0x00000006   Code   RO         1141    .ARM.Collect$$_printf_percent$$00000002  c_w.l(_printf_p.o)
    0x080001ac   0x00000006   Code   RO          992    .ARM.Collect$$_printf_percent$$00000003  c_w.l(_printf_f.o)
    0x080001b2   0x00000006   Code   RO         1145    .ARM.Collect$$_printf_percent$$00000004  c_w.l(_printf_e.o)
    0x080001b8   0x00000006   Code   RO         1146    .ARM.Collect$$_printf_percent$$00000005  c_w.l(_printf_g.o)
    0x080001be   0x00000006   Code   RO         1147    .ARM.Collect$$_printf_percent$$00000006  c_w.l(_printf_a.o)
    0x080001c4   0x0000000a   Code   RO         1152    .ARM.Collect$$_printf_percent$$00000007  c_w.l(_printf_ll.o)
    0x080001ce   0x00000006   Code   RO         1143    .ARM.Collect$$_printf_percent$$00000008  c_w.l(_printf_i.o)
    0x080001d4   0x00000006   Code   RO          991    .ARM.Collect$$_printf_percent$$00000009  c_w.l(_printf_d.o)
    0x080001da   0x00000006   Code   RO         1144    .ARM.Collect$$_printf_percent$$0000000A  c_w.l(_printf_u.o)
    0x080001e0   0x00000006   Code   RO         1142    .ARM.Collect$$_printf_percent$$0000000B  c_w.l(_printf_o.o)
    0x080001e6   0x00000006   Code   RO         1140    .ARM.Collect$$_printf_percent$$0000000C  c_w.l(_printf_x.o)
    0x080001ec   0x00000006   Code   RO         1149    .ARM.Collect$$_printf_percent$$0000000D  c_w.l(_printf_lli.o)
    0x080001f2   0x00000006   Code   RO         1150    .ARM.Collect$$_printf_percent$$0000000E  c_w.l(_printf_lld.o)
    0x080001f8   0x00000006   Code   RO         1151    .ARM.Collect$$_printf_percent$$0000000F  c_w.l(_printf_llu.o)
    0x080001fe   0x00000006   Code   RO         1156    .ARM.Collect$$_printf_percent$$00000010  c_w.l(_printf_llo.o)
    0x08000204   0x00000006   Code   RO         1157    .ARM.Collect$$_printf_percent$$00000011  c_w.l(_printf_llx.o)
    0x0800020a   0x0000000a   Code   RO         1153    .ARM.Collect$$_printf_percent$$00000012  c_w.l(_printf_l.o)
    0x08000214   0x00000006   Code   RO         1137    .ARM.Collect$$_printf_percent$$00000013  c_w.l(_printf_c.o)
    0x0800021a   0x00000006   Code   RO         1138    .ARM.Collect$$_printf_percent$$00000014  c_w.l(_printf_s.o)
    0x08000220   0x00000006   Code   RO         1154    .ARM.Collect$$_printf_percent$$00000015  c_w.l(_printf_lc.o)
    0x08000226   0x00000006   Code   RO         1155    .ARM.Collect$$_printf_percent$$00000016  c_w.l(_printf_ls.o)
    0x0800022c   0x00000004   Code   RO         1148    .ARM.Collect$$_printf_percent$$00000017  c_w.l(_printf_percent_end.o)
    0x08000230   0x00000002   Code   RO         1286    .ARM.Collect$$libinit$$00000000  c_w.l(libinit.o)
    0x08000232   0x00000000   Code   RO         1288    .ARM.Collect$$libinit$$00000002  c_w.l(libinit2.o)
    0x08000232   0x00000000   Code   RO         1291    .ARM.Collect$$libinit$$00000008  c_w.l(libinit2.o)
    0x08000232   0x00000000   Code   RO         1293    .ARM.Collect$$libinit$$0000000A  c_w.l(libinit2.o)
    0x08000232   0x00000000   Code   RO         1295    .ARM.Collect$$libinit$$0000000C  c_w.l(libinit2.o)
    0x08000232   0x00000006   Code   RO         1296    .ARM.Collect$$libinit$$0000000D  c_w.l(libinit2.o)
    0x08000238   0x00000000   Code   RO         1298    .ARM.Collect$$libinit$$0000000F  c_w.l(libinit2.o)
    0x08000238   0x0000000c   Code   RO         1299    .ARM.Collect$$libinit$$00000010  c_w.l(libinit2.o)
    0x08000244   0x00000000   Code   RO         1300    .ARM.Collect$$libinit$$00000011  c_w.l(libinit2.o)
    0x08000244   0x00000000   Code   RO         1302    .ARM.Collect$$libinit$$00000013  c_w.l(libinit2.o)
    0x08000244   0x0000000a   Code   RO         1303    .ARM.Collect$$libinit$$00000014  c_w.l(libinit2.o)
    0x0800024e   0x00000000   Code   RO         1304    .ARM.Collect$$libinit$$00000015  c_w.l(libinit2.o)
    0x0800024e   0x00000000   Code   RO         1306    .ARM.Collect$$libinit$$00000017  c_w.l(libinit2.o)
    0x0800024e   0x00000000   Code   RO         1308    .ARM.Collect$$libinit$$00000019  c_w.l(libinit2.o)
    0x0800024e   0x00000000   Code   RO         1310    .ARM.Collect$$libinit$$0000001B  c_w.l(libinit2.o)
    0x0800024e   0x00000000   Code   RO         1312    .ARM.Collect$$libinit$$0000001D  c_w.l(libinit2.o)
    0x0800024e   0x00000000   Code   RO         1314    .ARM.Collect$$libinit$$0000001F  c_w.l(libinit2.o)
    0x0800024e   0x00000000   Code   RO         1316    .ARM.Collect$$libinit$$00000021  c_w.l(libinit2.o)
    0x0800024e   0x00000000   Code   RO         1318    .ARM.Collect$$libinit$$00000023  c_w.l(libinit2.o)
    0x0800024e   0x00000000   Code   RO         1322    .ARM.Collect$$libinit$$0000002A  c_w.l(libinit2.o)
    0x0800024e   0x00000000   Code   RO         1324    .ARM.Collect$$libinit$$0000002C  c_w.l(libinit2.o)
    0x0800024e   0x00000000   Code   RO         1326    .ARM.Collect$$libinit$$0000002E  c_w.l(libinit2.o)
    0x0800024e   0x00000000   Code   RO         1328    .ARM.Collect$$libinit$$00000030  c_w.l(libinit2.o)
    0x0800024e   0x00000002   Code   RO         1329    .ARM.Collect$$libinit$$00000031  c_w.l(libinit2.o)
    0x08000250   0x00000002   Code   RO         1378    .ARM.Collect$$libshutdown$$00000000  c_w.l(libshutdown.o)
    0x08000252   0x00000000   Code   RO         1388    .ARM.Collect$$libshutdown$$00000003  c_w.l(libshutdown2.o)
    0x08000252   0x00000000   Code   RO         1391    .ARM.Collect$$libshutdown$$00000006  c_w.l(libshutdown2.o)
    0x08000252   0x00000000   Code   RO         1394    .ARM.Collect$$libshutdown$$00000009  c_w.l(libshutdown2.o)
    0x08000252   0x00000000   Code   RO         1396    .ARM.Collect$$libshutdown$$0000000B  c_w.l(libshutdown2.o)
    0x08000252   0x00000000   Code   RO         1399    .ARM.Collect$$libshutdown$$0000000E  c_w.l(libshutdown2.o)
    0x08000252   0x00000002   Code   RO         1400    .ARM.Collect$$libshutdown$$0000000F  c_w.l(libshutdown2.o)
    0x08000254   0x00000000   Code   RO         1084    .ARM.Collect$$rtentry$$00000000  c_w.l(rtentry.o)
    0x08000254   0x00000000   Code   RO         1186    .ARM.Collect$$rtentry$$00000002  c_w.l(rtentry2.o)
    0x08000254   0x00000006   Code   RO         1198    .ARM.Collect$$rtentry$$00000004  c_w.l(rtentry4.o)
    0x0800025a   0x00000000   Code   RO         1188    .ARM.Collect$$rtentry$$00000009  c_w.l(rtentry2.o)
    0x0800025a   0x00000004   Code   RO         1189    .ARM.Collect$$rtentry$$0000000A  c_w.l(rtentry2.o)
    0x0800025e   0x00000000   Code   RO         1191    .ARM.Collect$$rtentry$$0000000C  c_w.l(rtentry2.o)
    0x0800025e   0x00000008   Code   RO         1192    .ARM.Collect$$rtentry$$0000000D  c_w.l(rtentry2.o)
    0x08000266   0x00000002   Code   RO         1332    .ARM.Collect$$rtexit$$00000000  c_w.l(rtexit.o)
    0x08000268   0x00000000   Code   RO         1348    .ARM.Collect$$rtexit$$00000002  c_w.l(rtexit2.o)
    0x08000268   0x00000004   Code   RO         1349    .ARM.Collect$$rtexit$$00000003  c_w.l(rtexit2.o)
    0x0800026c   0x00000006   Code   RO         1350    .ARM.Collect$$rtexit$$00000004  c_w.l(rtexit2.o)
    0x08000272   0x00000002   PAD
    0x08000274   0x00000164   Code   RO            1    .text               main.o
    0x080003d8   0x00000018   Code   RO          194    .text               stm32f10x_it.o
    0x080003f0   0x000001e0   Code   RO          235    .text               system_stm32f10x.o
    0x080005d0   0x00001940   Code   RO          253    .text               mytask.o
    0x08001f10   0x00000114   Code   RO          286    .text               led.o
    0x08002024   0x000001f4   Code   RO          301    .text               motor.o
    0x08002218   0x0000015c   Code   RO          316    .text               timebase.o
    0x08002374   0x00000404   Code   RO          338    .text               encoder1.o
    0x08002778   0x00000626   Code   RO          357    .text               control.o
    0x08002d9e   0x00000002   PAD
    0x08002da0   0x000001e0   Code   RO          421    .text               tim1_cap.o
    0x08002f80   0x00000168   Code   RO          439    .text               zlg7290.o
    0x080030e8   0x00000394   Code   RO          461    .text               i2c.o
    0x0800347c   0x00000158   Code   RO          473    .text               zlg_key.o
    0x080035d4   0x000005bc   Code   RO          491    .text               encoder.o
    0x08003b90   0x00000738   Code   RO          522    .text               lcd.o
    0x080042c8   0x00000264   Code   RO          543    .text               ds18b20.o
    0x0800452c   0x00000084   Code   RO          558    .text               extikey.o
    0x080045b0   0x00000168   Code   RO          573    .text               remote.o
    0x08004718   0x000000c4   Code   RO          591    .text               delay.o
    0x080047dc   0x000001b0   Code   RO          621    .text               usart.o
    0x0800498c   0x0000001e   Code   RO          645    .text               app.o
    0x080049aa   0x00000002   PAD
    0x080049ac   0x00000040   Code   RO          671    .text               startup_stm32f10x_md.o
    0x080049ec   0x000000dc   Code   RO          675    .text               misc.o
    0x08004ac8   0x0000011c   Code   RO          783    .text               stm32f10x_exti.o
    0x08004be4   0x0000035c   Code   RO          819    .text               stm32f10x_gpio.o
    0x08004f40   0x000003a4   Code   RO          867    .text               stm32f10x_rcc.o
    0x080052e4   0x0000030c   Code   RO          905    .text               stm32f10x_spi.o
    0x080055f0   0x00000e1a   Code   RO          917    .text               stm32f10x_tim.o
    0x0800640a   0x00000002   PAD
    0x0800640c   0x00000408   Code   RO          929    .text               stm32f10x_usart.o
    0x08006814   0x00000002   Code   RO          955    .text               c_w.l(use_no_semi_2.o)
    0x08006816   0x00000048   Code   RO          957    .text               c_w.l(llsdiv.o)
    0x0800685e   0x00000002   PAD
    0x08006860   0x00000018   Code   RO          959    .text               c_w.l(c89printf.o)
    0x08006878   0x0000002c   Code   RO          961    .text               c_w.l(__2sprintf.o)
    0x080068a4   0x0000004e   Code   RO          967    .text               c_w.l(_printf_pad.o)
    0x080068f2   0x00000002   PAD
    0x080068f4   0x00000074   Code   RO          969    .text               c_w.l(_printf_dec.o)
    0x08006968   0x00000188   Code   RO          988    .text               c_w.l(__printf_flags_ss_wp.o)
    0x08006af0   0x00000006   Code   RO          994    .text               c_w.l(heapauxi.o)
    0x08006af6   0x00000002   Code   RO         1082    .text               c_w.l(use_no_semi.o)
    0x08006af8   0x000000ee   Code   RO         1085    .text               c_w.l(lludivv7m.o)
    0x08006be6   0x00000016   Code   RO         1087    .text               c_w.l(_rserrno.o)
    0x08006bfc   0x00000024   Code   RO         1089    .text               c_w.l(_printf_truncate.o)
    0x08006c20   0x00000052   Code   RO         1091    .text               c_w.l(_printf_str.o)
    0x08006c72   0x000000b2   Code   RO         1093    .text               c_w.l(_printf_intcommon.o)
    0x08006d24   0x00000028   Code   RO         1095    .text               c_w.l(_printf_charcount.o)
    0x08006d4c   0x00000416   Code   RO         1097    .text               c_w.l(_printf_fp_dec.o)
    0x08007162   0x00000002   PAD
    0x08007164   0x00000030   Code   RO         1099    .text               c_w.l(_printf_char_common.o)
    0x08007194   0x0000000a   Code   RO         1101    .text               c_w.l(_sputc.o)
    0x0800719e   0x00000002   PAD
    0x080071a0   0x00000024   Code   RO         1103    .text               c_w.l(_printf_char_file.o)
    0x080071c4   0x000000bc   Code   RO         1105    .text               c_w.l(_printf_wctomb.o)
    0x08007280   0x00000078   Code   RO         1108    .text               c_w.l(_printf_longlong_dec.o)
    0x080072f8   0x00000070   Code   RO         1114    .text               c_w.l(_printf_oct_int_ll.o)
    0x08007368   0x00000094   Code   RO         1134    .text               c_w.l(_printf_hex_int_ll_ptr.o)
    0x080073fc   0x00000008   Code   RO         1207    .text               c_w.l(rt_locale_intlibspace.o)
    0x08007404   0x00000008   Code   RO         1212    .text               c_w.l(rt_errno_addr_intlibspace.o)
    0x0800740c   0x0000008a   Code   RO         1214    .text               c_w.l(lludiv10.o)
    0x08007496   0x00000002   PAD
    0x08007498   0x00000080   Code   RO         1216    .text               c_w.l(_printf_fp_infnan.o)
    0x08007518   0x0000002c   Code   RO         1220    .text               c_w.l(_printf_char.o)
    0x08007544   0x0000002c   Code   RO         1222    .text               c_w.l(_printf_wchar.o)
    0x08007570   0x000000d8   Code   RO         1224    .text               c_w.l(bigflt0.o)
    0x08007648   0x00000008   Code   RO         1249    .text               c_w.l(ferror.o)
    0x08007650   0x00000040   Code   RO         1253    .text               c_w.l(_wcrtomb.o)
    0x08007690   0x00000008   Code   RO         1268    .text               c_w.l(libspace.o)
    0x08007698   0x0000004a   Code   RO         1271    .text               c_w.l(sys_stackheap_outer.o)
    0x080076e2   0x00000002   PAD
    0x080076e4   0x00000010   Code   RO         1273    .text               c_w.l(rt_ctype_table.o)
    0x080076f4   0x0000000c   Code   RO         1277    .text               c_w.l(exit.o)
    0x08007700   0x00000080   Code   RO         1279    .text               c_w.l(strcmpv7m.o)
    0x08007780   0x0000003e   Code   RO         1227    CL$$btod_d2e        c_w.l(btod.o)
    0x080077be   0x00000046   Code   RO         1229    CL$$btod_d2e_denorm_low  c_w.l(btod.o)
    0x08007804   0x00000060   Code   RO         1228    CL$$btod_d2e_norm_op1  c_w.l(btod.o)
    0x08007864   0x00000338   Code   RO         1237    CL$$btod_div_common  c_w.l(btod.o)
    0x08007b9c   0x000000c6   Code   RO         1234    CL$$btod_e2e        c_w.l(btod.o)
    0x08007c62   0x00000028   Code   RO         1231    CL$$btod_ediv       c_w.l(btod.o)
    0x08007c8a   0x00000028   Code   RO         1230    CL$$btod_emul       c_w.l(btod.o)
    0x08007cb2   0x00000244   Code   RO         1236    CL$$btod_mult_common  c_w.l(btod.o)
    0x08007ef6   0x00000028   Code   RO         1264    i.__ARM_fpclassify  m_ws.l(fpclassify.o)
    0x08007f1e   0x00000002   PAD
    0x08007f20   0x00000388   Code   RO         1174    i.__ieee754_rem_pio2  m_ws.l(rred.o)
    0x080082a8   0x000000fc   Code   RO         1171    i.__kernel_cos      m_ws.l(cos_i.o)
    0x080083a4   0x000000aa   Code   RO         1266    i.__kernel_poly     m_ws.l(poly.o)
    0x0800844e   0x00000002   PAD
    0x08008450   0x000000ec   Code   RO         1179    i.__kernel_sin      m_ws.l(sin_i.o)
    0x0800853c   0x00000010   Code   RO         1262    i.__mathlib_dbl_underflow  m_ws.l(dunder.o)
    0x0800854c   0x0000000e   Code   RO          981    i._is_digit         c_w.l(__printf_wp.o)
    0x0800855a   0x00000002   PAD
    0x0800855c   0x000000ac   Code   RO         1067    i.cos               m_ws.l(cos.o)
    0x08008608   0x000000b0   Code   RO         1075    i.sin               m_ws.l(sin.o)
    0x080086b8   0x0000002c   Code   RO         1256    locale$$code        c_w.l(lc_numeric_c.o)
    0x080086e4   0x0000002c   Code   RO         1335    locale$$code        c_w.l(lc_ctype_c.o)
    0x08008710   0x00000062   Code   RO          998    x$fpl$d2f           fz_ws.l(d2f.o)
    0x08008772   0x00000002   PAD
    0x08008774   0x00000150   Code   RO         1000    x$fpl$dadd          fz_ws.l(daddsub_clz.o)
    0x080088c4   0x00000010   Code   RO         1258    x$fpl$dcheck1       fz_ws.l(dcheck1.o)
    0x080088d4   0x00000018   Code   RO         1158    x$fpl$dcmpinf       fz_ws.l(dcmpi.o)
    0x080088ec   0x000002b0   Code   RO         1007    x$fpl$ddiv          fz_ws.l(ddiv.o)
    0x08008b9c   0x00000078   Code   RO         1010    x$fpl$deqf          fz_ws.l(deqf.o)
    0x08008c14   0x0000005e   Code   RO         1012    x$fpl$dfix          fz_ws.l(dfix.o)
    0x08008c72   0x0000002e   Code   RO         1021    x$fpl$dflt          fz_ws.l(dflt_clz.o)
    0x08008ca0   0x000000a2   Code   RO         1026    x$fpl$dfltll        fz_ws.l(dfltll_clz.o)
    0x08008d42   0x00000026   Code   RO         1020    x$fpl$dfltu         fz_ws.l(dflt_clz.o)
    0x08008d68   0x00000078   Code   RO         1030    x$fpl$dleqf         fz_ws.l(dleqf.o)
    0x08008de0   0x00000154   Code   RO         1032    x$fpl$dmul          fz_ws.l(dmul.o)
    0x08008f34   0x0000009c   Code   RO         1160    x$fpl$dnaninf       fz_ws.l(dnaninf.o)
    0x08008fd0   0x0000000c   Code   RO         1162    x$fpl$dretinf       fz_ws.l(dretinf.o)
    0x08008fdc   0x0000006c   Code   RO         1034    x$fpl$drleqf        fz_ws.l(drleqf.o)
    0x08009048   0x00000016   Code   RO         1001    x$fpl$drsb          fz_ws.l(daddsub_clz.o)
    0x0800905e   0x00000002   PAD
    0x08009060   0x000001d4   Code   RO         1002    x$fpl$dsub          fz_ws.l(daddsub_clz.o)
    0x08009234   0x00000056   Code   RO         1036    x$fpl$f2d           fz_ws.l(f2d.o)
    0x0800928a   0x00000002   PAD
    0x0800928c   0x000000c4   Code   RO         1038    x$fpl$fadd          fz_ws.l(faddsub_clz.o)
    0x08009350   0x00000184   Code   RO         1045    x$fpl$fdiv          fz_ws.l(fdiv.o)
    0x080094d4   0x00000036   Code   RO         1048    x$fpl$ffix          fz_ws.l(ffix.o)
    0x0800950a   0x00000002   PAD
    0x0800950c   0x00000030   Code   RO         1057    x$fpl$fflt          fz_ws.l(fflt_clz.o)
    0x0800953c   0x00000026   Code   RO         1056    x$fpl$ffltu         fz_ws.l(fflt_clz.o)
    0x08009562   0x00000002   PAD
    0x08009564   0x00000102   Code   RO         1062    x$fpl$fmul          fz_ws.l(fmul.o)
    0x08009666   0x0000008c   Code   RO         1164    x$fpl$fnaninf       fz_ws.l(fnaninf.o)
    0x080096f2   0x0000000a   Code   RO         1166    x$fpl$fretinf       fz_ws.l(fretinf.o)
    0x080096fc   0x000000ea   Code   RO         1040    x$fpl$fsub          fz_ws.l(faddsub_clz.o)
    0x080097e6   0x00000002   PAD
    0x080097e8   0x000000c2   Code   RO         1016    x$fpl$llsfromd      fz_ws.l(dfixll.o)
    0x080098aa   0x00000004   Code   RO         1064    x$fpl$printf1       fz_ws.l(printf1.o)
    0x080098ae   0x00000064   Code   RO         1330    x$fpl$retnan        fz_ws.l(retnan.o)
    0x08009912   0x0000005c   Code   RO         1168    x$fpl$scalbn        fz_ws.l(scalbn.o)
    0x0800996e   0x00000030   Code   RO         1345    x$fpl$trapveneer    fz_ws.l(trapv.o)
    0x0800999e   0x00000000   Code   RO         1170    x$fpl$usenofp       fz_ws.l(usenofp.o)
    0x0800999e   0x00000011   Data   RO          989    .constdata          c_w.l(__printf_flags_ss_wp.o)
    0x080099af   0x00000001   PAD
    0x080099b0   0x00000008   Data   RO         1106    .constdata          c_w.l(_printf_wctomb.o)
    0x080099b8   0x00000028   Data   RO         1135    .constdata          c_w.l(_printf_hex_int_ll_ptr.o)
    0x080099e0   0x00000030   Data   RO         1172    .constdata          m_ws.l(cos_i.o)
    0x08009a10   0x000000c8   Data   RO         1176    .constdata          m_ws.l(rred.o)
    0x08009ad8   0x00000028   Data   RO         1180    .constdata          m_ws.l(sin_i.o)
    0x08009b00   0x00000094   Data   RO         1225    .constdata          c_w.l(bigflt0.o)
    0x08009b94   0x00000020   Data   RO         1415    Region$$Table       anon$$obj.o
    0x08009bb4   0x0000001c   Data   RO         1255    locale$$data        c_w.l(lc_numeric_c.o)
    0x08009bd0   0x00000110   Data   RO         1334    locale$$data        c_w.l(lc_ctype_c.o)


    Execution Region RW_IRAM1 (Base: 0x20000000, Size: 0x00002df8, Max: 0x00010000, ABSOLUTE, COMPRESSED[0x00000288])

    Base Addr    Size         Type   Attr      Idx    E Section Name        Object

    0x20000000   0x00000014   Data   RW          236    .data               system_stm32f10x.o
    0x20000014   0x00000004   PAD
    0x20000018   0x00000090   Data   RW          270    .data               globals.o
    0x200000a8   0x00000002   Data   RW          302    .data               motor.o
    0x200000aa   0x00000002   PAD
    0x200000ac   0x00000010   Data   RW          317    .data               timebase.o
    0x200000bc   0x00000004   PAD
    0x200000c0   0x00000038   Data   RW          340    .data               encoder1.o
    0x200000f8   0x00000019   Data   RW          422    .data               tim1_cap.o
    0x20000111   0x00000001   Data   RW          440    .data               zlg7290.o
    0x20000112   0x00000004   Data   RW          474    .data               zlg_key.o
    0x20000116   0x00000002   PAD
    0x20000118   0x00000040   Data   RW          493    .data               encoder.o
    0x20000158   0x00000404   Data   RW          523    .data               lcd.o
    0x2000055c   0x00000001   Data   RW          559    .data               extikey.o
    0x2000055d   0x00000003   PAD
    0x20000560   0x0000000a   Data   RW          574    .data               remote.o
    0x2000056a   0x00000004   Data   RW          592    .data               delay.o
    0x2000056e   0x00000002   PAD
    0x20000570   0x00000018   Data   RW          623    .data               usart.o
    0x20000588   0x00000014   Data   RW          868    .data               stm32f10x_rcc.o
    0x2000059c   0x00000004   PAD
    0x200005a0   0x00002142   Zero   RW          269    .bss                globals.o
    0x200026e2   0x00000006   PAD
    0x200026e8   0x00000038   Zero   RW          339    .bss                encoder1.o
    0x20002720   0x00000038   Zero   RW          492    .bss                encoder.o
    0x20002758   0x00000040   Zero   RW          622    .bss                usart.o
    0x20002798   0x00000060   Zero   RW         1269    .bss                c_w.l(libspace.o)
    0x200027f8   0x00000200   Zero   RW          669    HEAP                startup_stm32f10x_md.o
    0x200029f8   0x00000400   Zero   RW          668    STACK               startup_stm32f10x_md.o


==============================================================================

Image component sizes


      Code (inc. data)   RO Data    RW Data    ZI Data      Debug   Object Name

        30          0          0          0          0        542   app.o
      1574         54          0          0          0       5343   control.o
         0          0          0          0          0         32   core_cm3.o
       196          8          0          4          0       1215   delay.o
       612         16          0          0          0       2250   ds18b20.o
      1468        170          0         64         56       4048   encoder.o
      1028         58          0         56         56       3299   encoder1.o
       132         10          0          1          0       1415   extikey.o
         0          0          0        144       8514       3338   globals.o
       916         14          0          0          0       3180   i2c.o
      1848         30          0       1028          0       5929   lcd.o
       276         12          0          0          0       1554   led.o
       356        112          0          0          0     261279   main.o
       220         22          0          0          0       1889   misc.o
       500         12          0          2          0       3240   motor.o
      6464        972          0          0          0       5358   mytask.o
       360         26          0         10          0       2254   remote.o
        64         26        236          0       1536        828   startup_stm32f10x_md.o
       284         10          0          0          0       2323   stm32f10x_exti.o
       860         38          0          0          0       5737   stm32f10x_gpio.o
        24          0          0          0          0     202854   stm32f10x_it.o
       932         36          0         20          0       8956   stm32f10x_rcc.o
       780         14          0          0          0       6618   stm32f10x_spi.o
      3610         88          0          0          0      22220   stm32f10x_tim.o
      1032         22          0          0          0       8460   stm32f10x_usart.o
       480         38          0         20          0       1875   system_stm32f10x.o
       480         30          0         25          0       2133   tim1_cap.o
       348         40          0         16          0      18598   timebase.o
       432         32          0         24         64       3567   usart.o
       360         20          0          1          0       2846   zlg7290.o
       344         20          0          4          0       2031   zlg_key.o

    ----------------------------------------------------------------------
     26016       1930        268       1436      10236     595211   Object Totals
         0          0         32          0          0          0   (incl. Generated)
         6          0          0         17         10          0   (incl. Padding)

    ----------------------------------------------------------------------

      Code (inc. data)   RO Data    RW Data    ZI Data      Debug   Library Member Name

        44          6          0          0          0         84   __2sprintf.o
        90          0          0          0          0          0   __dczerorl2.o
         8          0          0          0          0         68   __main.o
       392          4         17          0          0         92   __printf_flags_ss_wp.o
        14          0          0          0          0         68   __printf_wp.o
        52          8          0          0          0          0   __scatter.o
        28          0          0          0          0          0   __scatter_zi.o
         6          0          0          0          0          0   _printf_a.o
         6          0          0          0          0          0   _printf_c.o
        44          0          0          0          0        108   _printf_char.o
        48          6          0          0          0         96   _printf_char_common.o
        36          4          0          0          0         80   _printf_char_file.o
        40          0          0          0          0         68   _printf_charcount.o
         6          0          0          0          0          0   _printf_d.o
       116         16          0          0          0         92   _printf_dec.o
         6          0          0          0          0          0   _printf_e.o
         6          0          0          0          0          0   _printf_f.o
      1046          0          0          0          0        216   _printf_fp_dec.o
       128         16          0          0          0         84   _printf_fp_infnan.o
         6          0          0          0          0          0   _printf_g.o
       148          4         40          0          0        160   _printf_hex_int_ll_ptr.o
         6          0          0          0          0          0   _printf_i.o
       178          0          0          0          0         88   _printf_intcommon.o
        10          0          0          0          0          0   _printf_l.o
         6          0          0          0          0          0   _printf_lc.o
        10          0          0          0          0          0   _printf_ll.o
         6          0          0          0          0          0   _printf_lld.o
         6          0          0          0          0          0   _printf_lli.o
         6          0          0          0          0          0   _printf_llo.o
         6          0          0          0          0          0   _printf_llu.o
         6          0          0          0          0          0   _printf_llx.o
       120         16          0          0          0         92   _printf_longlong_dec.o
         6          0          0          0          0          0   _printf_ls.o
         6          0          0          0          0          0   _printf_n.o
         6          0          0          0          0          0   _printf_o.o
       112          8          0          0          0        124   _printf_oct_int_ll.o
         6          0          0          0          0          0   _printf_p.o
        78          0          0          0          0        108   _printf_pad.o
         0          0          0          0          0          0   _printf_percent.o
         4          0          0          0          0          0   _printf_percent_end.o
         6          0          0          0          0          0   _printf_s.o
        82          0          0          0          0         80   _printf_str.o
        36          0          0          0          0         84   _printf_truncate.o
         6          0          0          0          0          0   _printf_u.o
        44          0          0          0          0        108   _printf_wchar.o
       188          6          8          0          0         92   _printf_wctomb.o
         6          0          0          0          0          0   _printf_x.o
        22          0          0          0          0        100   _rserrno.o
        10          0          0          0          0         68   _sputc.o
        64          0          0          0          0         92   _wcrtomb.o
       216          4        148          0          0         96   bigflt0.o
      1910        128          0          0          0        672   btod.o
        24          4          0          0          0         84   c89printf.o
        12          0          0          0          0         72   exit.o
         8          0          0          0          0         68   ferror.o
         6          0          0          0          0        152   heapauxi.o
        44         10        272          0          0         76   lc_ctype_c.o
        44         10         28          0          0         76   lc_numeric_c.o
         2          0          0          0          0          0   libinit.o
        30          0          0          0          0          0   libinit2.o
         2          0          0          0          0          0   libshutdown.o
         2          0          0          0          0          0   libshutdown2.o
         8          4          0          0         96         68   libspace.o
        72          0          0          0          0         76   llsdiv.o
       138          0          0          0          0         80   lludiv10.o
       238          0          0          0          0        100   lludivv7m.o
        16          4          0          0          0         76   rt_ctype_table.o
         8          4          0          0          0         68   rt_errno_addr_intlibspace.o
         8          4          0          0          0         68   rt_locale_intlibspace.o
         0          0          0          0          0          0   rtentry.o
        12          0          0          0          0          0   rtentry2.o
         6          0          0          0          0          0   rtentry4.o
         2          0          0          0          0          0   rtexit.o
        10          0          0          0          0          0   rtexit2.o
       128          0          0          0          0         68   strcmpv7m.o
        74          0          0          0          0         80   sys_stackheap_outer.o
         2          0          0          0          0         68   use_no_semi.o
         2          0          0          0          0         68   use_no_semi_2.o
        98          4          0          0          0         92   d2f.o
       826         16          0          0          0        348   daddsub_clz.o
        16          4          0          0          0         68   dcheck1.o
        24          0          0          0          0         68   dcmpi.o
       688        140          0          0          0        208   ddiv.o
       120          4          0          0          0         92   deqf.o
        94          4          0          0          0         92   dfix.o
       194          4          0          0          0        116   dfixll.o
        84          0          0          0          0        136   dflt_clz.o
       162          0          0          0          0         84   dfltll_clz.o
       120          4          0          0          0         92   dleqf.o
       340         12          0          0          0        104   dmul.o
       156          4          0          0          0         92   dnaninf.o
        12          0          0          0          0         68   dretinf.o
       108          0          0          0          0         80   drleqf.o
        86          4          0          0          0         84   f2d.o
       430          8          0          0          0        168   faddsub_clz.o
       388         76          0          0          0         96   fdiv.o
        54          4          0          0          0         84   ffix.o
        86          0          0          0          0        136   fflt_clz.o
       258          4          0          0          0         84   fmul.o
       140          4          0          0          0         84   fnaninf.o
        10          0          0          0          0         68   fretinf.o
         4          0          0          0          0         68   printf1.o
       100          0          0          0          0         68   retnan.o
        92          0          0          0          0         68   scalbn.o
        48          0          0          0          0         68   trapv.o
         0          0          0          0          0          0   usenofp.o
       172          8          0          0          0        112   cos.o
       252         22         48          0          0        124   cos_i.o
        16          6          0          0          0         68   dunder.o
        40          0          0          0          0         68   fpclassify.o
       170          0          0          0          0         96   poly.o
       904         74        200          0          0        140   rred.o
       176         10          0          0          0        116   sin.o
       236         12         40          0          0        128   sin_i.o

    ----------------------------------------------------------------------
     13074        694        802          0         96       8036   Library Totals
        34          0          1          0          0          0   (incl. Padding)

    ----------------------------------------------------------------------

      Code (inc. data)   RO Data    RW Data    ZI Data      Debug   Library Name

      6336        266        513          0         96       4368   c_w.l
      4738        296          0          0          0       2816   fz_ws.l
      1966        132        288          0          0        852   m_ws.l

    ----------------------------------------------------------------------
     13074        694        802          0         96       8036   Library Totals

    ----------------------------------------------------------------------

==============================================================================


      Code (inc. data)   RO Data    RW Data    ZI Data      Debug   

     39090       2624       1070       1436      10332     596379   Grand Totals
     39090       2624       1070        648      10332     596379   ELF Image Totals (compressed)
     39090       2624       1070        648          0          0   ROM Totals

==============================================================================

    Total RO  Size (Code + RO Data)                40160 (  39.22kB)
    Total RW  Size (RW Data + ZI Data)             11768 (  11.49kB)
    Total ROM Size (Code + RO Data + RW Data)      40808 (  39.85kB)

==============================================================================

