<html>
<body>
<pre>
<h1>礦ision Build Log</h1>
<h2>Project:</h2>
E:\github\ElectronicDesignContest\UpperMachine\资源材料\华科倒立摆\InvertedPendulum7\USER\LED.uvproj
Project File Date:  07/12/2015

<h2>Output:</h2>
Build target 'Target 1'
compiling MyTask.c...
mytask.h(11): warning:  #1295-D: Deprecated declaration SPEED_CONTROL_Task - give arg types
  void SPEED_CONTROL_Task();
mytask.h(28): warning:  #1-D: last line of file ends without a newline
  #endif
..\HARDWARE\GPIO\gpio.h(11): warning:  #1-D: last line of file ends without a newline
  #endif
..\HARDWARE\KEY\ZLG_Key.h(39): warning:  #1-D: last line of file ends without a newline
  #endif
..\HARDWARE\Motor\Encoder1.h(36): warning:  #1-D: last line of file ends without a newline
  #endif
..\HARDWARE\ExtiKey\extikey.h(7): warning:  #1-D: last line of file ends without a newline
  #endif
mytask.h(11): warning:  #1295-D: Deprecated declaration SPEED_CONTROL_Task - give arg types
  void SPEED_CONTROL_Task();
mytask.h(28): warning:  #1-D: last line of file ends without a newline
  #endif
MyTask.c(7): warning:  #177-D: variable "temp" was declared but never referenced
        short temp;
MyTask.c(120): warning:  #167-D: argument of type "char *" is incompatible with parameter of type "u8 *"
              display_GB2312_string(5,1,str); 
MyTask.c(159): warning:  #167-D: argument of type "char *" is incompatible with parameter of type "u8 *"
                                        display_GB2312_string(5,1,str); 
MyTask.c(273): warning:  #167-D: argument of type "char *" is incompatible with parameter of type "u8 *"
                                                display_GB2312_string(5,1,str); 
MyTask.c(406): warning:  #167-D: argument of type "char *" is incompatible with parameter of type "u8 *"
                                                display_GB2312_string(5,1,str); 
MyTask.c(577): warning:  #167-D: argument of type "char *" is incompatible with parameter of type "u8 *"
                                                display_GB2312_string(5,1,str);
MyTask.c(579): warning:  #167-D: argument of type "char *" is incompatible with parameter of type "u8 *"
                                                display_GB2312_string(7,1,str);
MyTask.c(581): warning:  #167-D: argument of type "char *" is incompatible with parameter of type "u8 *"
                                                display_GB2312_string(1,1,str);
MyTask.c(583): warning:  #167-D: argument of type "char *" is incompatible with parameter of type "u8 *"
                                                display_GB2312_string(3,1,str);
MyTask.c(739): warning:  #167-D: argument of type "char *" is incompatible with parameter of type "u8 *"
                        display_GB2312_string(7,1,str);
MyTask.c(780): warning:  #167-D: argument of type "char *" is incompatible with parameter of type "u8 *"
                                                display_GB2312_string(5,1,str);
MyTask.c(782): warning:  #167-D: argument of type "char *" is incompatible with parameter of type "u8 *"
                                                display_GB2312_string(7,1,str);
MyTask.c(784): warning:  #167-D: argument of type "char *" is incompatible with parameter of type "u8 *"
                                                display_GB2312_string(1,1,str);
MyTask.c(786): warning:  #167-D: argument of type "char *" is incompatible with parameter of type "u8 *"
                                                display_GB2312_string(3,1,str);
MyTask.c(890): warning:  #167-D: argument of type "char *" is incompatible with parameter of type "u8 *"
                        display_string_5x7(2,2,str);
MyTask.c: 23 warnings, 0 errors
linking...
Program Size: Code=39090 RO-data=1070 RW-data=1432 ZI-data=10328  
FromELF: creating hex file...
".\LED.axf" - 0 Error(s), 23 Warning(s).
</pre>
</body>
</html>
