<html>
<body>
<pre>
<h1>µVision Build Log</h1>
<h2>Project:</h2>
C:\Users\Administrator.WIN7U-20140505A\Desktop\bisai\USER\TEST.uvproj
Project File Date:  05/25/2014

<h2>Output:</h2>
Build target 'Target 1'
compiling main.c...
linking...
Program Size: Code=13356 RO-data=336 RW-data=88 ZI-data=1424  
FromELF: creating hex file...
"..\LISTING\TEST.axf" - 0 Error(s), 0 Warning(s).
Load "..\\LISTING\\TEST.axf" 
Set JLink Project File to "C:\Users\Administrator.WIN7U-20140505A\Desktop\bisai\USER\JLinkSettings.ini"
* JLink Info: Device "STM32F103C8" selected (64 KB flash, 20 KB RAM).
 
JLink info:
------------
DLL: V4.76d, compiled Sep 13 2013 16:35:06
Firmware: J-Link ARM V8 compiled Jul 17 2013 11:24:15
Hardware: V8.00
S/N : 799713843 
Feature(s) : RDI,FlashDL,FlashBP,JFlash,GDBFULL 
 
* JLink Info: TotalIRLen = 9, IRPrint = 0x0011
* JLink Info: TotalIRLen = 9, IRPrint = 0x0011
* JLink Info: Found Cortex-M3 r1p1, Little endian.
* JLink Info: FPUnit: 6 code (BP) slots and 2 literal slots
* JLink Info: TPIU fitted.
* JLink Info: ETM fitted.
ROMTableAddr = 0xE00FF003
* JLink Info: Found Cortex-M3 r1p1, Little endian.
 
Target info:
------------
Device: STM32F103C8
VTarget = 3.202V
State of Pins: 
TCK: 1, TDI: 0, TDO: 0, TMS: 0, TRES: 1, TRST: 1
Hardware-Breakpoints: 0
Software-Breakpoints: 8192
Watchpoints:          0
JTAG speed: 2000 kHz
 
Erase Done.
Programming Done.
Verify OK.
* JLink Info: Found Cortex-M3 r1p1, Little endian.
Application running ...
</pre>
</body>
</html>
