<html>
<body>
<pre>
<h1>礦ision Build Log</h1>
<h2>Project:</h2>
E:\github\ElectronicDesignContest\UpperMachine\资源材料\孙浩学长资料\学长资料\资料\虚拟示波器\虚拟示波器的使用-STM32程序\虚拟示波器的使用.uvproj
Project File Date:  07/15/2015

<h2>Output:</h2>
Build target 'Target 1'
compiling core_cm3.c...
compiling system_stm32f10x.c...
assembling startup_stm32f10x_hd.s...
compiling misc.c...
compiling stm32f10x_adc.c...
compiling stm32f10x_bkp.c...
compiling stm32f10x_can.c...
compiling stm32f10x_cec.c...
compiling stm32f10x_crc.c...
compiling stm32f10x_dac.c...
compiling stm32f10x_dbgmcu.c...
compiling stm32f10x_dma.c...
compiling stm32f10x_exti.c...
compiling stm32f10x_flash.c...
compiling stm32f10x_fsmc.c...
compiling stm32f10x_gpio.c...
compiling stm32f10x_i2c.c...
compiling stm32f10x_iwdg.c...
compiling stm32f10x_pwr.c...
compiling stm32f10x_rcc.c...
compiling stm32f10x_rtc.c...
compiling stm32f10x_sdio.c...
compiling stm32f10x_spi.c...
compiling stm32f10x_tim.c...
compiling stm32f10x_usart.c...
compiling stm32f10x_wwdg.c...
compiling delay.c...
compiling main.c...
compiling stm32f10x_it.c...
compiling usart.c...
compiling printf.c...
compiling ocsctl.c...
linking...
Program Size: Code=4384 RO-data=336 RW-data=44 ZI-data=1044  
FromELF: creating hex file...
".\obj\stm32_1602.axf" - 0 Error(s), 0 Warning(s).
</pre>
</body>
</html>
