<html>
<body>
<pre>
<h1>礦ision Build Log</h1>
<h2>Project:</h2>
E:\github\ElectronicDesignContest\UpperMachine\实验33 无线通信实验\USER\NRF24L01.uvprojx
Project File Date:  07/28/2015

<h2>Output:</h2>
Build target 'NRF24L01'
compiling main.c...
..\HARDWARE\Motor\Control.h(50): warning:  #1295-D: Deprecated declaration User_PidSpeedControl - give arg types
  void User_PidSpeedControl();
main.c(42): warning:  #177-D: variable "mm" was declared but never referenced
        double mm,ff;
main.c(42): warning:  #177-D: variable "ff" was declared but never referenced
        double mm,ff;
main.c(43): warning:  #177-D: variable "key" was declared but never referenced
        u8 key,x;
main.c(43): warning:  #177-D: variable "x" was declared but never referenced
        u8 key,x;
main.c(44): warning:  #177-D: variable "i" was declared but never referenced
         u8 i=0;
main.c(45): warning:  #177-D: variable "time" was declared but never referenced
        u16 time = 350;
main.c(46): warning:  #177-D: variable "mode" was declared but never referenced
        u8 mode;
main.c(47): warning:  #177-D: variable "state" was declared but never referenced
         u8 state;
main.c(48): warning:  #177-D: variable "t" was declared but never referenced
        u16 t=0;                         
main.c(49): warning:  #177-D: variable "tmp_buf" was declared but never referenced
        u8 tmp_buf[33];             
main.c: 11 warnings, 0 errors
compiling Control.c...
compiling TimeBase.c...
compiling Encoder.c...
linking...
Program Size: Code=45936 RO-data=6776 RW-data=484 ZI-data=1924  
FromELF: creating hex file...
"..\OBJ\NRF24L01.axf" - 0 Error(s), 11 Warning(s).
Load "..\\OBJ\\NRF24L01.axf" 
Set JLink Project File to "E:\github\ElectronicDesignContest\UpperMachine\实验33 无线通信实验\USER\JLinkSettings.ini"
* JLink Info: Device "STM32F103ZE" selected (512 KB flash, 64 KB RAM).
 
JLink info:
------------
DLL: V4.80g, compiled Feb 13 2014 20:50:02
Firmware: J-Link ARM V8 compiled Nov 25 2013 19:20:08
Hardware: V8.00
S/N : 99999994 
Feature(s) : RDI,FlashDL,FlashBP,JFlash,GDBFULL 
 
* JLink Info: Found SWD-DP with ID 0x1BA01477
* JLink Info: Found SWD-DP with ID 0x1BA01477
* JLink Info: Found Cortex-M3 r1p1, Little endian.
* JLink Info: FPUnit: 6 code (BP) slots and 2 literal slots
* JLink Info: TPIU fitted.
* JLink Info: ETM fitted.
ROMTableAddr = 0xE00FF003
 
Target info:
------------
Device: STM32F103ZE
VTarget = 3.254V
State of Pins: 
TCK: 0, TDI: 1, TDO: 1, TMS: 1, TRES: 1, TRST: 1
Hardware-Breakpoints: 6
Software-Breakpoints: 8192
Watchpoints:          4
JTAG speed: 4000 kHz
 
Erase Done.
Programming Done.
Verify OK.
Application running ...
</pre>
</body>
</html>
 = 3.254V
State of Pins: 
TCK: 0, TDI: 1, TDO: 1, TMS: 1, TRES: 1, TRST: 1
Hardware-Breakpoints: 6
Software-Breakpoints: 8192
Watchpoints:          4
JTAG speed: 4000 kHz
 
Erase Done.
Programming Done.
Verify OK.
Application running ...
