<html>
<body>
<pre>
<h1>礦ision Build Log</h1>
<h2>Project:</h2>
E:\github\ElectronicDesignContest\UpperMachine\实验33 无线通信实验\USER\NRF24L01.uvprojx
Project File Date:  08/11/2015

<h2>Output:</h2>
Build target 'NRF24L01'
compiling main.c...
main.c(49): warning:  #177-D: variable "t" was declared but never referenced
        u8 t=0; 
main.c(50): warning:  #177-D: variable "stri" was declared but never referenced
        u8 stri=0;
main.c(51): warning:  #177-D: variable "pitch" was declared but never referenced
        float pitch,roll,yaw;           //欧拉角
main.c(51): warning:  #177-D: variable "roll" was declared but never referenced
        float pitch,roll,yaw;           //欧拉角
main.c(51): warning:  #177-D: variable "yaw" was declared but never referenced
        float pitch,roll,yaw;           //欧拉角
main.c(52): warning:  #177-D: variable "aacx" was declared but never referenced
        short aacx,aacy,aacz;           //加速度传感器原始数据
main.c(52): warning:  #177-D: variable "aacy" was declared but never referenced
        short aacx,aacy,aacz;           //加速度传感器原始数据
main.c(52): warning:  #177-D: variable "aacz" was declared but never referenced
        short aacx,aacy,aacz;           //加速度传感器原始数据
main.c(53): warning:  #177-D: variable "gyrox" was declared but never referenced
        short gyrox,gyroy,gyroz;        //陀螺仪原始数据
main.c(53): warning:  #177-D: variable "gyroy" was declared but never referenced
        short gyrox,gyroy,gyroz;        //陀螺仪原始数据
main.c(53): warning:  #177-D: variable "gyroz" was declared but never referenced
        short gyrox,gyroy,gyroz;        //陀螺仪原始数据
main.c(54): warning:  #177-D: variable "temp" was declared but never referenced
        short temp;                                     //温度  
main.c: 12 warnings, 0 errors
compiling mytask.c...
compiling init.c...
compiling menu.c...
linking...
Program Size: Code=51630 RO-data=11918 RW-data=3628 ZI-data=1924  
FromELF: creating hex file...
"..\OBJ\NRF24L01.axf" - 0 Error(s), 12 Warning(s).
Load "..\\OBJ\\NRF24L01.axf" 
Set JLink Project File to "E:\github\ElectronicDesignContest\UpperMachine\实验33 无线通信实验\USER\JLinkSettings.ini"
* JLink Info: Device "STM32F103ZE" selected (512 KB flash, 64 KB RAM).
 
JLink info:
------------
DLL: V4.80g, compiled Feb 13 2014 20:50:02
Firmware: J-Link ARM V8 compiled Nov 25 2013 19:20:08
Hardware: V8.00
S/N : 99999994 
Feature(s) : RDI,FlashDL,FlashBP,JFlash,GDBFULL 
 
* JLink Info: Found SWD-DP with ID 0x1BA01477
* JLink Info: Found SWD-DP with ID 0x1BA01477
* JLink Info: Found Cortex-M3 r1p1, Little endian.
* JLink Info: FPUnit: 6 code (BP) slots and 2 literal slots
* JLink Info: TPIU fitted.
* JLink Info: ETM fitted.
ROMTableAddr = 0xE00FF003
 
Target info:
------------
Device: STM32F103ZE
VTarget = 3.267V
State of Pins: 
TCK: 0, TDI: 0, TDO: 1, TMS: 1, TRES: 1, TRST: 1
Hardware-Breakpoints: 6
Software-Breakpoints: 8192
Watchpoints:          4
JTAG speed: 4000 kHz
 
Erase Done.
Programming Done.
Verify OK.
Application running ...
</pre>
</body>
</html>
nload failed  -  "Cortex-M3"
***JLink Error: Could not read memory location 0x20000000 when trying to clear soft RAM BP
Load "..\\OBJ\\NRF24L01.axf" 
Set JLink Project File to "E:\github\ElectronicDesignContest\UpperMachine\实验33 无线通信实验\USER\JLinkSettings.ini"
* JLink Info: Device "STM32F103ZE" selected (512 KB flash, 64 KB RAM).
 
JLink info:
------------
DLL: V4.80g, compiled Feb 13 2014 20:50:02
Firmware: J-Link ARM V8 compiled Nov 25 2013 19:20:08
Hardware: V8.00
S/N : 99999994 
Feature(s) : RDI,FlashDL,FlashBP,JFlash,GDBFULL 
 
* JLink Info: Found SWD-DP with ID 0x1BA01477
* JLink Info: Found SWD-DP with ID 0x1BA01477
* JLink Info: Found Cortex-M3 r1p1, Little endian.
* JLink Info: FPUnit: 6 code (BP) slots and 2 literal slots
* JLink Info: TPIU fitted.
* JLink Info: ETM fitted.
ROMTableAddr = 0xE00FF003
 
Target info:
------------
Device: STM32F103ZE
VTarget = 3.267V
State of Pins: 
TCK: 0, TDI: 0, TDO: 1, TMS: 1, TRES: 1, TRST: 1
Hardware-Breakpoints: 6
Software-Breakpoints: 8192
Watchpoints:          4
JTAG speed: 4000 kHz
 
Erase Done.
Programming Done.
Verify OK.
Application running ...
 Info: Device "STM32F103ZE" selected (512 KB flash, 64 KB RAM).
 
JLink info:
------------
DLL: V4.80g, compiled Feb 13 2014 20:50:02
Firmware: J-Link ARM V8 compiled Nov 25 2013 19:20:08
Hardware: V8.00
S/N : 99999994 
Feature(s) : RDI,FlashDL,FlashBP,JFlash,GDBFULL 
 
* JLink Info: Found SWD-DP with ID 0x1BA01477
* JLink Info: Found SWD-DP with ID 0x1BA01477
* JLink Info: Found Cortex-M3 r1p1, Little endian.
* JLink Info: FPUnit: 6 code (BP) slots and 2 literal slots
* JLink Info: TPIU fitted.
* JLink Info: ETM fitted.
ROMTableAddr = 0xE00FF003
 
Target info:
------------
Device: STM32F103ZE
VTarget = 3.267V
State of Pins: 
TCK: 0, TDI: 0, TDO: 1, TMS: 1, TRES: 1, TRST: 1
Hardware-Breakpoints: 6
Software-Breakpoints: 8192
Watchpoints:          4
JTAG speed: 4000 kHz
 
Erase Done.
Programming Done.
Verify OK.
Application running ...
