<html>
<body>
<pre>
<h1>µVision Build Log</h1>
<h2>Project:</h2>
E:\±ÈÈüÄ£°å\USER\TEST.uvproj
Project File Date:  04/14/2013

<h2>Output:</h2>
Build target 'Target 1'
compiling main.c...
compiling Compare.c...
compiling delay.c...
compiling pwm.c...
compiling sys.c...
compiling usart.c...
compiling misc.c...
compiling stm32f10x_adc.c...
compiling stm32f10x_bkp.c...
compiling stm32f10x_can.c...
compiling stm32f10x_cec.c...
compiling stm32f10x_crc.c...
compiling stm32f10x_dac.c...
compiling stm32f10x_dbgmcu.c...
compiling stm32f10x_dma.c...
compiling stm32f10x_exti.c...
compiling stm32f10x_flash.c...
compiling stm32f10x_fsmc.c...
compiling stm32f10x_gpio.c...
compiling stm32f10x_i2c.c...
compiling stm32f10x_iwdg.c...
compiling stm32f10x_pwr.c...
compiling stm32f10x_rcc.c...
compiling stm32f10x_rtc.c...
compiling stm32f10x_sdio.c...
compiling stm32f10x_spi.c...
compiling stm32f10x_tim.c...
compiling stm32f10x_usart.c...
compiling stm32f10x_wwdg.c...
compiling core_cm3.c...
compiling system_stm32f10x.c...
assembling startup_stm32f10x_hd.s...
linking...
Program Size: Code=13628 RO-data=348 RW-data=76 ZI-data=1876  
"..\LISTING\TEST.axf" - 0 Error(s), 0 Warning(s).
Load "..\\LISTING\\TEST.AXF" 
JLink Speed: 2000 kHz
VTarget = 3.215V
DLL version V4.03r, compiled Mar  9 2009 18:04:21
Firmware: J-Link ARM V8 compiled Nov 14 2012 22:34:52
Hardware: V8.00
TotalIRLen = 9, IRPrint = 0x0011
Found Cortex-M3 r1p1, Little endian.
TPIU fitted.
ETM fitted.
  FPUnit: 6 code (BP) slots and 2 literal slots
Hardware-Breakpoints: 6
Software-Breakpoints: 2048
Watchpoints:          0
TotalIRLen = 9, IRPrint = 0x0011
Found Cortex-M3 r1p1, Little endian.
TPIU fitted.
ETM fitted.
  FPUnit: 6 code (BP) slots and 2 literal slots
TotalIRLen = 9, IRPrint = 0x0011
Found Cortex-M3 r1p1, Little endian.
TPIU fitted.
ETM fitted.
  FPUnit: 6 code (BP) slots and 2 literal slots
Found Cortex-M3 r1p1, Little endian.
TPIU fitted.
ETM fitted.
  FPUnit: 6 code (BP) slots and 2 literal slots
TotalIRLen = 9, IRPrint = 0x0011
Found Cortex-M3 r1p1, Little endian.
TPIU fitted.
ETM fitted.
  FPUnit: 6 code (BP) slots and 2 literal slots
Erase Done.
Programming Done.
Verify OK.
Load "..\\LISTING\\TEST.AXF" 
JLink Speed: 2000 kHz
VTarget = 3.215V
DLL version V4.03r, compiled Mar  9 2009 18:04:21
Firmware: J-Link ARM V8 compiled Nov 14 2012 22:34:52
Hardware: V8.00
TotalIRLen = 9, IRPrint = 0x0011
Found Cortex-M3 r1p1, Little endian.
TPIU fitted.
ETM fitted.
  FPUnit: 6 code (BP) slots and 2 literal slots
Hardware-Breakpoints: 6
Software-Breakpoints: 2048
Watchpoints:          0
TotalIRLen = 9, IRPrint = 0x0011
Found Cortex-M3 r1p1, Little endian.
TPIU fitted.
ETM fitted.
  FPUnit: 6 code (BP) slots and 2 literal slots
TotalIRLen = 9, IRPrint = 0x0011
Found Cortex-M3 r1p1, Little endian.
TPIU fitted.
ETM fitted.
  FPUnit: 6 code (BP) slots and 2 literal slots
Found Cortex-M3 r1p1, Little endian.
TPIU fitted.
ETM fitted.
  FPUnit: 6 code (BP) slots and 2 literal slots
TotalIRLen = 9, IRPrint = 0x0011
Found Cortex-M3 r1p1, Little endian.
TPIU fitted.
ETM fitted.
  FPUnit: 6 code (BP) slots and 2 literal slots
Erase Done.
Programming Done.
Verify OK.
TotalIRLen = 9, IRPrint = 0x0011
Found Cortex-M3 r1p1, Little endian.
TPIU fitted.
ETM fitted.
  FPUnit: 6 code (BP) slots and 2 literal slots
Application running ...
Build target 'Target 1'
compiling main.c...
compiling Compare.c...
compiling delay.c...
compiling pwm.c...
compiling sys.c...
compiling usart.c...
compiling misc.c...
compiling stm32f10x_adc.c...
compiling stm32f10x_bkp.c...
compiling stm32f10x_can.c...
compiling stm32f10x_cec.c...
compiling stm32f10x_crc.c...
compiling stm32f10x_dac.c...
compiling stm32f10x_dbgmcu.c...
compiling stm32f10x_dma.c...
compiling stm32f10x_exti.c...
compiling stm32f10x_flash.c...
compiling stm32f10x_fsmc.c...
compiling stm32f10x_gpio.c...
compiling stm32f10x_i2c.c...
compiling stm32f10x_iwdg.c...
compiling stm32f10x_pwr.c...
compiling stm32f10x_rcc.c...
compiling stm32f10x_rtc.c...
compiling stm32f10x_sdio.c...
compiling stm32f10x_spi.c...
compiling stm32f10x_tim.c...
compiling stm32f10x_usart.c...
compiling stm32f10x_wwdg.c...
compiling core_cm3.c...
compiling system_stm32f10x.c...
assembling startup_stm32f10x_hd.s...
linking...
Program Size: Code=11208 RO-data=336 RW-data=68 ZI-data=1028  
"..\LISTING\TEST.axf" - 0 Error(s), 0 Warning(s).
Load "..\\LISTING\\TEST.AXF" 
JLink Speed: 2000 kHz
VTarget = 3.215V
DLL version V4.03r, compiled Mar  9 2009 18:04:21
Firmware: J-Link ARM V8 compiled Nov 14 2012 22:34:52
Hardware: V8.00
TotalIRLen = 9, IRPrint = 0x0011
Found Cortex-M3 r1p1, Little endian.
TPIU fitted.
ETM fitted.
  FPUnit: 6 code (BP) slots and 2 literal slots
Hardware-Breakpoints: 6
Software-Breakpoints: 2048
Watchpoints:          0
TotalIRLen = 9, IRPrint = 0x0011
Found Cortex-M3 r1p1, Little endian.
TPIU fitted.
ETM fitted.
  FPUnit: 6 code (BP) slots and 2 literal slots
TotalIRLen = 9, IRPrint = 0x0011
Found Cortex-M3 r1p1, Little endian.
TPIU fitted.
ETM fitted.
  FPUnit: 6 code (BP) slots and 2 literal slots
Found Cortex-M3 r1p1, Little endian.
TPIU fitted.
ETM fitted.
  FPUnit: 6 code (BP) slots and 2 literal slots
TotalIRLen = 9, IRPrint = 0x0011
Found Cortex-M3 r1p1, Little endian.
TPIU fitted.
ETM fitted.
  FPUnit: 6 code (BP) slots and 2 literal slots
Erase Done.
Programming Done.
Verify OK.
TotalIRLen = 9, IRPrint = 0x0011
Found Cortex-M3 r1p1, Little endian.
TPIU fitted.
ETM fitted.
  FPUnit: 6 code (BP) slots and 2 literal slots
Application running ...
